
> focus-flow-extension@1.0.0 test
> vitest run


 RUN  v1.6.1 /Users/ravindradave/Documents/Github/focus-flow-extension

stdout | tests/unit/blocked-page.test.ts > Blocked Page Theme System > Theme Loading on Page Load > should load theme from chrome.storage.sync on initialization
[Blocked Page] Theme loaded: modern
[Blocked Page] Theme loaded: cyber

 ✓ tests/unit/services/analytics-repository.test.ts  (24 tests) 16ms
stderr | tests/unit/background/nuclear-mode-manager.test.ts > NuclearModeManager > isActive > should deactivate if integrity check fails
Force deactivating nuclear mode: Integrity check failed - possible tampering detected

stderr | tests/unit/background/nuclear-mode-manager.test.ts > NuclearModeManager > detectTimeManipulation > should detect backward time jump
Time manipulation detected: clock moved backward by 10 minutes

stderr | tests/integration/theme-sync.test.ts > Theme Integration > useTheme Hook Integration > should save theme to chrome.storage when setTheme is called
Warning: An update to TestComponent inside a test was not wrapped in act(...).

When testing, code that causes React state updates should be wrapped into act(...):

act(() => {
  /* fire events that update state */
});
/* assert on the output */

This ensures that you're testing the behavior the user would see in the browser. Learn more at https://reactjs.org/link/wrap-tests-with-act
    at TestComponent (/Users/ravindradave/Documents/Github/focus-flow-extension/node_modules/@testing-library/react/dist/pure.js:307:5)

 ✓ tests/unit/background/nuclear-mode-manager.test.ts  (29 tests) 40ms
stdout | tests/unit/blocked-page.test.ts > Blocked Page Theme System > Theme Loading on Page Load > should apply modern theme by default when no stored theme exists
[Blocked Page] Theme loaded: modern
[Blocked Page] Theme loaded: modern

stdout | tests/unit/background/analytics-tracker.test.ts > AnalyticsTracker > Achievement Tracking > should award "First Pomodoro" achievement
🎉 Achievement unlocked: First Pomodoro

stdout | tests/unit/background/analytics-tracker.test.ts > AnalyticsTracker > Achievement Tracking > should award "Century Club" achievement at 100 Pomodoros
🎉 Achievement unlocked: Century Club

stdout | tests/unit/background/analytics-tracker.test.ts > AnalyticsTracker > Achievement Tracking > should award "Streak Warrior" at 7-day streak
🎉 Achievement unlocked: Streak Warrior

 ✓ tests/unit/background/analytics-tracker.test.ts  (17 tests) 32ms
stderr | tests/integration/theme-sync.test.ts > Theme Integration > useTheme Hook Integration > should update theme state immediately when setTheme is called
Warning: An update to TestComponent inside a test was not wrapped in act(...).

When testing, code that causes React state updates should be wrapped into act(...):

act(() => {
  /* fire events that update state */
});
/* assert on the output */

This ensures that you're testing the behavior the user would see in the browser. Learn more at https://reactjs.org/link/wrap-tests-with-act
    at TestComponent (/Users/ravindradave/Documents/Github/focus-flow-extension/node_modules/@testing-library/react/dist/pure.js:307:5)

stdout | tests/unit/blocked-page.test.ts > Blocked Page Theme System > Theme Loading on Page Load > should apply zen theme when stored in chrome.storage
[Blocked Page] Theme loaded: modern
[Blocked Page] Theme loaded: zen

stderr | tests/integration/theme-sync.test.ts > Theme Integration > useTheme Hook Integration > should update theme when storage changes from another page
Warning: An update to TestComponent inside a test was not wrapped in act(...).

When testing, code that causes React state updates should be wrapped into act(...):

act(() => {
  /* fire events that update state */
});
/* assert on the output */

This ensures that you're testing the behavior the user would see in the browser. Learn more at https://reactjs.org/link/wrap-tests-with-act
    at TestComponent (/Users/ravindradave/Documents/Github/focus-flow-extension/node_modules/@testing-library/react/dist/pure.js:307:5)

stdout | tests/unit/blocked-page.test.ts > Blocked Page Theme System > Theme Loading on Page Load > should set data-theme attribute on body element
[Blocked Page] Theme loaded: modern
[Blocked Page] Theme loaded: modern

stdout | tests/unit/blocked-page.test.ts > Blocked Page Theme System > Real-Time Theme Updates > should register storage change listener on initialization
[Blocked Page] Theme loaded: modern
[Blocked Page] Theme loaded: modern

stdout | tests/unit/blocked-page.test.ts > Blocked Page Theme System > Real-Time Theme Updates > should update data-theme when visual_theme changes in storage
[Blocked Page] Theme loaded: modern
[Blocked Page] Theme loaded: modern

stderr | tests/integration/theme-sync.test.ts > Theme Integration > Cross-Page Synchronization > should synchronize theme across multiple hook instances
Warning: An update to TestComponent inside a test was not wrapped in act(...).

When testing, code that causes React state updates should be wrapped into act(...):

act(() => {
  /* fire events that update state */
});
/* assert on the output */

This ensures that you're testing the behavior the user would see in the browser. Learn more at https://reactjs.org/link/wrap-tests-with-act
    at TestComponent (/Users/ravindradave/Documents/Github/focus-flow-extension/node_modules/@testing-library/react/dist/pure.js:307:5)

stdout | tests/unit/blocked-page.test.ts > Blocked Page Theme System > Real-Time Theme Updates > should update data-theme when visual_theme changes in storage
[Blocked Page] Theme changed to: cyber
[Blocked Page] Theme changed to: cyber

stderr | tests/integration/theme-sync.test.ts > Theme Integration > Cross-Page Synchronization > should synchronize theme across multiple hook instances
Warning: An update to TestComponent inside a test was not wrapped in act(...).

When testing, code that causes React state updates should be wrapped into act(...):

act(() => {
  /* fire events that update state */
});
/* assert on the output */

This ensures that you're testing the behavior the user would see in the browser. Learn more at https://reactjs.org/link/wrap-tests-with-act
    at TestComponent (/Users/ravindradave/Documents/Github/focus-flow-extension/node_modules/@testing-library/react/dist/pure.js:307:5)
Warning: An update to TestComponent inside a test was not wrapped in act(...).

When testing, code that causes React state updates should be wrapped into act(...):

act(() => {
  /* fire events that update state */
});
/* assert on the output */

This ensures that you're testing the behavior the user would see in the browser. Learn more at https://reactjs.org/link/wrap-tests-with-act
    at TestComponent (/Users/ravindradave/Documents/Github/focus-flow-extension/node_modules/@testing-library/react/dist/pure.js:307:5)

stdout | tests/unit/blocked-page.test.ts > Blocked Page Theme System > Real-Time Theme Updates > should update to zen theme when changed from modern
[Blocked Page] Theme loaded: modern
[Blocked Page] Theme loaded: modern

stderr | tests/integration/theme-sync.test.ts > Theme Integration > Cross-Page Synchronization > should handle rapid theme changes correctly
Warning: An update to TestComponent inside a test was not wrapped in act(...).

When testing, code that causes React state updates should be wrapped into act(...):

act(() => {
  /* fire events that update state */
});
/* assert on the output */

This ensures that you're testing the behavior the user would see in the browser. Learn more at https://reactjs.org/link/wrap-tests-with-act
    at TestComponent (/Users/ravindradave/Documents/Github/focus-flow-extension/node_modules/@testing-library/react/dist/pure.js:307:5)
Warning: An update to TestComponent inside a test was not wrapped in act(...).

When testing, code that causes React state updates should be wrapped into act(...):

act(() => {
  /* fire events that update state */
});
/* assert on the output */

This ensures that you're testing the behavior the user would see in the browser. Learn more at https://reactjs.org/link/wrap-tests-with-act
    at TestComponent (/Users/ravindradave/Documents/Github/focus-flow-extension/node_modules/@testing-library/react/dist/pure.js:307:5)
Warning: An update to TestComponent inside a test was not wrapped in act(...).

When testing, code that causes React state updates should be wrapped into act(...):

act(() => {
  /* fire events that update state */
});
/* assert on the output */

This ensures that you're testing the behavior the user would see in the browser. Learn more at https://reactjs.org/link/wrap-tests-with-act
    at TestComponent (/Users/ravindradave/Documents/Github/focus-flow-extension/node_modules/@testing-library/react/dist/pure.js:307:5)

stdout | tests/unit/options/DataConfig.test.tsx > Data Export/Import > Export Configuration (JSON) > should export configuration when Export Config button is clicked
Configuration exported successfully

stderr | tests/unit/options/DataConfig.test.tsx > Data Export/Import > Export Configuration (JSON) > should export configuration when Export Config button is clicked
Failed to fetch chart data: TypeError: sessionsResponse.data.map is not a function
    at fetchChartData (/Users/ravindradave/Documents/Github/focus-flow-extension/src/options/components/AnalyticsDashboard.tsx:80:59)
Error: Not implemented: navigation (except hash changes)
    at module.exports (/Users/ravindradave/Documents/Github/focus-flow-extension/node_modules/jsdom/lib/jsdom/browser/not-implemented.js:9:17)
    at navigateFetch (/Users/ravindradave/Documents/Github/focus-flow-extension/node_modules/jsdom/lib/jsdom/living/window/navigation.js:77:3)
    at exports.navigate (/Users/ravindradave/Documents/Github/focus-flow-extension/node_modules/jsdom/lib/jsdom/living/window/navigation.js:55:3)
    at Timeout._onTimeout (/Users/ravindradave/Documents/Github/focus-flow-extension/node_modules/jsdom/lib/jsdom/living/nodes/HTMLHyperlinkElementUtils-impl.js:81:7)
    at listOnTimeout (node:internal/timers:573:17)
    at processTimers (node:internal/timers:514:7) undefined

stderr | tests/integration/theme-sync.test.ts > Theme Integration > Cross-Page Synchronization > should handle concurrent theme changes from multiple sources
Warning: An update to TestComponent inside a test was not wrapped in act(...).

When testing, code that causes React state updates should be wrapped into act(...):

act(() => {
  /* fire events that update state */
});
/* assert on the output */

This ensures that you're testing the behavior the user would see in the browser. Learn more at https://reactjs.org/link/wrap-tests-with-act
    at TestComponent (/Users/ravindradave/Documents/Github/focus-flow-extension/node_modules/@testing-library/react/dist/pure.js:307:5)

stdout | tests/unit/blocked-page.test.ts > Blocked Page Theme System > Real-Time Theme Updates > should update to zen theme when changed from modern
[Blocked Page] Theme changed to: zen
[Blocked Page] Theme changed to: zen

stderr | tests/integration/theme-sync.test.ts > Theme Integration > Cross-Page Synchronization > should handle concurrent theme changes from multiple sources
Warning: An update to TestComponent inside a test was not wrapped in act(...).

When testing, code that causes React state updates should be wrapped into act(...):

act(() => {
  /* fire events that update state */
});
/* assert on the output */

This ensures that you're testing the behavior the user would see in the browser. Learn more at https://reactjs.org/link/wrap-tests-with-act
    at TestComponent (/Users/ravindradave/Documents/Github/focus-flow-extension/node_modules/@testing-library/react/dist/pure.js:307:5)
Warning: An update to TestComponent inside a test was not wrapped in act(...).

When testing, code that causes React state updates should be wrapped into act(...):

act(() => {
  /* fire events that update state */
});
/* assert on the output */

This ensures that you're testing the behavior the user would see in the browser. Learn more at https://reactjs.org/link/wrap-tests-with-act
    at TestComponent (/Users/ravindradave/Documents/Github/focus-flow-extension/node_modules/@testing-library/react/dist/pure.js:307:5)

stdout | tests/unit/options/DataConfig.test.tsx > Data Export/Import > Export Configuration (JSON) > should include version and exportedAt metadata in export
Configuration exported successfully

stderr | tests/unit/options/DataConfig.test.tsx > Data Export/Import > Export Configuration (JSON) > should include version and exportedAt metadata in export
Failed to fetch chart data: TypeError: sessionsResponse.data.map is not a function
    at fetchChartData (/Users/ravindradave/Documents/Github/focus-flow-extension/src/options/components/AnalyticsDashboard.tsx:80:59)
Error: Not implemented: navigation (except hash changes)
    at module.exports (/Users/ravindradave/Documents/Github/focus-flow-extension/node_modules/jsdom/lib/jsdom/browser/not-implemented.js:9:17)
    at navigateFetch (/Users/ravindradave/Documents/Github/focus-flow-extension/node_modules/jsdom/lib/jsdom/living/window/navigation.js:77:3)
    at exports.navigate (/Users/ravindradave/Documents/Github/focus-flow-extension/node_modules/jsdom/lib/jsdom/living/window/navigation.js:55:3)
    at Timeout._onTimeout (/Users/ravindradave/Documents/Github/focus-flow-extension/node_modules/jsdom/lib/jsdom/living/nodes/HTMLHyperlinkElementUtils-impl.js:81:7)
    at listOnTimeout (node:internal/timers:573:17)
    at processTimers (node:internal/timers:514:7) undefined

stdout | tests/unit/blocked-page.test.ts > Blocked Page Theme System > Real-Time Theme Updates > should only respond to sync storage area changes
[Blocked Page] Theme loaded: modern
[Blocked Page] Theme loaded: modern

stdout | tests/unit/options/DataConfig.test.tsx > Data Export/Import > Export Configuration (JSON) > should disable button while exporting
Configuration exported successfully

stderr | tests/unit/options/DataConfig.test.tsx > Data Export/Import > Export Configuration (JSON) > should disable button while exporting
Failed to fetch chart data: TypeError: sessionsResponse.data.map is not a function
    at fetchChartData (/Users/ravindradave/Documents/Github/focus-flow-extension/src/options/components/AnalyticsDashboard.tsx:80:59)

stderr | tests/integration/theme-sync.test.ts > Theme Integration > Theme Persistence > should persist theme selection across page reloads
Warning: An update to TestComponent inside a test was not wrapped in act(...).

When testing, code that causes React state updates should be wrapped into act(...):

act(() => {
  /* fire events that update state */
});
/* assert on the output */

This ensures that you're testing the behavior the user would see in the browser. Learn more at https://reactjs.org/link/wrap-tests-with-act
    at TestComponent (/Users/ravindradave/Documents/Github/focus-flow-extension/node_modules/@testing-library/react/dist/pure.js:307:5)

stderr | tests/unit/options/DataConfig.test.tsx > Data Export/Import > Import Configuration (JSON) > should trigger file input when Import Config button is clicked
Failed to fetch chart data: TypeError: sessionsResponse.data.map is not a function
    at fetchChartData (/Users/ravindradave/Documents/Github/focus-flow-extension/src/options/components/AnalyticsDashboard.tsx:80:59)
    at runNextTicks (node:internal/process/task_queues:60:5)
    at listOnTimeout (node:internal/timers:540:9)
    at processTimers (node:internal/timers:514:7)
Error: Not implemented: navigation (except hash changes)
    at module.exports (/Users/ravindradave/Documents/Github/focus-flow-extension/node_modules/jsdom/lib/jsdom/browser/not-implemented.js:9:17)
    at navigateFetch (/Users/ravindradave/Documents/Github/focus-flow-extension/node_modules/jsdom/lib/jsdom/living/window/navigation.js:77:3)
    at exports.navigate (/Users/ravindradave/Documents/Github/focus-flow-extension/node_modules/jsdom/lib/jsdom/living/window/navigation.js:55:3)
    at Timeout._onTimeout (/Users/ravindradave/Documents/Github/focus-flow-extension/node_modules/jsdom/lib/jsdom/living/nodes/HTMLHyperlinkElementUtils-impl.js:81:7)
    at listOnTimeout (node:internal/timers:573:17)
    at processTimers (node:internal/timers:514:7) undefined

stderr | tests/unit/options/DataConfig.test.tsx > Data Export/Import > Import Configuration (JSON) > should handle file selection for import
Failed to fetch chart data: TypeError: sessionsResponse.data.map is not a function
    at fetchChartData (/Users/ravindradave/Documents/Github/focus-flow-extension/src/options/components/AnalyticsDashboard.tsx:80:59)
    at runNextTicks (node:internal/process/task_queues:60:5)
    at listOnTimeout (node:internal/timers:540:9)
    at processTimers (node:internal/timers:514:7)

stdout | tests/unit/options/DataConfig.test.tsx > Data Export/Import > Export History (CSV) > should export history when Export History button is clicked
History exported successfully

stderr | tests/unit/options/DataConfig.test.tsx > Data Export/Import > Export History (CSV) > should export history when Export History button is clicked
Failed to fetch chart data: TypeError: sessionsResponse.data.map is not a function
    at fetchChartData (/Users/ravindradave/Documents/Github/focus-flow-extension/src/options/components/AnalyticsDashboard.tsx:80:59)
    at runNextTicks (node:internal/process/task_queues:60:5)
    at listOnTimeout (node:internal/timers:540:9)
    at processTimers (node:internal/timers:514:7)
Error: Not implemented: navigation (except hash changes)
    at module.exports (/Users/ravindradave/Documents/Github/focus-flow-extension/node_modules/jsdom/lib/jsdom/browser/not-implemented.js:9:17)
    at navigateFetch (/Users/ravindradave/Documents/Github/focus-flow-extension/node_modules/jsdom/lib/jsdom/living/window/navigation.js:77:3)
    at exports.navigate (/Users/ravindradave/Documents/Github/focus-flow-extension/node_modules/jsdom/lib/jsdom/living/window/navigation.js:55:3)
    at Timeout._onTimeout (/Users/ravindradave/Documents/Github/focus-flow-extension/node_modules/jsdom/lib/jsdom/living/nodes/HTMLHyperlinkElementUtils-impl.js:81:7)
    at listOnTimeout (node:internal/timers:573:17)
    at processTimers (node:internal/timers:514:7) undefined

stderr | tests/unit/options/DataConfig.test.tsx > Data Export/Import > Export History (CSV) > should show alert when no history data exists
Failed to fetch chart data: TypeError: sessionsResponse.data.map is not a function
    at fetchChartData (/Users/ravindradave/Documents/Github/focus-flow-extension/src/options/components/AnalyticsDashboard.tsx:80:59)
    at runNextTicks (node:internal/process/task_queues:60:5)
    at listOnTimeout (node:internal/timers:540:9)
    at processTimers (node:internal/timers:514:7)

stdout | tests/unit/blocked-page.test.ts > Blocked Page Theme System > Real-Time Theme Updates > should ignore changes to other storage keys
[Blocked Page] Theme loaded: modern
[Blocked Page] Theme loaded: modern

stdout | tests/unit/options/DataConfig.test.tsx > Data Export/Import > Export History (CSV) > should create CSV with correct headers
History exported successfully

stderr | tests/unit/options/DataConfig.test.tsx > Data Export/Import > Export History (CSV) > should create CSV with correct headers
Failed to fetch chart data: TypeError: sessionsResponse.data.map is not a function
    at fetchChartData (/Users/ravindradave/Documents/Github/focus-flow-extension/src/options/components/AnalyticsDashboard.tsx:80:59)
Error: Not implemented: navigation (except hash changes)
    at module.exports (/Users/ravindradave/Documents/Github/focus-flow-extension/node_modules/jsdom/lib/jsdom/browser/not-implemented.js:9:17)
    at navigateFetch (/Users/ravindradave/Documents/Github/focus-flow-extension/node_modules/jsdom/lib/jsdom/living/window/navigation.js:77:3)
    at exports.navigate (/Users/ravindradave/Documents/Github/focus-flow-extension/node_modules/jsdom/lib/jsdom/living/window/navigation.js:55:3)
    at Timeout._onTimeout (/Users/ravindradave/Documents/Github/focus-flow-extension/node_modules/jsdom/lib/jsdom/living/nodes/HTMLHyperlinkElementUtils-impl.js:81:7)
    at listOnTimeout (node:internal/timers:573:17)
    at processTimers (node:internal/timers:514:7) undefined

stderr | tests/unit/options/DataConfig.test.tsx > Data Export/Import > Reset All Data > should show confirmation dialogs before resetting
Failed to fetch chart data: TypeError: sessionsResponse.data.map is not a function
    at fetchChartData (/Users/ravindradave/Documents/Github/focus-flow-extension/src/options/components/AnalyticsDashboard.tsx:80:59)

stderr | tests/unit/options/DataConfig.test.tsx > Data Export/Import > Reset All Data > should clear all storage when user confirms with YES
Failed to fetch chart data: TypeError: sessionsResponse.data.map is not a function
    at fetchChartData (/Users/ravindradave/Documents/Github/focus-flow-extension/src/options/components/AnalyticsDashboard.tsx:80:59)

 ❯ tests/unit/options/App.test.tsx  (32 tests | 32 failed) 565ms
   ❯ tests/unit/options/App.test.tsx > Options App > Tab Navigation > should render all 6 tabs in sidebar
     → Cannot read properties of undefined (reading 'addListener')
   ❯ tests/unit/options/App.test.tsx > Options App > Tab Navigation > should show Dashboard tab by default
     → Cannot read properties of undefined (reading 'addListener')
   ❯ tests/unit/options/App.test.tsx > Options App > Tab Navigation > should switch to Timer Settings tab when clicked
     → Cannot read properties of undefined (reading 'addListener')
   ❯ tests/unit/options/App.test.tsx > Options App > Tab Navigation > should switch to Blocking Rules tab when clicked
     → Cannot read properties of undefined (reading 'addListener')
   ❯ tests/unit/options/App.test.tsx > Options App > Tab Navigation > should switch to Integrations tab when clicked
     → Cannot read properties of undefined (reading 'addListener')
   ❯ tests/unit/options/App.test.tsx > Options App > Tab Navigation > should switch to Gamification tab when clicked
     → Cannot read properties of undefined (reading 'addListener')
   ❯ tests/unit/options/App.test.tsx > Options App > Tab Navigation > should switch to Data & Config tab when clicked
     → Cannot read properties of undefined (reading 'addListener')
   ❯ tests/unit/options/App.test.tsx > Options App > Tab Navigation > should highlight active tab with accent color
     → Cannot read properties of undefined (reading 'addListener')
   ❯ tests/unit/options/App.test.tsx > Options App > Mobile Responsive Sidebar > should have hamburger menu button on mobile
     → Cannot read properties of undefined (reading 'addListener')
   ❯ tests/unit/options/App.test.tsx > Options App > Mobile Responsive Sidebar > should open sidebar when hamburger is clicked
     → Cannot read properties of undefined (reading 'addListener')
   ❯ tests/unit/options/App.test.tsx > Options App > Mobile Responsive Sidebar > should close sidebar when backdrop is clicked
     → Cannot read properties of undefined (reading 'addListener')
   ❯ tests/unit/options/App.test.tsx > Options App > Mobile Responsive Sidebar > should close sidebar when tab is selected on mobile
     → Cannot read properties of undefined (reading 'addListener')
   ❯ tests/unit/options/App.test.tsx > Options App > Dashboard Toggles > should load nuclear mode toggle state from storage
     → Cannot read properties of undefined (reading 'addListener')
   ❯ tests/unit/options/App.test.tsx > Options App > Dashboard Toggles > should load strict blocking toggle state from storage
     → Cannot read properties of undefined (reading 'addListener')
   ❯ tests/unit/options/App.test.tsx > Options App > Dashboard Toggles > should save nuclear mode toggle to storage when clicked
     → Cannot read properties of undefined (reading 'addListener')
   ❯ tests/unit/options/App.test.tsx > Options App > Dashboard Toggles > should save strict blocking toggle to storage when clicked
     → Cannot read properties of undefined (reading 'addListener')
   ❯ tests/unit/options/App.test.tsx > Options App > Dashboard Toggles > should update toggle UI optimistically
     → Cannot read properties of undefined (reading 'addListener')
   ❯ tests/unit/options/App.test.tsx > Options App > Dashboard Toggles > should disable toggles while loading
     → Cannot read properties of undefined (reading 'addListener')
   ❯ tests/unit/options/App.test.tsx > Options App > Theme Selector > should render all 3 theme options
     → Cannot read properties of undefined (reading 'addListener')
   ❯ tests/unit/options/App.test.tsx > Options App > Theme Selector > should highlight current theme
     → Cannot read properties of undefined (reading 'addListener')
   ❯ tests/unit/options/App.test.tsx > Options App > Theme Selector > should change theme when theme card is clicked
     → Cannot read properties of undefined (reading 'addListener')
   ❯ tests/unit/options/App.test.tsx > Options App > Sound Settings > should load sound settings from storage
     → Cannot read properties of undefined (reading 'addListener')
   ❯ tests/unit/options/App.test.tsx > Options App > Sound Settings > should save sound enabled toggle to storage
     → Cannot read properties of undefined (reading 'addListener')
   ❯ tests/unit/options/App.test.tsx > Options App > Sound Settings > should save volume changes to storage
     → Cannot read properties of undefined (reading 'addListener')
   ❯ tests/unit/options/App.test.tsx > Options App > Sound Settings > should disable volume slider when sound is off
     → Cannot read properties of undefined (reading 'addListener')
   ❯ tests/unit/options/App.test.tsx > Options App > Send Feedback Link > should render Send Feedback button in footer
     → Cannot read properties of undefined (reading 'addListener')
   ❯ tests/unit/options/App.test.tsx > Options App > Send Feedback Link > should open GitHub issues when clicked
     → Cannot read properties of undefined (reading 'addListener')
   ❯ tests/unit/options/App.test.tsx > Options App > Accessibility > should have proper heading hierarchy
     → Cannot read properties of undefined (reading 'addListener')
   ❯ tests/unit/options/App.test.tsx > Options App > Accessibility > should support keyboard navigation for tabs
     → Cannot read properties of undefined (reading 'addListener')
   ❯ tests/unit/options/App.test.tsx > Options App > Accessibility > should have aria-selected for active tab
     → Cannot read properties of undefined (reading 'addListener')
   ❯ tests/unit/options/App.test.tsx > Options App > Accessibility > should have aria-pressed for toggle buttons
     → Cannot read properties of undefined (reading 'addListener')
   ❯ tests/unit/options/App.test.tsx > Options App > Accessibility > should have proper focus rings on interactive elements
     → Cannot read properties of undefined (reading 'addListener')
stderr | tests/unit/options/App.test.tsx > Options App > Tab Navigation > should render all 6 tabs in sidebar
Failed to fetch analytics: TypeError: chrome.runtime.sendMessage is not a function
    at /Users/ravindradave/Documents/Github/focus-flow-extension/src/hooks/useAnalytics.ts:50:24
    at /Users/ravindradave/Documents/Github/focus-flow-extension/src/hooks/useAnalytics.ts:85:5
    at commitHookEffectListMount (/Users/ravindradave/Documents/Github/focus-flow-extension/node_modules/react-dom/cjs/react-dom.development.js:23189:26)
    at commitPassiveMountOnFiber (/Users/ravindradave/Documents/Github/focus-flow-extension/node_modules/react-dom/cjs/react-dom.development.js:24970:11)
    at commitPassiveMountEffects_complete (/Users/ravindradave/Documents/Github/focus-flow-extension/node_modules/react-dom/cjs/react-dom.development.js:24930:9)
    at commitPassiveMountEffects_begin (/Users/ravindradave/Documents/Github/focus-flow-extension/node_modules/react-dom/cjs/react-dom.development.js:24917:7)
    at commitPassiveMountEffects (/Users/ravindradave/Documents/Github/focus-flow-extension/node_modules/react-dom/cjs/react-dom.development.js:24905:3)
    at flushPassiveEffectsImpl (/Users/ravindradave/Documents/Github/focus-flow-extension/node_modules/react-dom/cjs/react-dom.development.js:27078:3)
    at flushPassiveEffects (/Users/ravindradave/Documents/Github/focus-flow-extension/node_modules/react-dom/cjs/react-dom.development.js:27023:14)
    at /Users/ravindradave/Documents/Github/focus-flow-extension/node_modules/react-dom/cjs/react-dom.development.js:26808:9
Failed to fetch chart data: TypeError: chrome.runtime.sendMessage is not a function
    at fetchChartData (/Users/ravindradave/Documents/Github/focus-flow-extension/src/options/components/AnalyticsDashboard.tsx:57:26)
    at /Users/ravindradave/Documents/Github/focus-flow-extension/src/options/components/AnalyticsDashboard.tsx:92:5
    at commitHookEffectListMount (/Users/ravindradave/Documents/Github/focus-flow-extension/node_modules/react-dom/cjs/react-dom.development.js:23189:26)
    at commitPassiveMountOnFiber (/Users/ravindradave/Documents/Github/focus-flow-extension/node_modules/react-dom/cjs/react-dom.development.js:24970:11)
    at commitPassiveMountEffects_complete (/Users/ravindradave/Documents/Github/focus-flow-extension/node_modules/react-dom/cjs/react-dom.development.js:24930:9)
    at commitPassiveMountEffects_begin (/Users/ravindradave/Documents/Github/focus-flow-extension/node_modules/react-dom/cjs/react-dom.development.js:24917:7)
    at commitPassiveMountEffects (/Users/ravindradave/Documents/Github/focus-flow-extension/node_modules/react-dom/cjs/react-dom.development.js:24905:3)
    at flushPassiveEffectsImpl (/Users/ravindradave/Documents/Github/focus-flow-extension/node_modules/react-dom/cjs/react-dom.development.js:27078:3)
    at flushPassiveEffects (/Users/ravindradave/Documents/Github/focus-flow-extension/node_modules/react-dom/cjs/react-dom.development.js:27023:14)
    at /Users/ravindradave/Documents/Github/focus-flow-extension/node_modules/react-dom/cjs/react-dom.development.js:26808:9
Error: Uncaught [TypeError: Cannot read properties of undefined (reading 'addListener')]
    at reportException (/Users/ravindradave/Documents/Github/focus-flow-extension/node_modules/jsdom/lib/jsdom/living/helpers/runtime-script-errors.js:66:24)
    at innerInvokeEventListeners (/Users/ravindradave/Documents/Github/focus-flow-extension/node_modules/jsdom/lib/jsdom/living/events/EventTarget-impl.js:353:9)
    at invokeEventListeners (/Users/ravindradave/Documents/Github/focus-flow-extension/node_modules/jsdom/lib/jsdom/living/events/EventTarget-impl.js:286:3)
    at HTMLUnknownElementImpl._dispatch (/Users/ravindradave/Documents/Github/focus-flow-extension/node_modules/jsdom/lib/jsdom/living/events/EventTarget-impl.js:233:9)
    at HTMLUnknownElementImpl.dispatchEvent (/Users/ravindradave/Documents/Github/focus-flow-extension/node_modules/jsdom/lib/jsdom/living/events/EventTarget-impl.js:104:17)
    at HTMLUnknownElement.dispatchEvent (/Users/ravindradave/Documents/Github/focus-flow-extension/node_modules/jsdom/lib/jsdom/living/generated/EventTarget.js:241:34)
    at Object.invokeGuardedCallbackDev (/Users/ravindradave/Documents/Github/focus-flow-extension/node_modules/react-dom/cjs/react-dom.development.js:4213:16)
    at invokeGuardedCallback (/Users/ravindradave/Documents/Github/focus-flow-extension/node_modules/react-dom/cjs/react-dom.development.js:4277:31)
    at reportUncaughtErrorInDEV (/Users/ravindradave/Documents/Github/focus-flow-extension/node_modules/react-dom/cjs/react-dom.development.js:22877:5)
    at captureCommitPhaseError (/Users/ravindradave/Documents/Github/focus-flow-extension/node_modules/react-dom/cjs/react-dom.development.js:27165:5) TypeError: Cannot read properties of undefined (reading 'addListener')
    at /Users/ravindradave/Documents/Github/focus-flow-extension/src/hooks/useTheme.ts:113:30
    at commitHookEffectListMount (/Users/ravindradave/Documents/Github/focus-flow-extension/node_modules/react-dom/cjs/react-dom.development.js:23189:26)
    at commitPassiveMountOnFiber (/Users/ravindradave/Documents/Github/focus-flow-extension/node_modules/react-dom/cjs/react-dom.development.js:24970:11)
    at commitPassiveMountEffects_complete (/Users/ravindradave/Documents/Github/focus-flow-extension/node_modules/react-dom/cjs/react-dom.development.js:24930:9)
    at commitPassiveMountEffects_begin (/Users/ravindradave/Documents/Github/focus-flow-extension/node_modules/react-dom/cjs/react-dom.development.js:24917:7)
    at commitPassiveMountEffects (/Users/ravindradave/Documents/Github/focus-flow-extension/node_modules/react-dom/cjs/react-dom.development.js:24905:3)
    at flushPassiveEffectsImpl (/Users/ravindradave/Documents/Github/focus-flow-extension/node_modules/react-dom/cjs/react-dom.development.js:27078:3)
    at flushPassiveEffects (/Users/ravindradave/Documents/Github/focus-flow-extension/node_modules/react-dom/cjs/react-dom.development.js:27023:14)
    at /Users/ravindradave/Documents/Github/focus-flow-extension/node_modules/react-dom/cjs/react-dom.development.js:26808:9
    at flushActQueue (/Users/ravindradave/Documents/Github/focus-flow-extension/node_modules/react/cjs/react.development.js:2667:24)
The above error occurred in the <App> component:

    at App (/Users/ravindradave/Documents/Github/focus-flow-extension/src/options/App.tsx:14:59)

Consider adding an error boundary to your tree to customize error handling behavior.
Visit https://reactjs.org/link/error-boundaries to learn more about error boundaries.

stderr | tests/unit/options/App.test.tsx > Options App > Tab Navigation > should show Dashboard tab by default
Failed to fetch analytics: TypeError: chrome.runtime.sendMessage is not a function
    at /Users/ravindradave/Documents/Github/focus-flow-extension/src/hooks/useAnalytics.ts:50:24
    at /Users/ravindradave/Documents/Github/focus-flow-extension/src/hooks/useAnalytics.ts:85:5
    at commitHookEffectListMount (/Users/ravindradave/Documents/Github/focus-flow-extension/node_modules/react-dom/cjs/react-dom.development.js:23189:26)
    at commitPassiveMountOnFiber (/Users/ravindradave/Documents/Github/focus-flow-extension/node_modules/react-dom/cjs/react-dom.development.js:24970:11)
    at commitPassiveMountEffects_complete (/Users/ravindradave/Documents/Github/focus-flow-extension/node_modules/react-dom/cjs/react-dom.development.js:24930:9)
    at commitPassiveMountEffects_begin (/Users/ravindradave/Documents/Github/focus-flow-extension/node_modules/react-dom/cjs/react-dom.development.js:24917:7)
    at commitPassiveMountEffects (/Users/ravindradave/Documents/Github/focus-flow-extension/node_modules/react-dom/cjs/react-dom.development.js:24905:3)
    at flushPassiveEffectsImpl (/Users/ravindradave/Documents/Github/focus-flow-extension/node_modules/react-dom/cjs/react-dom.development.js:27078:3)
    at flushPassiveEffects (/Users/ravindradave/Documents/Github/focus-flow-extension/node_modules/react-dom/cjs/react-dom.development.js:27023:14)
    at /Users/ravindradave/Documents/Github/focus-flow-extension/node_modules/react-dom/cjs/react-dom.development.js:26808:9
Failed to fetch chart data: TypeError: chrome.runtime.sendMessage is not a function
    at fetchChartData (/Users/ravindradave/Documents/Github/focus-flow-extension/src/options/components/AnalyticsDashboard.tsx:57:26)
    at /Users/ravindradave/Documents/Github/focus-flow-extension/src/options/components/AnalyticsDashboard.tsx:92:5
    at commitHookEffectListMount (/Users/ravindradave/Documents/Github/focus-flow-extension/node_modules/react-dom/cjs/react-dom.development.js:23189:26)
    at commitPassiveMountOnFiber (/Users/ravindradave/Documents/Github/focus-flow-extension/node_modules/react-dom/cjs/react-dom.development.js:24970:11)
    at commitPassiveMountEffects_complete (/Users/ravindradave/Documents/Github/focus-flow-extension/node_modules/react-dom/cjs/react-dom.development.js:24930:9)
    at commitPassiveMountEffects_begin (/Users/ravindradave/Documents/Github/focus-flow-extension/node_modules/react-dom/cjs/react-dom.development.js:24917:7)
    at commitPassiveMountEffects (/Users/ravindradave/Documents/Github/focus-flow-extension/node_modules/react-dom/cjs/react-dom.development.js:24905:3)
    at flushPassiveEffectsImpl (/Users/ravindradave/Documents/Github/focus-flow-extension/node_modules/react-dom/cjs/react-dom.development.js:27078:3)
    at flushPassiveEffects (/Users/ravindradave/Documents/Github/focus-flow-extension/node_modules/react-dom/cjs/react-dom.development.js:27023:14)
    at /Users/ravindradave/Documents/Github/focus-flow-extension/node_modules/react-dom/cjs/react-dom.development.js:26808:9
Error: Uncaught [TypeError: Cannot read properties of undefined (reading 'addListener')]
    at reportException (/Users/ravindradave/Documents/Github/focus-flow-extension/node_modules/jsdom/lib/jsdom/living/helpers/runtime-script-errors.js:66:24)
    at innerInvokeEventListeners (/Users/ravindradave/Documents/Github/focus-flow-extension/node_modules/jsdom/lib/jsdom/living/events/EventTarget-impl.js:353:9)
    at invokeEventListeners (/Users/ravindradave/Documents/Github/focus-flow-extension/node_modules/jsdom/lib/jsdom/living/events/EventTarget-impl.js:286:3)
    at HTMLUnknownElementImpl._dispatch (/Users/ravindradave/Documents/Github/focus-flow-extension/node_modules/jsdom/lib/jsdom/living/events/EventTarget-impl.js:233:9)
    at HTMLUnknownElementImpl.dispatchEvent (/Users/ravindradave/Documents/Github/focus-flow-extension/node_modules/jsdom/lib/jsdom/living/events/EventTarget-impl.js:104:17)
    at HTMLUnknownElement.dispatchEvent (/Users/ravindradave/Documents/Github/focus-flow-extension/node_modules/jsdom/lib/jsdom/living/generated/EventTarget.js:241:34)
    at Object.invokeGuardedCallbackDev (/Users/ravindradave/Documents/Github/focus-flow-extension/node_modules/react-dom/cjs/react-dom.development.js:4213:16)
    at invokeGuardedCallback (/Users/ravindradave/Documents/Github/focus-flow-extension/node_modules/react-dom/cjs/react-dom.development.js:4277:31)
    at reportUncaughtErrorInDEV (/Users/ravindradave/Documents/Github/focus-flow-extension/node_modules/react-dom/cjs/react-dom.development.js:22877:5)
    at captureCommitPhaseError (/Users/ravindradave/Documents/Github/focus-flow-extension/node_modules/react-dom/cjs/react-dom.development.js:27165:5) TypeError: Cannot read properties of undefined (reading 'addListener')
    at /Users/ravindradave/Documents/Github/focus-flow-extension/src/hooks/useTheme.ts:113:30
    at commitHookEffectListMount (/Users/ravindradave/Documents/Github/focus-flow-extension/node_modules/react-dom/cjs/react-dom.development.js:23189:26)
    at commitPassiveMountOnFiber (/Users/ravindradave/Documents/Github/focus-flow-extension/node_modules/react-dom/cjs/react-dom.development.js:24970:11)
    at commitPassiveMountEffects_complete (/Users/ravindradave/Documents/Github/focus-flow-extension/node_modules/react-dom/cjs/react-dom.development.js:24930:9)
    at commitPassiveMountEffects_begin (/Users/ravindradave/Documents/Github/focus-flow-extension/node_modules/react-dom/cjs/react-dom.development.js:24917:7)
    at commitPassiveMountEffects (/Users/ravindradave/Documents/Github/focus-flow-extension/node_modules/react-dom/cjs/react-dom.development.js:24905:3)
    at flushPassiveEffectsImpl (/Users/ravindradave/Documents/Github/focus-flow-extension/node_modules/react-dom/cjs/react-dom.development.js:27078:3)
    at flushPassiveEffects (/Users/ravindradave/Documents/Github/focus-flow-extension/node_modules/react-dom/cjs/react-dom.development.js:27023:14)
    at /Users/ravindradave/Documents/Github/focus-flow-extension/node_modules/react-dom/cjs/react-dom.development.js:26808:9
    at flushActQueue (/Users/ravindradave/Documents/Github/focus-flow-extension/node_modules/react/cjs/react.development.js:2667:24)
The above error occurred in the <App> component:

    at App (/Users/ravindradave/Documents/Github/focus-flow-extension/src/options/App.tsx:14:59)

Consider adding an error boundary to your tree to customize error handling behavior.
Visit https://reactjs.org/link/error-boundaries to learn more about error boundaries.

stderr | tests/unit/options/App.test.tsx > Options App > Tab Navigation > should switch to Timer Settings tab when clicked
Failed to fetch analytics: TypeError: chrome.runtime.sendMessage is not a function
    at /Users/ravindradave/Documents/Github/focus-flow-extension/src/hooks/useAnalytics.ts:50:24
    at /Users/ravindradave/Documents/Github/focus-flow-extension/src/hooks/useAnalytics.ts:85:5
    at commitHookEffectListMount (/Users/ravindradave/Documents/Github/focus-flow-extension/node_modules/react-dom/cjs/react-dom.development.js:23189:26)
    at commitPassiveMountOnFiber (/Users/ravindradave/Documents/Github/focus-flow-extension/node_modules/react-dom/cjs/react-dom.development.js:24970:11)
    at commitPassiveMountEffects_complete (/Users/ravindradave/Documents/Github/focus-flow-extension/node_modules/react-dom/cjs/react-dom.development.js:24930:9)
    at commitPassiveMountEffects_begin (/Users/ravindradave/Documents/Github/focus-flow-extension/node_modules/react-dom/cjs/react-dom.development.js:24917:7)
    at commitPassiveMountEffects (/Users/ravindradave/Documents/Github/focus-flow-extension/node_modules/react-dom/cjs/react-dom.development.js:24905:3)
    at flushPassiveEffectsImpl (/Users/ravindradave/Documents/Github/focus-flow-extension/node_modules/react-dom/cjs/react-dom.development.js:27078:3)
    at flushPassiveEffects (/Users/ravindradave/Documents/Github/focus-flow-extension/node_modules/react-dom/cjs/react-dom.development.js:27023:14)
    at /Users/ravindradave/Documents/Github/focus-flow-extension/node_modules/react-dom/cjs/react-dom.development.js:26808:9
Failed to fetch chart data: TypeError: chrome.runtime.sendMessage is not a function
    at fetchChartData (/Users/ravindradave/Documents/Github/focus-flow-extension/src/options/components/AnalyticsDashboard.tsx:57:26)
    at /Users/ravindradave/Documents/Github/focus-flow-extension/src/options/components/AnalyticsDashboard.tsx:92:5
    at commitHookEffectListMount (/Users/ravindradave/Documents/Github/focus-flow-extension/node_modules/react-dom/cjs/react-dom.development.js:23189:26)
    at commitPassiveMountOnFiber (/Users/ravindradave/Documents/Github/focus-flow-extension/node_modules/react-dom/cjs/react-dom.development.js:24970:11)
    at commitPassiveMountEffects_complete (/Users/ravindradave/Documents/Github/focus-flow-extension/node_modules/react-dom/cjs/react-dom.development.js:24930:9)
    at commitPassiveMountEffects_begin (/Users/ravindradave/Documents/Github/focus-flow-extension/node_modules/react-dom/cjs/react-dom.development.js:24917:7)
    at commitPassiveMountEffects (/Users/ravindradave/Documents/Github/focus-flow-extension/node_modules/react-dom/cjs/react-dom.development.js:24905:3)
    at flushPassiveEffectsImpl (/Users/ravindradave/Documents/Github/focus-flow-extension/node_modules/react-dom/cjs/react-dom.development.js:27078:3)
    at flushPassiveEffects (/Users/ravindradave/Documents/Github/focus-flow-extension/node_modules/react-dom/cjs/react-dom.development.js:27023:14)
    at /Users/ravindradave/Documents/Github/focus-flow-extension/node_modules/react-dom/cjs/react-dom.development.js:26808:9
Error: Uncaught [TypeError: Cannot read properties of undefined (reading 'addListener')]
    at reportException (/Users/ravindradave/Documents/Github/focus-flow-extension/node_modules/jsdom/lib/jsdom/living/helpers/runtime-script-errors.js:66:24)
    at innerInvokeEventListeners (/Users/ravindradave/Documents/Github/focus-flow-extension/node_modules/jsdom/lib/jsdom/living/events/EventTarget-impl.js:353:9)
    at invokeEventListeners (/Users/ravindradave/Documents/Github/focus-flow-extension/node_modules/jsdom/lib/jsdom/living/events/EventTarget-impl.js:286:3)
    at HTMLUnknownElementImpl._dispatch (/Users/ravindradave/Documents/Github/focus-flow-extension/node_modules/jsdom/lib/jsdom/living/events/EventTarget-impl.js:233:9)
    at HTMLUnknownElementImpl.dispatchEvent (/Users/ravindradave/Documents/Github/focus-flow-extension/node_modules/jsdom/lib/jsdom/living/events/EventTarget-impl.js:104:17)
    at HTMLUnknownElement.dispatchEvent (/Users/ravindradave/Documents/Github/focus-flow-extension/node_modules/jsdom/lib/jsdom/living/generated/EventTarget.js:241:34)
    at Object.invokeGuardedCallbackDev (/Users/ravindradave/Documents/Github/focus-flow-extension/node_modules/react-dom/cjs/react-dom.development.js:4213:16)
    at invokeGuardedCallback (/Users/ravindradave/Documents/Github/focus-flow-extension/node_modules/react-dom/cjs/react-dom.development.js:4277:31)
    at reportUncaughtErrorInDEV (/Users/ravindradave/Documents/Github/focus-flow-extension/node_modules/react-dom/cjs/react-dom.development.js:22877:5)
    at captureCommitPhaseError (/Users/ravindradave/Documents/Github/focus-flow-extension/node_modules/react-dom/cjs/react-dom.development.js:27165:5) TypeError: Cannot read properties of undefined (reading 'addListener')
    at /Users/ravindradave/Documents/Github/focus-flow-extension/src/hooks/useTheme.ts:113:30
    at commitHookEffectListMount (/Users/ravindradave/Documents/Github/focus-flow-extension/node_modules/react-dom/cjs/react-dom.development.js:23189:26)
    at commitPassiveMountOnFiber (/Users/ravindradave/Documents/Github/focus-flow-extension/node_modules/react-dom/cjs/react-dom.development.js:24970:11)
    at commitPassiveMountEffects_complete (/Users/ravindradave/Documents/Github/focus-flow-extension/node_modules/react-dom/cjs/react-dom.development.js:24930:9)
    at commitPassiveMountEffects_begin (/Users/ravindradave/Documents/Github/focus-flow-extension/node_modules/react-dom/cjs/react-dom.development.js:24917:7)
    at commitPassiveMountEffects (/Users/ravindradave/Documents/Github/focus-flow-extension/node_modules/react-dom/cjs/react-dom.development.js:24905:3)
    at flushPassiveEffectsImpl (/Users/ravindradave/Documents/Github/focus-flow-extension/node_modules/react-dom/cjs/react-dom.development.js:27078:3)
    at flushPassiveEffects (/Users/ravindradave/Documents/Github/focus-flow-extension/node_modules/react-dom/cjs/react-dom.development.js:27023:14)
    at /Users/ravindradave/Documents/Github/focus-flow-extension/node_modules/react-dom/cjs/react-dom.development.js:26808:9
    at flushActQueue (/Users/ravindradave/Documents/Github/focus-flow-extension/node_modules/react/cjs/react.development.js:2667:24)
The above error occurred in the <App> component:

    at App (/Users/ravindradave/Documents/Github/focus-flow-extension/src/options/App.tsx:14:59)

Consider adding an error boundary to your tree to customize error handling behavior.
Visit https://reactjs.org/link/error-boundaries to learn more about error boundaries.

stderr | tests/unit/options/App.test.tsx > Options App > Tab Navigation > should switch to Blocking Rules tab when clicked
Failed to fetch analytics: TypeError: chrome.runtime.sendMessage is not a function
    at /Users/ravindradave/Documents/Github/focus-flow-extension/src/hooks/useAnalytics.ts:50:24
    at /Users/ravindradave/Documents/Github/focus-flow-extension/src/hooks/useAnalytics.ts:85:5
    at commitHookEffectListMount (/Users/ravindradave/Documents/Github/focus-flow-extension/node_modules/react-dom/cjs/react-dom.development.js:23189:26)
    at commitPassiveMountOnFiber (/Users/ravindradave/Documents/Github/focus-flow-extension/node_modules/react-dom/cjs/react-dom.development.js:24970:11)
    at commitPassiveMountEffects_complete (/Users/ravindradave/Documents/Github/focus-flow-extension/node_modules/react-dom/cjs/react-dom.development.js:24930:9)
    at commitPassiveMountEffects_begin (/Users/ravindradave/Documents/Github/focus-flow-extension/node_modules/react-dom/cjs/react-dom.development.js:24917:7)
    at commitPassiveMountEffects (/Users/ravindradave/Documents/Github/focus-flow-extension/node_modules/react-dom/cjs/react-dom.development.js:24905:3)
    at flushPassiveEffectsImpl (/Users/ravindradave/Documents/Github/focus-flow-extension/node_modules/react-dom/cjs/react-dom.development.js:27078:3)
    at flushPassiveEffects (/Users/ravindradave/Documents/Github/focus-flow-extension/node_modules/react-dom/cjs/react-dom.development.js:27023:14)
    at /Users/ravindradave/Documents/Github/focus-flow-extension/node_modules/react-dom/cjs/react-dom.development.js:26808:9
Failed to fetch chart data: TypeError: chrome.runtime.sendMessage is not a function
    at fetchChartData (/Users/ravindradave/Documents/Github/focus-flow-extension/src/options/components/AnalyticsDashboard.tsx:57:26)
    at /Users/ravindradave/Documents/Github/focus-flow-extension/src/options/components/AnalyticsDashboard.tsx:92:5
    at commitHookEffectListMount (/Users/ravindradave/Documents/Github/focus-flow-extension/node_modules/react-dom/cjs/react-dom.development.js:23189:26)
    at commitPassiveMountOnFiber (/Users/ravindradave/Documents/Github/focus-flow-extension/node_modules/react-dom/cjs/react-dom.development.js:24970:11)
    at commitPassiveMountEffects_complete (/Users/ravindradave/Documents/Github/focus-flow-extension/node_modules/react-dom/cjs/react-dom.development.js:24930:9)
    at commitPassiveMountEffects_begin (/Users/ravindradave/Documents/Github/focus-flow-extension/node_modules/react-dom/cjs/react-dom.development.js:24917:7)
    at commitPassiveMountEffects (/Users/ravindradave/Documents/Github/focus-flow-extension/node_modules/react-dom/cjs/react-dom.development.js:24905:3)
    at flushPassiveEffectsImpl (/Users/ravindradave/Documents/Github/focus-flow-extension/node_modules/react-dom/cjs/react-dom.development.js:27078:3)
    at flushPassiveEffects (/Users/ravindradave/Documents/Github/focus-flow-extension/node_modules/react-dom/cjs/react-dom.development.js:27023:14)
    at /Users/ravindradave/Documents/Github/focus-flow-extension/node_modules/react-dom/cjs/react-dom.development.js:26808:9
Error: Uncaught [TypeError: Cannot read properties of undefined (reading 'addListener')]
    at reportException (/Users/ravindradave/Documents/Github/focus-flow-extension/node_modules/jsdom/lib/jsdom/living/helpers/runtime-script-errors.js:66:24)
    at innerInvokeEventListeners (/Users/ravindradave/Documents/Github/focus-flow-extension/node_modules/jsdom/lib/jsdom/living/events/EventTarget-impl.js:353:9)
    at invokeEventListeners (/Users/ravindradave/Documents/Github/focus-flow-extension/node_modules/jsdom/lib/jsdom/living/events/EventTarget-impl.js:286:3)
    at HTMLUnknownElementImpl._dispatch (/Users/ravindradave/Documents/Github/focus-flow-extension/node_modules/jsdom/lib/jsdom/living/events/EventTarget-impl.js:233:9)
    at HTMLUnknownElementImpl.dispatchEvent (/Users/ravindradave/Documents/Github/focus-flow-extension/node_modules/jsdom/lib/jsdom/living/events/EventTarget-impl.js:104:17)
    at HTMLUnknownElement.dispatchEvent (/Users/ravindradave/Documents/Github/focus-flow-extension/node_modules/jsdom/lib/jsdom/living/generated/EventTarget.js:241:34)
    at Object.invokeGuardedCallbackDev (/Users/ravindradave/Documents/Github/focus-flow-extension/node_modules/react-dom/cjs/react-dom.development.js:4213:16)
    at invokeGuardedCallback (/Users/ravindradave/Documents/Github/focus-flow-extension/node_modules/react-dom/cjs/react-dom.development.js:4277:31)
    at reportUncaughtErrorInDEV (/Users/ravindradave/Documents/Github/focus-flow-extension/node_modules/react-dom/cjs/react-dom.development.js:22877:5)
    at captureCommitPhaseError (/Users/ravindradave/Documents/Github/focus-flow-extension/node_modules/react-dom/cjs/react-dom.development.js:27165:5) TypeError: Cannot read properties of undefined (reading 'addListener')
    at /Users/ravindradave/Documents/Github/focus-flow-extension/src/hooks/useTheme.ts:113:30
    at commitHookEffectListMount (/Users/ravindradave/Documents/Github/focus-flow-extension/node_modules/react-dom/cjs/react-dom.development.js:23189:26)
    at commitPassiveMountOnFiber (/Users/ravindradave/Documents/Github/focus-flow-extension/node_modules/react-dom/cjs/react-dom.development.js:24970:11)
    at commitPassiveMountEffects_complete (/Users/ravindradave/Documents/Github/focus-flow-extension/node_modules/react-dom/cjs/react-dom.development.js:24930:9)
    at commitPassiveMountEffects_begin (/Users/ravindradave/Documents/Github/focus-flow-extension/node_modules/react-dom/cjs/react-dom.development.js:24917:7)
    at commitPassiveMountEffects (/Users/ravindradave/Documents/Github/focus-flow-extension/node_modules/react-dom/cjs/react-dom.development.js:24905:3)
    at flushPassiveEffectsImpl (/Users/ravindradave/Documents/Github/focus-flow-extension/node_modules/react-dom/cjs/react-dom.development.js:27078:3)
    at flushPassiveEffects (/Users/ravindradave/Documents/Github/focus-flow-extension/node_modules/react-dom/cjs/react-dom.development.js:27023:14)
    at /Users/ravindradave/Documents/Github/focus-flow-extension/node_modules/react-dom/cjs/react-dom.development.js:26808:9
    at flushActQueue (/Users/ravindradave/Documents/Github/focus-flow-extension/node_modules/react/cjs/react.development.js:2667:24)
The above error occurred in the <App> component:

    at App (/Users/ravindradave/Documents/Github/focus-flow-extension/src/options/App.tsx:14:59)

Consider adding an error boundary to your tree to customize error handling behavior.
Visit https://reactjs.org/link/error-boundaries to learn more about error boundaries.

stderr | tests/unit/options/App.test.tsx > Options App > Tab Navigation > should switch to Integrations tab when clicked
Failed to fetch analytics: TypeError: chrome.runtime.sendMessage is not a function
    at /Users/ravindradave/Documents/Github/focus-flow-extension/src/hooks/useAnalytics.ts:50:24
    at /Users/ravindradave/Documents/Github/focus-flow-extension/src/hooks/useAnalytics.ts:85:5
    at commitHookEffectListMount (/Users/ravindradave/Documents/Github/focus-flow-extension/node_modules/react-dom/cjs/react-dom.development.js:23189:26)
    at commitPassiveMountOnFiber (/Users/ravindradave/Documents/Github/focus-flow-extension/node_modules/react-dom/cjs/react-dom.development.js:24970:11)
    at commitPassiveMountEffects_complete (/Users/ravindradave/Documents/Github/focus-flow-extension/node_modules/react-dom/cjs/react-dom.development.js:24930:9)
    at commitPassiveMountEffects_begin (/Users/ravindradave/Documents/Github/focus-flow-extension/node_modules/react-dom/cjs/react-dom.development.js:24917:7)
    at commitPassiveMountEffects (/Users/ravindradave/Documents/Github/focus-flow-extension/node_modules/react-dom/cjs/react-dom.development.js:24905:3)
    at flushPassiveEffectsImpl (/Users/ravindradave/Documents/Github/focus-flow-extension/node_modules/react-dom/cjs/react-dom.development.js:27078:3)
    at flushPassiveEffects (/Users/ravindradave/Documents/Github/focus-flow-extension/node_modules/react-dom/cjs/react-dom.development.js:27023:14)
    at /Users/ravindradave/Documents/Github/focus-flow-extension/node_modules/react-dom/cjs/react-dom.development.js:26808:9
Failed to fetch chart data: TypeError: chrome.runtime.sendMessage is not a function
    at fetchChartData (/Users/ravindradave/Documents/Github/focus-flow-extension/src/options/components/AnalyticsDashboard.tsx:57:26)
    at /Users/ravindradave/Documents/Github/focus-flow-extension/src/options/components/AnalyticsDashboard.tsx:92:5
    at commitHookEffectListMount (/Users/ravindradave/Documents/Github/focus-flow-extension/node_modules/react-dom/cjs/react-dom.development.js:23189:26)
    at commitPassiveMountOnFiber (/Users/ravindradave/Documents/Github/focus-flow-extension/node_modules/react-dom/cjs/react-dom.development.js:24970:11)
    at commitPassiveMountEffects_complete (/Users/ravindradave/Documents/Github/focus-flow-extension/node_modules/react-dom/cjs/react-dom.development.js:24930:9)
    at commitPassiveMountEffects_begin (/Users/ravindradave/Documents/Github/focus-flow-extension/node_modules/react-dom/cjs/react-dom.development.js:24917:7)
    at commitPassiveMountEffects (/Users/ravindradave/Documents/Github/focus-flow-extension/node_modules/react-dom/cjs/react-dom.development.js:24905:3)
    at flushPassiveEffectsImpl (/Users/ravindradave/Documents/Github/focus-flow-extension/node_modules/react-dom/cjs/react-dom.development.js:27078:3)
    at flushPassiveEffects (/Users/ravindradave/Documents/Github/focus-flow-extension/node_modules/react-dom/cjs/react-dom.development.js:27023:14)
    at /Users/ravindradave/Documents/Github/focus-flow-extension/node_modules/react-dom/cjs/react-dom.development.js:26808:9
Error: Uncaught [TypeError: Cannot read properties of undefined (reading 'addListener')]
    at reportException (/Users/ravindradave/Documents/Github/focus-flow-extension/node_modules/jsdom/lib/jsdom/living/helpers/runtime-script-errors.js:66:24)
    at innerInvokeEventListeners (/Users/ravindradave/Documents/Github/focus-flow-extension/node_modules/jsdom/lib/jsdom/living/events/EventTarget-impl.js:353:9)
    at invokeEventListeners (/Users/ravindradave/Documents/Github/focus-flow-extension/node_modules/jsdom/lib/jsdom/living/events/EventTarget-impl.js:286:3)
    at HTMLUnknownElementImpl._dispatch (/Users/ravindradave/Documents/Github/focus-flow-extension/node_modules/jsdom/lib/jsdom/living/events/EventTarget-impl.js:233:9)
    at HTMLUnknownElementImpl.dispatchEvent (/Users/ravindradave/Documents/Github/focus-flow-extension/node_modules/jsdom/lib/jsdom/living/events/EventTarget-impl.js:104:17)
    at HTMLUnknownElement.dispatchEvent (/Users/ravindradave/Documents/Github/focus-flow-extension/node_modules/jsdom/lib/jsdom/living/generated/EventTarget.js:241:34)
    at Object.invokeGuardedCallbackDev (/Users/ravindradave/Documents/Github/focus-flow-extension/node_modules/react-dom/cjs/react-dom.development.js:4213:16)
    at invokeGuardedCallback (/Users/ravindradave/Documents/Github/focus-flow-extension/node_modules/react-dom/cjs/react-dom.development.js:4277:31)
    at reportUncaughtErrorInDEV (/Users/ravindradave/Documents/Github/focus-flow-extension/node_modules/react-dom/cjs/react-dom.development.js:22877:5)
    at captureCommitPhaseError (/Users/ravindradave/Documents/Github/focus-flow-extension/node_modules/react-dom/cjs/react-dom.development.js:27165:5) TypeError: Cannot read properties of undefined (reading 'addListener')
    at /Users/ravindradave/Documents/Github/focus-flow-extension/src/hooks/useTheme.ts:113:30
    at commitHookEffectListMount (/Users/ravindradave/Documents/Github/focus-flow-extension/node_modules/react-dom/cjs/react-dom.development.js:23189:26)
    at commitPassiveMountOnFiber (/Users/ravindradave/Documents/Github/focus-flow-extension/node_modules/react-dom/cjs/react-dom.development.js:24970:11)
    at commitPassiveMountEffects_complete (/Users/ravindradave/Documents/Github/focus-flow-extension/node_modules/react-dom/cjs/react-dom.development.js:24930:9)
    at commitPassiveMountEffects_begin (/Users/ravindradave/Documents/Github/focus-flow-extension/node_modules/react-dom/cjs/react-dom.development.js:24917:7)
    at commitPassiveMountEffects (/Users/ravindradave/Documents/Github/focus-flow-extension/node_modules/react-dom/cjs/react-dom.development.js:24905:3)
    at flushPassiveEffectsImpl (/Users/ravindradave/Documents/Github/focus-flow-extension/node_modules/react-dom/cjs/react-dom.development.js:27078:3)
    at flushPassiveEffects (/Users/ravindradave/Documents/Github/focus-flow-extension/node_modules/react-dom/cjs/react-dom.development.js:27023:14)
    at /Users/ravindradave/Documents/Github/focus-flow-extension/node_modules/react-dom/cjs/react-dom.development.js:26808:9
    at flushActQueue (/Users/ravindradave/Documents/Github/focus-flow-extension/node_modules/react/cjs/react.development.js:2667:24)
The above error occurred in the <App> component:

    at App (/Users/ravindradave/Documents/Github/focus-flow-extension/src/options/App.tsx:14:59)

Consider adding an error boundary to your tree to customize error handling behavior.
Visit https://reactjs.org/link/error-boundaries to learn more about error boundaries.

stderr | tests/unit/options/App.test.tsx > Options App > Tab Navigation > should switch to Gamification tab when clicked
Failed to fetch analytics: TypeError: chrome.runtime.sendMessage is not a function
    at /Users/ravindradave/Documents/Github/focus-flow-extension/src/hooks/useAnalytics.ts:50:24
    at /Users/ravindradave/Documents/Github/focus-flow-extension/src/hooks/useAnalytics.ts:85:5
    at commitHookEffectListMount (/Users/ravindradave/Documents/Github/focus-flow-extension/node_modules/react-dom/cjs/react-dom.development.js:23189:26)
    at commitPassiveMountOnFiber (/Users/ravindradave/Documents/Github/focus-flow-extension/node_modules/react-dom/cjs/react-dom.development.js:24970:11)
    at commitPassiveMountEffects_complete (/Users/ravindradave/Documents/Github/focus-flow-extension/node_modules/react-dom/cjs/react-dom.development.js:24930:9)
    at commitPassiveMountEffects_begin (/Users/ravindradave/Documents/Github/focus-flow-extension/node_modules/react-dom/cjs/react-dom.development.js:24917:7)
    at commitPassiveMountEffects (/Users/ravindradave/Documents/Github/focus-flow-extension/node_modules/react-dom/cjs/react-dom.development.js:24905:3)
    at flushPassiveEffectsImpl (/Users/ravindradave/Documents/Github/focus-flow-extension/node_modules/react-dom/cjs/react-dom.development.js:27078:3)
    at flushPassiveEffects (/Users/ravindradave/Documents/Github/focus-flow-extension/node_modules/react-dom/cjs/react-dom.development.js:27023:14)
    at /Users/ravindradave/Documents/Github/focus-flow-extension/node_modules/react-dom/cjs/react-dom.development.js:26808:9
Failed to fetch chart data: TypeError: chrome.runtime.sendMessage is not a function
    at fetchChartData (/Users/ravindradave/Documents/Github/focus-flow-extension/src/options/components/AnalyticsDashboard.tsx:57:26)
    at /Users/ravindradave/Documents/Github/focus-flow-extension/src/options/components/AnalyticsDashboard.tsx:92:5
    at commitHookEffectListMount (/Users/ravindradave/Documents/Github/focus-flow-extension/node_modules/react-dom/cjs/react-dom.development.js:23189:26)
    at commitPassiveMountOnFiber (/Users/ravindradave/Documents/Github/focus-flow-extension/node_modules/react-dom/cjs/react-dom.development.js:24970:11)
    at commitPassiveMountEffects_complete (/Users/ravindradave/Documents/Github/focus-flow-extension/node_modules/react-dom/cjs/react-dom.development.js:24930:9)
    at commitPassiveMountEffects_begin (/Users/ravindradave/Documents/Github/focus-flow-extension/node_modules/react-dom/cjs/react-dom.development.js:24917:7)
    at commitPassiveMountEffects (/Users/ravindradave/Documents/Github/focus-flow-extension/node_modules/react-dom/cjs/react-dom.development.js:24905:3)
    at flushPassiveEffectsImpl (/Users/ravindradave/Documents/Github/focus-flow-extension/node_modules/react-dom/cjs/react-dom.development.js:27078:3)
    at flushPassiveEffects (/Users/ravindradave/Documents/Github/focus-flow-extension/node_modules/react-dom/cjs/react-dom.development.js:27023:14)
    at /Users/ravindradave/Documents/Github/focus-flow-extension/node_modules/react-dom/cjs/react-dom.development.js:26808:9
Error: Uncaught [TypeError: Cannot read properties of undefined (reading 'addListener')]
    at reportException (/Users/ravindradave/Documents/Github/focus-flow-extension/node_modules/jsdom/lib/jsdom/living/helpers/runtime-script-errors.js:66:24)
    at innerInvokeEventListeners (/Users/ravindradave/Documents/Github/focus-flow-extension/node_modules/jsdom/lib/jsdom/living/events/EventTarget-impl.js:353:9)
    at invokeEventListeners (/Users/ravindradave/Documents/Github/focus-flow-extension/node_modules/jsdom/lib/jsdom/living/events/EventTarget-impl.js:286:3)
    at HTMLUnknownElementImpl._dispatch (/Users/ravindradave/Documents/Github/focus-flow-extension/node_modules/jsdom/lib/jsdom/living/events/EventTarget-impl.js:233:9)
    at HTMLUnknownElementImpl.dispatchEvent (/Users/ravindradave/Documents/Github/focus-flow-extension/node_modules/jsdom/lib/jsdom/living/events/EventTarget-impl.js:104:17)
    at HTMLUnknownElement.dispatchEvent (/Users/ravindradave/Documents/Github/focus-flow-extension/node_modules/jsdom/lib/jsdom/living/generated/EventTarget.js:241:34)
    at Object.invokeGuardedCallbackDev (/Users/ravindradave/Documents/Github/focus-flow-extension/node_modules/react-dom/cjs/react-dom.development.js:4213:16)
    at invokeGuardedCallback (/Users/ravindradave/Documents/Github/focus-flow-extension/node_modules/react-dom/cjs/react-dom.development.js:4277:31)
    at reportUncaughtErrorInDEV (/Users/ravindradave/Documents/Github/focus-flow-extension/node_modules/react-dom/cjs/react-dom.development.js:22877:5)
    at captureCommitPhaseError (/Users/ravindradave/Documents/Github/focus-flow-extension/node_modules/react-dom/cjs/react-dom.development.js:27165:5) TypeError: Cannot read properties of undefined (reading 'addListener')
    at /Users/ravindradave/Documents/Github/focus-flow-extension/src/hooks/useTheme.ts:113:30
    at commitHookEffectListMount (/Users/ravindradave/Documents/Github/focus-flow-extension/node_modules/react-dom/cjs/react-dom.development.js:23189:26)
    at commitPassiveMountOnFiber (/Users/ravindradave/Documents/Github/focus-flow-extension/node_modules/react-dom/cjs/react-dom.development.js:24970:11)
    at commitPassiveMountEffects_complete (/Users/ravindradave/Documents/Github/focus-flow-extension/node_modules/react-dom/cjs/react-dom.development.js:24930:9)
    at commitPassiveMountEffects_begin (/Users/ravindradave/Documents/Github/focus-flow-extension/node_modules/react-dom/cjs/react-dom.development.js:24917:7)
    at commitPassiveMountEffects (/Users/ravindradave/Documents/Github/focus-flow-extension/node_modules/react-dom/cjs/react-dom.development.js:24905:3)
    at flushPassiveEffectsImpl (/Users/ravindradave/Documents/Github/focus-flow-extension/node_modules/react-dom/cjs/react-dom.development.js:27078:3)
    at flushPassiveEffects (/Users/ravindradave/Documents/Github/focus-flow-extension/node_modules/react-dom/cjs/react-dom.development.js:27023:14)
    at /Users/ravindradave/Documents/Github/focus-flow-extension/node_modules/react-dom/cjs/react-dom.development.js:26808:9
    at flushActQueue (/Users/ravindradave/Documents/Github/focus-flow-extension/node_modules/react/cjs/react.development.js:2667:24)
The above error occurred in the <App> component:

    at App (/Users/ravindradave/Documents/Github/focus-flow-extension/src/options/App.tsx:14:59)

Consider adding an error boundary to your tree to customize error handling behavior.
Visit https://reactjs.org/link/error-boundaries to learn more about error boundaries.

stderr | tests/unit/options/App.test.tsx > Options App > Tab Navigation > should switch to Data & Config tab when clicked
Failed to fetch analytics: TypeError: chrome.runtime.sendMessage is not a function
    at /Users/ravindradave/Documents/Github/focus-flow-extension/src/hooks/useAnalytics.ts:50:24
    at /Users/ravindradave/Documents/Github/focus-flow-extension/src/hooks/useAnalytics.ts:85:5
    at commitHookEffectListMount (/Users/ravindradave/Documents/Github/focus-flow-extension/node_modules/react-dom/cjs/react-dom.development.js:23189:26)
    at commitPassiveMountOnFiber (/Users/ravindradave/Documents/Github/focus-flow-extension/node_modules/react-dom/cjs/react-dom.development.js:24970:11)
    at commitPassiveMountEffects_complete (/Users/ravindradave/Documents/Github/focus-flow-extension/node_modules/react-dom/cjs/react-dom.development.js:24930:9)
    at commitPassiveMountEffects_begin (/Users/ravindradave/Documents/Github/focus-flow-extension/node_modules/react-dom/cjs/react-dom.development.js:24917:7)
    at commitPassiveMountEffects (/Users/ravindradave/Documents/Github/focus-flow-extension/node_modules/react-dom/cjs/react-dom.development.js:24905:3)
    at flushPassiveEffectsImpl (/Users/ravindradave/Documents/Github/focus-flow-extension/node_modules/react-dom/cjs/react-dom.development.js:27078:3)
    at flushPassiveEffects (/Users/ravindradave/Documents/Github/focus-flow-extension/node_modules/react-dom/cjs/react-dom.development.js:27023:14)
    at /Users/ravindradave/Documents/Github/focus-flow-extension/node_modules/react-dom/cjs/react-dom.development.js:26808:9
Failed to fetch chart data: TypeError: chrome.runtime.sendMessage is not a function
    at fetchChartData (/Users/ravindradave/Documents/Github/focus-flow-extension/src/options/components/AnalyticsDashboard.tsx:57:26)
    at /Users/ravindradave/Documents/Github/focus-flow-extension/src/options/components/AnalyticsDashboard.tsx:92:5
    at commitHookEffectListMount (/Users/ravindradave/Documents/Github/focus-flow-extension/node_modules/react-dom/cjs/react-dom.development.js:23189:26)
    at commitPassiveMountOnFiber (/Users/ravindradave/Documents/Github/focus-flow-extension/node_modules/react-dom/cjs/react-dom.development.js:24970:11)
    at commitPassiveMountEffects_complete (/Users/ravindradave/Documents/Github/focus-flow-extension/node_modules/react-dom/cjs/react-dom.development.js:24930:9)
    at commitPassiveMountEffects_begin (/Users/ravindradave/Documents/Github/focus-flow-extension/node_modules/react-dom/cjs/react-dom.development.js:24917:7)
    at commitPassiveMountEffects (/Users/ravindradave/Documents/Github/focus-flow-extension/node_modules/react-dom/cjs/react-dom.development.js:24905:3)
    at flushPassiveEffectsImpl (/Users/ravindradave/Documents/Github/focus-flow-extension/node_modules/react-dom/cjs/react-dom.development.js:27078:3)
    at flushPassiveEffects (/Users/ravindradave/Documents/Github/focus-flow-extension/node_modules/react-dom/cjs/react-dom.development.js:27023:14)
    at /Users/ravindradave/Documents/Github/focus-flow-extension/node_modules/react-dom/cjs/react-dom.development.js:26808:9
Error: Uncaught [TypeError: Cannot read properties of undefined (reading 'addListener')]
    at reportException (/Users/ravindradave/Documents/Github/focus-flow-extension/node_modules/jsdom/lib/jsdom/living/helpers/runtime-script-errors.js:66:24)
    at innerInvokeEventListeners (/Users/ravindradave/Documents/Github/focus-flow-extension/node_modules/jsdom/lib/jsdom/living/events/EventTarget-impl.js:353:9)
    at invokeEventListeners (/Users/ravindradave/Documents/Github/focus-flow-extension/node_modules/jsdom/lib/jsdom/living/events/EventTarget-impl.js:286:3)
    at HTMLUnknownElementImpl._dispatch (/Users/ravindradave/Documents/Github/focus-flow-extension/node_modules/jsdom/lib/jsdom/living/events/EventTarget-impl.js:233:9)
    at HTMLUnknownElementImpl.dispatchEvent (/Users/ravindradave/Documents/Github/focus-flow-extension/node_modules/jsdom/lib/jsdom/living/events/EventTarget-impl.js:104:17)
    at HTMLUnknownElement.dispatchEvent (/Users/ravindradave/Documents/Github/focus-flow-extension/node_modules/jsdom/lib/jsdom/living/generated/EventTarget.js:241:34)
    at Object.invokeGuardedCallbackDev (/Users/ravindradave/Documents/Github/focus-flow-extension/node_modules/react-dom/cjs/react-dom.development.js:4213:16)
    at invokeGuardedCallback (/Users/ravindradave/Documents/Github/focus-flow-extension/node_modules/react-dom/cjs/react-dom.development.js:4277:31)
    at reportUncaughtErrorInDEV (/Users/ravindradave/Documents/Github/focus-flow-extension/node_modules/react-dom/cjs/react-dom.development.js:22877:5)
    at captureCommitPhaseError (/Users/ravindradave/Documents/Github/focus-flow-extension/node_modules/react-dom/cjs/react-dom.development.js:27165:5) TypeError: Cannot read properties of undefined (reading 'addListener')
    at /Users/ravindradave/Documents/Github/focus-flow-extension/src/hooks/useTheme.ts:113:30
    at commitHookEffectListMount (/Users/ravindradave/Documents/Github/focus-flow-extension/node_modules/react-dom/cjs/react-dom.development.js:23189:26)
    at commitPassiveMountOnFiber (/Users/ravindradave/Documents/Github/focus-flow-extension/node_modules/react-dom/cjs/react-dom.development.js:24970:11)
    at commitPassiveMountEffects_complete (/Users/ravindradave/Documents/Github/focus-flow-extension/node_modules/react-dom/cjs/react-dom.development.js:24930:9)
    at commitPassiveMountEffects_begin (/Users/ravindradave/Documents/Github/focus-flow-extension/node_modules/react-dom/cjs/react-dom.development.js:24917:7)
    at commitPassiveMountEffects (/Users/ravindradave/Documents/Github/focus-flow-extension/node_modules/react-dom/cjs/react-dom.development.js:24905:3)
    at flushPassiveEffectsImpl (/Users/ravindradave/Documents/Github/focus-flow-extension/node_modules/react-dom/cjs/react-dom.development.js:27078:3)
    at flushPassiveEffects (/Users/ravindradave/Documents/Github/focus-flow-extension/node_modules/react-dom/cjs/react-dom.development.js:27023:14)
    at /Users/ravindradave/Documents/Github/focus-flow-extension/node_modules/react-dom/cjs/react-dom.development.js:26808:9
    at flushActQueue (/Users/ravindradave/Documents/Github/focus-flow-extension/node_modules/react/cjs/react.development.js:2667:24)
The above error occurred in the <App> component:

    at App (/Users/ravindradave/Documents/Github/focus-flow-extension/src/options/App.tsx:14:59)

Consider adding an error boundary to your tree to customize error handling behavior.
Visit https://reactjs.org/link/error-boundaries to learn more about error boundaries.

stderr | tests/unit/options/App.test.tsx > Options App > Tab Navigation > should highlight active tab with accent color
Failed to fetch analytics: TypeError: chrome.runtime.sendMessage is not a function
    at /Users/ravindradave/Documents/Github/focus-flow-extension/src/hooks/useAnalytics.ts:50:24
    at /Users/ravindradave/Documents/Github/focus-flow-extension/src/hooks/useAnalytics.ts:85:5
    at commitHookEffectListMount (/Users/ravindradave/Documents/Github/focus-flow-extension/node_modules/react-dom/cjs/react-dom.development.js:23189:26)
    at commitPassiveMountOnFiber (/Users/ravindradave/Documents/Github/focus-flow-extension/node_modules/react-dom/cjs/react-dom.development.js:24970:11)
    at commitPassiveMountEffects_complete (/Users/ravindradave/Documents/Github/focus-flow-extension/node_modules/react-dom/cjs/react-dom.development.js:24930:9)
    at commitPassiveMountEffects_begin (/Users/ravindradave/Documents/Github/focus-flow-extension/node_modules/react-dom/cjs/react-dom.development.js:24917:7)
    at commitPassiveMountEffects (/Users/ravindradave/Documents/Github/focus-flow-extension/node_modules/react-dom/cjs/react-dom.development.js:24905:3)
    at flushPassiveEffectsImpl (/Users/ravindradave/Documents/Github/focus-flow-extension/node_modules/react-dom/cjs/react-dom.development.js:27078:3)
    at flushPassiveEffects (/Users/ravindradave/Documents/Github/focus-flow-extension/node_modules/react-dom/cjs/react-dom.development.js:27023:14)
    at /Users/ravindradave/Documents/Github/focus-flow-extension/node_modules/react-dom/cjs/react-dom.development.js:26808:9
Failed to fetch chart data: TypeError: chrome.runtime.sendMessage is not a function
    at fetchChartData (/Users/ravindradave/Documents/Github/focus-flow-extension/src/options/components/AnalyticsDashboard.tsx:57:26)
    at /Users/ravindradave/Documents/Github/focus-flow-extension/src/options/components/AnalyticsDashboard.tsx:92:5
    at commitHookEffectListMount (/Users/ravindradave/Documents/Github/focus-flow-extension/node_modules/react-dom/cjs/react-dom.development.js:23189:26)
    at commitPassiveMountOnFiber (/Users/ravindradave/Documents/Github/focus-flow-extension/node_modules/react-dom/cjs/react-dom.development.js:24970:11)
    at commitPassiveMountEffects_complete (/Users/ravindradave/Documents/Github/focus-flow-extension/node_modules/react-dom/cjs/react-dom.development.js:24930:9)
    at commitPassiveMountEffects_begin (/Users/ravindradave/Documents/Github/focus-flow-extension/node_modules/react-dom/cjs/react-dom.development.js:24917:7)
    at commitPassiveMountEffects (/Users/ravindradave/Documents/Github/focus-flow-extension/node_modules/react-dom/cjs/react-dom.development.js:24905:3)
    at flushPassiveEffectsImpl (/Users/ravindradave/Documents/Github/focus-flow-extension/node_modules/react-dom/cjs/react-dom.development.js:27078:3)
    at flushPassiveEffects (/Users/ravindradave/Documents/Github/focus-flow-extension/node_modules/react-dom/cjs/react-dom.development.js:27023:14)
    at /Users/ravindradave/Documents/Github/focus-flow-extension/node_modules/react-dom/cjs/react-dom.development.js:26808:9
Error: Uncaught [TypeError: Cannot read properties of undefined (reading 'addListener')]
    at reportException (/Users/ravindradave/Documents/Github/focus-flow-extension/node_modules/jsdom/lib/jsdom/living/helpers/runtime-script-errors.js:66:24)
    at innerInvokeEventListeners (/Users/ravindradave/Documents/Github/focus-flow-extension/node_modules/jsdom/lib/jsdom/living/events/EventTarget-impl.js:353:9)
    at invokeEventListeners (/Users/ravindradave/Documents/Github/focus-flow-extension/node_modules/jsdom/lib/jsdom/living/events/EventTarget-impl.js:286:3)
    at HTMLUnknownElementImpl._dispatch (/Users/ravindradave/Documents/Github/focus-flow-extension/node_modules/jsdom/lib/jsdom/living/events/EventTarget-impl.js:233:9)
    at HTMLUnknownElementImpl.dispatchEvent (/Users/ravindradave/Documents/Github/focus-flow-extension/node_modules/jsdom/lib/jsdom/living/events/EventTarget-impl.js:104:17)
    at HTMLUnknownElement.dispatchEvent (/Users/ravindradave/Documents/Github/focus-flow-extension/node_modules/jsdom/lib/jsdom/living/generated/EventTarget.js:241:34)
    at Object.invokeGuardedCallbackDev (/Users/ravindradave/Documents/Github/focus-flow-extension/node_modules/react-dom/cjs/react-dom.development.js:4213:16)
    at invokeGuardedCallback (/Users/ravindradave/Documents/Github/focus-flow-extension/node_modules/react-dom/cjs/react-dom.development.js:4277:31)
    at reportUncaughtErrorInDEV (/Users/ravindradave/Documents/Github/focus-flow-extension/node_modules/react-dom/cjs/react-dom.development.js:22877:5)
    at captureCommitPhaseError (/Users/ravindradave/Documents/Github/focus-flow-extension/node_modules/react-dom/cjs/react-dom.development.js:27165:5) TypeError: Cannot read properties of undefined (reading 'addListener')
    at /Users/ravindradave/Documents/Github/focus-flow-extension/src/hooks/useTheme.ts:113:30
    at commitHookEffectListMount (/Users/ravindradave/Documents/Github/focus-flow-extension/node_modules/react-dom/cjs/react-dom.development.js:23189:26)
    at commitPassiveMountOnFiber (/Users/ravindradave/Documents/Github/focus-flow-extension/node_modules/react-dom/cjs/react-dom.development.js:24970:11)
    at commitPassiveMountEffects_complete (/Users/ravindradave/Documents/Github/focus-flow-extension/node_modules/react-dom/cjs/react-dom.development.js:24930:9)
    at commitPassiveMountEffects_begin (/Users/ravindradave/Documents/Github/focus-flow-extension/node_modules/react-dom/cjs/react-dom.development.js:24917:7)
    at commitPassiveMountEffects (/Users/ravindradave/Documents/Github/focus-flow-extension/node_modules/react-dom/cjs/react-dom.development.js:24905:3)
    at flushPassiveEffectsImpl (/Users/ravindradave/Documents/Github/focus-flow-extension/node_modules/react-dom/cjs/react-dom.development.js:27078:3)
    at flushPassiveEffects (/Users/ravindradave/Documents/Github/focus-flow-extension/node_modules/react-dom/cjs/react-dom.development.js:27023:14)
    at /Users/ravindradave/Documents/Github/focus-flow-extension/node_modules/react-dom/cjs/react-dom.development.js:26808:9
    at flushActQueue (/Users/ravindradave/Documents/Github/focus-flow-extension/node_modules/react/cjs/react.development.js:2667:24)
The above error occurred in the <App> component:

    at App (/Users/ravindradave/Documents/Github/focus-flow-extension/src/options/App.tsx:14:59)

Consider adding an error boundary to your tree to customize error handling behavior.
Visit https://reactjs.org/link/error-boundaries to learn more about error boundaries.

stderr | tests/unit/options/App.test.tsx > Options App > Mobile Responsive Sidebar > should have hamburger menu button on mobile
Failed to fetch analytics: TypeError: chrome.runtime.sendMessage is not a function
    at /Users/ravindradave/Documents/Github/focus-flow-extension/src/hooks/useAnalytics.ts:50:24
    at /Users/ravindradave/Documents/Github/focus-flow-extension/src/hooks/useAnalytics.ts:85:5
    at commitHookEffectListMount (/Users/ravindradave/Documents/Github/focus-flow-extension/node_modules/react-dom/cjs/react-dom.development.js:23189:26)
    at commitPassiveMountOnFiber (/Users/ravindradave/Documents/Github/focus-flow-extension/node_modules/react-dom/cjs/react-dom.development.js:24970:11)
    at commitPassiveMountEffects_complete (/Users/ravindradave/Documents/Github/focus-flow-extension/node_modules/react-dom/cjs/react-dom.development.js:24930:9)
    at commitPassiveMountEffects_begin (/Users/ravindradave/Documents/Github/focus-flow-extension/node_modules/react-dom/cjs/react-dom.development.js:24917:7)
    at commitPassiveMountEffects (/Users/ravindradave/Documents/Github/focus-flow-extension/node_modules/react-dom/cjs/react-dom.development.js:24905:3)
    at flushPassiveEffectsImpl (/Users/ravindradave/Documents/Github/focus-flow-extension/node_modules/react-dom/cjs/react-dom.development.js:27078:3)
    at flushPassiveEffects (/Users/ravindradave/Documents/Github/focus-flow-extension/node_modules/react-dom/cjs/react-dom.development.js:27023:14)
    at /Users/ravindradave/Documents/Github/focus-flow-extension/node_modules/react-dom/cjs/react-dom.development.js:26808:9
Failed to fetch chart data: TypeError: chrome.runtime.sendMessage is not a function
    at fetchChartData (/Users/ravindradave/Documents/Github/focus-flow-extension/src/options/components/AnalyticsDashboard.tsx:57:26)
    at /Users/ravindradave/Documents/Github/focus-flow-extension/src/options/components/AnalyticsDashboard.tsx:92:5
    at commitHookEffectListMount (/Users/ravindradave/Documents/Github/focus-flow-extension/node_modules/react-dom/cjs/react-dom.development.js:23189:26)
    at commitPassiveMountOnFiber (/Users/ravindradave/Documents/Github/focus-flow-extension/node_modules/react-dom/cjs/react-dom.development.js:24970:11)
    at commitPassiveMountEffects_complete (/Users/ravindradave/Documents/Github/focus-flow-extension/node_modules/react-dom/cjs/react-dom.development.js:24930:9)
    at commitPassiveMountEffects_begin (/Users/ravindradave/Documents/Github/focus-flow-extension/node_modules/react-dom/cjs/react-dom.development.js:24917:7)
    at commitPassiveMountEffects (/Users/ravindradave/Documents/Github/focus-flow-extension/node_modules/react-dom/cjs/react-dom.development.js:24905:3)
    at flushPassiveEffectsImpl (/Users/ravindradave/Documents/Github/focus-flow-extension/node_modules/react-dom/cjs/react-dom.development.js:27078:3)
    at flushPassiveEffects (/Users/ravindradave/Documents/Github/focus-flow-extension/node_modules/react-dom/cjs/react-dom.development.js:27023:14)
    at /Users/ravindradave/Documents/Github/focus-flow-extension/node_modules/react-dom/cjs/react-dom.development.js:26808:9
Error: Uncaught [TypeError: Cannot read properties of undefined (reading 'addListener')]
    at reportException (/Users/ravindradave/Documents/Github/focus-flow-extension/node_modules/jsdom/lib/jsdom/living/helpers/runtime-script-errors.js:66:24)
    at innerInvokeEventListeners (/Users/ravindradave/Documents/Github/focus-flow-extension/node_modules/jsdom/lib/jsdom/living/events/EventTarget-impl.js:353:9)
    at invokeEventListeners (/Users/ravindradave/Documents/Github/focus-flow-extension/node_modules/jsdom/lib/jsdom/living/events/EventTarget-impl.js:286:3)
    at HTMLUnknownElementImpl._dispatch (/Users/ravindradave/Documents/Github/focus-flow-extension/node_modules/jsdom/lib/jsdom/living/events/EventTarget-impl.js:233:9)
    at HTMLUnknownElementImpl.dispatchEvent (/Users/ravindradave/Documents/Github/focus-flow-extension/node_modules/jsdom/lib/jsdom/living/events/EventTarget-impl.js:104:17)
    at HTMLUnknownElement.dispatchEvent (/Users/ravindradave/Documents/Github/focus-flow-extension/node_modules/jsdom/lib/jsdom/living/generated/EventTarget.js:241:34)
    at Object.invokeGuardedCallbackDev (/Users/ravindradave/Documents/Github/focus-flow-extension/node_modules/react-dom/cjs/react-dom.development.js:4213:16)
    at invokeGuardedCallback (/Users/ravindradave/Documents/Github/focus-flow-extension/node_modules/react-dom/cjs/react-dom.development.js:4277:31)
    at reportUncaughtErrorInDEV (/Users/ravindradave/Documents/Github/focus-flow-extension/node_modules/react-dom/cjs/react-dom.development.js:22877:5)
    at captureCommitPhaseError (/Users/ravindradave/Documents/Github/focus-flow-extension/node_modules/react-dom/cjs/react-dom.development.js:27165:5) TypeError: Cannot read properties of undefined (reading 'addListener')
    at /Users/ravindradave/Documents/Github/focus-flow-extension/src/hooks/useTheme.ts:113:30
    at commitHookEffectListMount (/Users/ravindradave/Documents/Github/focus-flow-extension/node_modules/react-dom/cjs/react-dom.development.js:23189:26)
    at commitPassiveMountOnFiber (/Users/ravindradave/Documents/Github/focus-flow-extension/node_modules/react-dom/cjs/react-dom.development.js:24970:11)
    at commitPassiveMountEffects_complete (/Users/ravindradave/Documents/Github/focus-flow-extension/node_modules/react-dom/cjs/react-dom.development.js:24930:9)
    at commitPassiveMountEffects_begin (/Users/ravindradave/Documents/Github/focus-flow-extension/node_modules/react-dom/cjs/react-dom.development.js:24917:7)
    at commitPassiveMountEffects (/Users/ravindradave/Documents/Github/focus-flow-extension/node_modules/react-dom/cjs/react-dom.development.js:24905:3)
    at flushPassiveEffectsImpl (/Users/ravindradave/Documents/Github/focus-flow-extension/node_modules/react-dom/cjs/react-dom.development.js:27078:3)
    at flushPassiveEffects (/Users/ravindradave/Documents/Github/focus-flow-extension/node_modules/react-dom/cjs/react-dom.development.js:27023:14)
    at /Users/ravindradave/Documents/Github/focus-flow-extension/node_modules/react-dom/cjs/react-dom.development.js:26808:9
    at flushActQueue (/Users/ravindradave/Documents/Github/focus-flow-extension/node_modules/react/cjs/react.development.js:2667:24)
The above error occurred in the <App> component:

    at App (/Users/ravindradave/Documents/Github/focus-flow-extension/src/options/App.tsx:14:59)

Consider adding an error boundary to your tree to customize error handling behavior.
Visit https://reactjs.org/link/error-boundaries to learn more about error boundaries.

stderr | tests/unit/options/App.test.tsx > Options App > Mobile Responsive Sidebar > should open sidebar when hamburger is clicked
Failed to fetch analytics: TypeError: chrome.runtime.sendMessage is not a function
    at /Users/ravindradave/Documents/Github/focus-flow-extension/src/hooks/useAnalytics.ts:50:24
    at /Users/ravindradave/Documents/Github/focus-flow-extension/src/hooks/useAnalytics.ts:85:5
    at commitHookEffectListMount (/Users/ravindradave/Documents/Github/focus-flow-extension/node_modules/react-dom/cjs/react-dom.development.js:23189:26)
    at commitPassiveMountOnFiber (/Users/ravindradave/Documents/Github/focus-flow-extension/node_modules/react-dom/cjs/react-dom.development.js:24970:11)
    at commitPassiveMountEffects_complete (/Users/ravindradave/Documents/Github/focus-flow-extension/node_modules/react-dom/cjs/react-dom.development.js:24930:9)
    at commitPassiveMountEffects_begin (/Users/ravindradave/Documents/Github/focus-flow-extension/node_modules/react-dom/cjs/react-dom.development.js:24917:7)
    at commitPassiveMountEffects (/Users/ravindradave/Documents/Github/focus-flow-extension/node_modules/react-dom/cjs/react-dom.development.js:24905:3)
    at flushPassiveEffectsImpl (/Users/ravindradave/Documents/Github/focus-flow-extension/node_modules/react-dom/cjs/react-dom.development.js:27078:3)
    at flushPassiveEffects (/Users/ravindradave/Documents/Github/focus-flow-extension/node_modules/react-dom/cjs/react-dom.development.js:27023:14)
    at /Users/ravindradave/Documents/Github/focus-flow-extension/node_modules/react-dom/cjs/react-dom.development.js:26808:9
Failed to fetch chart data: TypeError: chrome.runtime.sendMessage is not a function
    at fetchChartData (/Users/ravindradave/Documents/Github/focus-flow-extension/src/options/components/AnalyticsDashboard.tsx:57:26)
    at /Users/ravindradave/Documents/Github/focus-flow-extension/src/options/components/AnalyticsDashboard.tsx:92:5
    at commitHookEffectListMount (/Users/ravindradave/Documents/Github/focus-flow-extension/node_modules/react-dom/cjs/react-dom.development.js:23189:26)
    at commitPassiveMountOnFiber (/Users/ravindradave/Documents/Github/focus-flow-extension/node_modules/react-dom/cjs/react-dom.development.js:24970:11)
    at commitPassiveMountEffects_complete (/Users/ravindradave/Documents/Github/focus-flow-extension/node_modules/react-dom/cjs/react-dom.development.js:24930:9)
    at commitPassiveMountEffects_begin (/Users/ravindradave/Documents/Github/focus-flow-extension/node_modules/react-dom/cjs/react-dom.development.js:24917:7)
    at commitPassiveMountEffects (/Users/ravindradave/Documents/Github/focus-flow-extension/node_modules/react-dom/cjs/react-dom.development.js:24905:3)
    at flushPassiveEffectsImpl (/Users/ravindradave/Documents/Github/focus-flow-extension/node_modules/react-dom/cjs/react-dom.development.js:27078:3)
    at flushPassiveEffects (/Users/ravindradave/Documents/Github/focus-flow-extension/node_modules/react-dom/cjs/react-dom.development.js:27023:14)
    at /Users/ravindradave/Documents/Github/focus-flow-extension/node_modules/react-dom/cjs/react-dom.development.js:26808:9
Error: Uncaught [TypeError: Cannot read properties of undefined (reading 'addListener')]
    at reportException (/Users/ravindradave/Documents/Github/focus-flow-extension/node_modules/jsdom/lib/jsdom/living/helpers/runtime-script-errors.js:66:24)
    at innerInvokeEventListeners (/Users/ravindradave/Documents/Github/focus-flow-extension/node_modules/jsdom/lib/jsdom/living/events/EventTarget-impl.js:353:9)
    at invokeEventListeners (/Users/ravindradave/Documents/Github/focus-flow-extension/node_modules/jsdom/lib/jsdom/living/events/EventTarget-impl.js:286:3)
    at HTMLUnknownElementImpl._dispatch (/Users/ravindradave/Documents/Github/focus-flow-extension/node_modules/jsdom/lib/jsdom/living/events/EventTarget-impl.js:233:9)
    at HTMLUnknownElementImpl.dispatchEvent (/Users/ravindradave/Documents/Github/focus-flow-extension/node_modules/jsdom/lib/jsdom/living/events/EventTarget-impl.js:104:17)
    at HTMLUnknownElement.dispatchEvent (/Users/ravindradave/Documents/Github/focus-flow-extension/node_modules/jsdom/lib/jsdom/living/generated/EventTarget.js:241:34)
    at Object.invokeGuardedCallbackDev (/Users/ravindradave/Documents/Github/focus-flow-extension/node_modules/react-dom/cjs/react-dom.development.js:4213:16)
    at invokeGuardedCallback (/Users/ravindradave/Documents/Github/focus-flow-extension/node_modules/react-dom/cjs/react-dom.development.js:4277:31)
    at reportUncaughtErrorInDEV (/Users/ravindradave/Documents/Github/focus-flow-extension/node_modules/react-dom/cjs/react-dom.development.js:22877:5)
    at captureCommitPhaseError (/Users/ravindradave/Documents/Github/focus-flow-extension/node_modules/react-dom/cjs/react-dom.development.js:27165:5) TypeError: Cannot read properties of undefined (reading 'addListener')
    at /Users/ravindradave/Documents/Github/focus-flow-extension/src/hooks/useTheme.ts:113:30
    at commitHookEffectListMount (/Users/ravindradave/Documents/Github/focus-flow-extension/node_modules/react-dom/cjs/react-dom.development.js:23189:26)
    at commitPassiveMountOnFiber (/Users/ravindradave/Documents/Github/focus-flow-extension/node_modules/react-dom/cjs/react-dom.development.js:24970:11)
    at commitPassiveMountEffects_complete (/Users/ravindradave/Documents/Github/focus-flow-extension/node_modules/react-dom/cjs/react-dom.development.js:24930:9)
    at commitPassiveMountEffects_begin (/Users/ravindradave/Documents/Github/focus-flow-extension/node_modules/react-dom/cjs/react-dom.development.js:24917:7)
    at commitPassiveMountEffects (/Users/ravindradave/Documents/Github/focus-flow-extension/node_modules/react-dom/cjs/react-dom.development.js:24905:3)
    at flushPassiveEffectsImpl (/Users/ravindradave/Documents/Github/focus-flow-extension/node_modules/react-dom/cjs/react-dom.development.js:27078:3)
    at flushPassiveEffects (/Users/ravindradave/Documents/Github/focus-flow-extension/node_modules/react-dom/cjs/react-dom.development.js:27023:14)
    at /Users/ravindradave/Documents/Github/focus-flow-extension/node_modules/react-dom/cjs/react-dom.development.js:26808:9
    at flushActQueue (/Users/ravindradave/Documents/Github/focus-flow-extension/node_modules/react/cjs/react.development.js:2667:24)
The above error occurred in the <App> component:

    at App (/Users/ravindradave/Documents/Github/focus-flow-extension/src/options/App.tsx:14:59)

Consider adding an error boundary to your tree to customize error handling behavior.
Visit https://reactjs.org/link/error-boundaries to learn more about error boundaries.

stderr | tests/unit/options/App.test.tsx > Options App > Mobile Responsive Sidebar > should close sidebar when backdrop is clicked
Failed to fetch analytics: TypeError: chrome.runtime.sendMessage is not a function
    at /Users/ravindradave/Documents/Github/focus-flow-extension/src/hooks/useAnalytics.ts:50:24
    at /Users/ravindradave/Documents/Github/focus-flow-extension/src/hooks/useAnalytics.ts:85:5
    at commitHookEffectListMount (/Users/ravindradave/Documents/Github/focus-flow-extension/node_modules/react-dom/cjs/react-dom.development.js:23189:26)
    at commitPassiveMountOnFiber (/Users/ravindradave/Documents/Github/focus-flow-extension/node_modules/react-dom/cjs/react-dom.development.js:24970:11)
    at commitPassiveMountEffects_complete (/Users/ravindradave/Documents/Github/focus-flow-extension/node_modules/react-dom/cjs/react-dom.development.js:24930:9)
    at commitPassiveMountEffects_begin (/Users/ravindradave/Documents/Github/focus-flow-extension/node_modules/react-dom/cjs/react-dom.development.js:24917:7)
    at commitPassiveMountEffects (/Users/ravindradave/Documents/Github/focus-flow-extension/node_modules/react-dom/cjs/react-dom.development.js:24905:3)
    at flushPassiveEffectsImpl (/Users/ravindradave/Documents/Github/focus-flow-extension/node_modules/react-dom/cjs/react-dom.development.js:27078:3)
    at flushPassiveEffects (/Users/ravindradave/Documents/Github/focus-flow-extension/node_modules/react-dom/cjs/react-dom.development.js:27023:14)
    at /Users/ravindradave/Documents/Github/focus-flow-extension/node_modules/react-dom/cjs/react-dom.development.js:26808:9
Failed to fetch chart data: TypeError: chrome.runtime.sendMessage is not a function
    at fetchChartData (/Users/ravindradave/Documents/Github/focus-flow-extension/src/options/components/AnalyticsDashboard.tsx:57:26)
    at /Users/ravindradave/Documents/Github/focus-flow-extension/src/options/components/AnalyticsDashboard.tsx:92:5
    at commitHookEffectListMount (/Users/ravindradave/Documents/Github/focus-flow-extension/node_modules/react-dom/cjs/react-dom.development.js:23189:26)
    at commitPassiveMountOnFiber (/Users/ravindradave/Documents/Github/focus-flow-extension/node_modules/react-dom/cjs/react-dom.development.js:24970:11)
    at commitPassiveMountEffects_complete (/Users/ravindradave/Documents/Github/focus-flow-extension/node_modules/react-dom/cjs/react-dom.development.js:24930:9)
    at commitPassiveMountEffects_begin (/Users/ravindradave/Documents/Github/focus-flow-extension/node_modules/react-dom/cjs/react-dom.development.js:24917:7)
    at commitPassiveMountEffects (/Users/ravindradave/Documents/Github/focus-flow-extension/node_modules/react-dom/cjs/react-dom.development.js:24905:3)
    at flushPassiveEffectsImpl (/Users/ravindradave/Documents/Github/focus-flow-extension/node_modules/react-dom/cjs/react-dom.development.js:27078:3)
    at flushPassiveEffects (/Users/ravindradave/Documents/Github/focus-flow-extension/node_modules/react-dom/cjs/react-dom.development.js:27023:14)
    at /Users/ravindradave/Documents/Github/focus-flow-extension/node_modules/react-dom/cjs/react-dom.development.js:26808:9
Error: Uncaught [TypeError: Cannot read properties of undefined (reading 'addListener')]
    at reportException (/Users/ravindradave/Documents/Github/focus-flow-extension/node_modules/jsdom/lib/jsdom/living/helpers/runtime-script-errors.js:66:24)
    at innerInvokeEventListeners (/Users/ravindradave/Documents/Github/focus-flow-extension/node_modules/jsdom/lib/jsdom/living/events/EventTarget-impl.js:353:9)
    at invokeEventListeners (/Users/ravindradave/Documents/Github/focus-flow-extension/node_modules/jsdom/lib/jsdom/living/events/EventTarget-impl.js:286:3)
    at HTMLUnknownElementImpl._dispatch (/Users/ravindradave/Documents/Github/focus-flow-extension/node_modules/jsdom/lib/jsdom/living/events/EventTarget-impl.js:233:9)
    at HTMLUnknownElementImpl.dispatchEvent (/Users/ravindradave/Documents/Github/focus-flow-extension/node_modules/jsdom/lib/jsdom/living/events/EventTarget-impl.js:104:17)
    at HTMLUnknownElement.dispatchEvent (/Users/ravindradave/Documents/Github/focus-flow-extension/node_modules/jsdom/lib/jsdom/living/generated/EventTarget.js:241:34)
    at Object.invokeGuardedCallbackDev (/Users/ravindradave/Documents/Github/focus-flow-extension/node_modules/react-dom/cjs/react-dom.development.js:4213:16)
    at invokeGuardedCallback (/Users/ravindradave/Documents/Github/focus-flow-extension/node_modules/react-dom/cjs/react-dom.development.js:4277:31)
    at reportUncaughtErrorInDEV (/Users/ravindradave/Documents/Github/focus-flow-extension/node_modules/react-dom/cjs/react-dom.development.js:22877:5)
    at captureCommitPhaseError (/Users/ravindradave/Documents/Github/focus-flow-extension/node_modules/react-dom/cjs/react-dom.development.js:27165:5) TypeError: Cannot read properties of undefined (reading 'addListener')
    at /Users/ravindradave/Documents/Github/focus-flow-extension/src/hooks/useTheme.ts:113:30
    at commitHookEffectListMount (/Users/ravindradave/Documents/Github/focus-flow-extension/node_modules/react-dom/cjs/react-dom.development.js:23189:26)
    at commitPassiveMountOnFiber (/Users/ravindradave/Documents/Github/focus-flow-extension/node_modules/react-dom/cjs/react-dom.development.js:24970:11)
    at commitPassiveMountEffects_complete (/Users/ravindradave/Documents/Github/focus-flow-extension/node_modules/react-dom/cjs/react-dom.development.js:24930:9)
    at commitPassiveMountEffects_begin (/Users/ravindradave/Documents/Github/focus-flow-extension/node_modules/react-dom/cjs/react-dom.development.js:24917:7)
    at commitPassiveMountEffects (/Users/ravindradave/Documents/Github/focus-flow-extension/node_modules/react-dom/cjs/react-dom.development.js:24905:3)
    at flushPassiveEffectsImpl (/Users/ravindradave/Documents/Github/focus-flow-extension/node_modules/react-dom/cjs/react-dom.development.js:27078:3)
    at flushPassiveEffects (/Users/ravindradave/Documents/Github/focus-flow-extension/node_modules/react-dom/cjs/react-dom.development.js:27023:14)
    at /Users/ravindradave/Documents/Github/focus-flow-extension/node_modules/react-dom/cjs/react-dom.development.js:26808:9
    at flushActQueue (/Users/ravindradave/Documents/Github/focus-flow-extension/node_modules/react/cjs/react.development.js:2667:24)
The above error occurred in the <App> component:

    at App (/Users/ravindradave/Documents/Github/focus-flow-extension/src/options/App.tsx:14:59)

Consider adding an error boundary to your tree to customize error handling behavior.
Visit https://reactjs.org/link/error-boundaries to learn more about error boundaries.

stderr | tests/unit/options/App.test.tsx > Options App > Mobile Responsive Sidebar > should close sidebar when tab is selected on mobile
Failed to fetch analytics: TypeError: chrome.runtime.sendMessage is not a function
    at /Users/ravindradave/Documents/Github/focus-flow-extension/src/hooks/useAnalytics.ts:50:24
    at /Users/ravindradave/Documents/Github/focus-flow-extension/src/hooks/useAnalytics.ts:85:5
    at commitHookEffectListMount (/Users/ravindradave/Documents/Github/focus-flow-extension/node_modules/react-dom/cjs/react-dom.development.js:23189:26)
    at commitPassiveMountOnFiber (/Users/ravindradave/Documents/Github/focus-flow-extension/node_modules/react-dom/cjs/react-dom.development.js:24970:11)
    at commitPassiveMountEffects_complete (/Users/ravindradave/Documents/Github/focus-flow-extension/node_modules/react-dom/cjs/react-dom.development.js:24930:9)
    at commitPassiveMountEffects_begin (/Users/ravindradave/Documents/Github/focus-flow-extension/node_modules/react-dom/cjs/react-dom.development.js:24917:7)
    at commitPassiveMountEffects (/Users/ravindradave/Documents/Github/focus-flow-extension/node_modules/react-dom/cjs/react-dom.development.js:24905:3)
    at flushPassiveEffectsImpl (/Users/ravindradave/Documents/Github/focus-flow-extension/node_modules/react-dom/cjs/react-dom.development.js:27078:3)
    at flushPassiveEffects (/Users/ravindradave/Documents/Github/focus-flow-extension/node_modules/react-dom/cjs/react-dom.development.js:27023:14)
    at /Users/ravindradave/Documents/Github/focus-flow-extension/node_modules/react-dom/cjs/react-dom.development.js:26808:9
Failed to fetch chart data: TypeError: chrome.runtime.sendMessage is not a function
    at fetchChartData (/Users/ravindradave/Documents/Github/focus-flow-extension/src/options/components/AnalyticsDashboard.tsx:57:26)
    at /Users/ravindradave/Documents/Github/focus-flow-extension/src/options/components/AnalyticsDashboard.tsx:92:5
    at commitHookEffectListMount (/Users/ravindradave/Documents/Github/focus-flow-extension/node_modules/react-dom/cjs/react-dom.development.js:23189:26)
    at commitPassiveMountOnFiber (/Users/ravindradave/Documents/Github/focus-flow-extension/node_modules/react-dom/cjs/react-dom.development.js:24970:11)
    at commitPassiveMountEffects_complete (/Users/ravindradave/Documents/Github/focus-flow-extension/node_modules/react-dom/cjs/react-dom.development.js:24930:9)
    at commitPassiveMountEffects_begin (/Users/ravindradave/Documents/Github/focus-flow-extension/node_modules/react-dom/cjs/react-dom.development.js:24917:7)
    at commitPassiveMountEffects (/Users/ravindradave/Documents/Github/focus-flow-extension/node_modules/react-dom/cjs/react-dom.development.js:24905:3)
    at flushPassiveEffectsImpl (/Users/ravindradave/Documents/Github/focus-flow-extension/node_modules/react-dom/cjs/react-dom.development.js:27078:3)
    at flushPassiveEffects (/Users/ravindradave/Documents/Github/focus-flow-extension/node_modules/react-dom/cjs/react-dom.development.js:27023:14)
    at /Users/ravindradave/Documents/Github/focus-flow-extension/node_modules/react-dom/cjs/react-dom.development.js:26808:9
Error: Uncaught [TypeError: Cannot read properties of undefined (reading 'addListener')]
    at reportException (/Users/ravindradave/Documents/Github/focus-flow-extension/node_modules/jsdom/lib/jsdom/living/helpers/runtime-script-errors.js:66:24)
    at innerInvokeEventListeners (/Users/ravindradave/Documents/Github/focus-flow-extension/node_modules/jsdom/lib/jsdom/living/events/EventTarget-impl.js:353:9)
    at invokeEventListeners (/Users/ravindradave/Documents/Github/focus-flow-extension/node_modules/jsdom/lib/jsdom/living/events/EventTarget-impl.js:286:3)
    at HTMLUnknownElementImpl._dispatch (/Users/ravindradave/Documents/Github/focus-flow-extension/node_modules/jsdom/lib/jsdom/living/events/EventTarget-impl.js:233:9)
    at HTMLUnknownElementImpl.dispatchEvent (/Users/ravindradave/Documents/Github/focus-flow-extension/node_modules/jsdom/lib/jsdom/living/events/EventTarget-impl.js:104:17)
    at HTMLUnknownElement.dispatchEvent (/Users/ravindradave/Documents/Github/focus-flow-extension/node_modules/jsdom/lib/jsdom/living/generated/EventTarget.js:241:34)
    at Object.invokeGuardedCallbackDev (/Users/ravindradave/Documents/Github/focus-flow-extension/node_modules/react-dom/cjs/react-dom.development.js:4213:16)
    at invokeGuardedCallback (/Users/ravindradave/Documents/Github/focus-flow-extension/node_modules/react-dom/cjs/react-dom.development.js:4277:31)
    at reportUncaughtErrorInDEV (/Users/ravindradave/Documents/Github/focus-flow-extension/node_modules/react-dom/cjs/react-dom.development.js:22877:5)
    at captureCommitPhaseError (/Users/ravindradave/Documents/Github/focus-flow-extension/node_modules/react-dom/cjs/react-dom.development.js:27165:5) TypeError: Cannot read properties of undefined (reading 'addListener')
    at /Users/ravindradave/Documents/Github/focus-flow-extension/src/hooks/useTheme.ts:113:30
    at commitHookEffectListMount (/Users/ravindradave/Documents/Github/focus-flow-extension/node_modules/react-dom/cjs/react-dom.development.js:23189:26)
    at commitPassiveMountOnFiber (/Users/ravindradave/Documents/Github/focus-flow-extension/node_modules/react-dom/cjs/react-dom.development.js:24970:11)
    at commitPassiveMountEffects_complete (/Users/ravindradave/Documents/Github/focus-flow-extension/node_modules/react-dom/cjs/react-dom.development.js:24930:9)
    at commitPassiveMountEffects_begin (/Users/ravindradave/Documents/Github/focus-flow-extension/node_modules/react-dom/cjs/react-dom.development.js:24917:7)
    at commitPassiveMountEffects (/Users/ravindradave/Documents/Github/focus-flow-extension/node_modules/react-dom/cjs/react-dom.development.js:24905:3)
    at flushPassiveEffectsImpl (/Users/ravindradave/Documents/Github/focus-flow-extension/node_modules/react-dom/cjs/react-dom.development.js:27078:3)
    at flushPassiveEffects (/Users/ravindradave/Documents/Github/focus-flow-extension/node_modules/react-dom/cjs/react-dom.development.js:27023:14)
    at /Users/ravindradave/Documents/Github/focus-flow-extension/node_modules/react-dom/cjs/react-dom.development.js:26808:9
    at flushActQueue (/Users/ravindradave/Documents/Github/focus-flow-extension/node_modules/react/cjs/react.development.js:2667:24)
The above error occurred in the <App> component:

    at App (/Users/ravindradave/Documents/Github/focus-flow-extension/src/options/App.tsx:14:59)

Consider adding an error boundary to your tree to customize error handling behavior.
Visit https://reactjs.org/link/error-boundaries to learn more about error boundaries.

stderr | tests/unit/options/App.test.tsx > Options App > Dashboard Toggles > should load nuclear mode toggle state from storage
Failed to fetch analytics: TypeError: chrome.runtime.sendMessage is not a function
    at /Users/ravindradave/Documents/Github/focus-flow-extension/src/hooks/useAnalytics.ts:50:24
    at /Users/ravindradave/Documents/Github/focus-flow-extension/src/hooks/useAnalytics.ts:85:5
    at commitHookEffectListMount (/Users/ravindradave/Documents/Github/focus-flow-extension/node_modules/react-dom/cjs/react-dom.development.js:23189:26)
    at commitPassiveMountOnFiber (/Users/ravindradave/Documents/Github/focus-flow-extension/node_modules/react-dom/cjs/react-dom.development.js:24970:11)
    at commitPassiveMountEffects_complete (/Users/ravindradave/Documents/Github/focus-flow-extension/node_modules/react-dom/cjs/react-dom.development.js:24930:9)
    at commitPassiveMountEffects_begin (/Users/ravindradave/Documents/Github/focus-flow-extension/node_modules/react-dom/cjs/react-dom.development.js:24917:7)
    at commitPassiveMountEffects (/Users/ravindradave/Documents/Github/focus-flow-extension/node_modules/react-dom/cjs/react-dom.development.js:24905:3)
    at flushPassiveEffectsImpl (/Users/ravindradave/Documents/Github/focus-flow-extension/node_modules/react-dom/cjs/react-dom.development.js:27078:3)
    at flushPassiveEffects (/Users/ravindradave/Documents/Github/focus-flow-extension/node_modules/react-dom/cjs/react-dom.development.js:27023:14)
    at /Users/ravindradave/Documents/Github/focus-flow-extension/node_modules/react-dom/cjs/react-dom.development.js:26808:9
Failed to fetch chart data: TypeError: chrome.runtime.sendMessage is not a function
    at fetchChartData (/Users/ravindradave/Documents/Github/focus-flow-extension/src/options/components/AnalyticsDashboard.tsx:57:26)
    at /Users/ravindradave/Documents/Github/focus-flow-extension/src/options/components/AnalyticsDashboard.tsx:92:5
    at commitHookEffectListMount (/Users/ravindradave/Documents/Github/focus-flow-extension/node_modules/react-dom/cjs/react-dom.development.js:23189:26)
    at commitPassiveMountOnFiber (/Users/ravindradave/Documents/Github/focus-flow-extension/node_modules/react-dom/cjs/react-dom.development.js:24970:11)
    at commitPassiveMountEffects_complete (/Users/ravindradave/Documents/Github/focus-flow-extension/node_modules/react-dom/cjs/react-dom.development.js:24930:9)
    at commitPassiveMountEffects_begin (/Users/ravindradave/Documents/Github/focus-flow-extension/node_modules/react-dom/cjs/react-dom.development.js:24917:7)
    at commitPassiveMountEffects (/Users/ravindradave/Documents/Github/focus-flow-extension/node_modules/react-dom/cjs/react-dom.development.js:24905:3)
    at flushPassiveEffectsImpl (/Users/ravindradave/Documents/Github/focus-flow-extension/node_modules/react-dom/cjs/react-dom.development.js:27078:3)
    at flushPassiveEffects (/Users/ravindradave/Documents/Github/focus-flow-extension/node_modules/react-dom/cjs/react-dom.development.js:27023:14)
    at /Users/ravindradave/Documents/Github/focus-flow-extension/node_modules/react-dom/cjs/react-dom.development.js:26808:9
Error: Uncaught [TypeError: Cannot read properties of undefined (reading 'addListener')]
    at reportException (/Users/ravindradave/Documents/Github/focus-flow-extension/node_modules/jsdom/lib/jsdom/living/helpers/runtime-script-errors.js:66:24)
    at innerInvokeEventListeners (/Users/ravindradave/Documents/Github/focus-flow-extension/node_modules/jsdom/lib/jsdom/living/events/EventTarget-impl.js:353:9)
    at invokeEventListeners (/Users/ravindradave/Documents/Github/focus-flow-extension/node_modules/jsdom/lib/jsdom/living/events/EventTarget-impl.js:286:3)
    at HTMLUnknownElementImpl._dispatch (/Users/ravindradave/Documents/Github/focus-flow-extension/node_modules/jsdom/lib/jsdom/living/events/EventTarget-impl.js:233:9)
    at HTMLUnknownElementImpl.dispatchEvent (/Users/ravindradave/Documents/Github/focus-flow-extension/node_modules/jsdom/lib/jsdom/living/events/EventTarget-impl.js:104:17)
    at HTMLUnknownElement.dispatchEvent (/Users/ravindradave/Documents/Github/focus-flow-extension/node_modules/jsdom/lib/jsdom/living/generated/EventTarget.js:241:34)
    at Object.invokeGuardedCallbackDev (/Users/ravindradave/Documents/Github/focus-flow-extension/node_modules/react-dom/cjs/react-dom.development.js:4213:16)
    at invokeGuardedCallback (/Users/ravindradave/Documents/Github/focus-flow-extension/node_modules/react-dom/cjs/react-dom.development.js:4277:31)
    at reportUncaughtErrorInDEV (/Users/ravindradave/Documents/Github/focus-flow-extension/node_modules/react-dom/cjs/react-dom.development.js:22877:5)
    at captureCommitPhaseError (/Users/ravindradave/Documents/Github/focus-flow-extension/node_modules/react-dom/cjs/react-dom.development.js:27165:5) TypeError: Cannot read properties of undefined (reading 'addListener')
    at /Users/ravindradave/Documents/Github/focus-flow-extension/src/hooks/useTheme.ts:113:30
    at commitHookEffectListMount (/Users/ravindradave/Documents/Github/focus-flow-extension/node_modules/react-dom/cjs/react-dom.development.js:23189:26)
    at commitPassiveMountOnFiber (/Users/ravindradave/Documents/Github/focus-flow-extension/node_modules/react-dom/cjs/react-dom.development.js:24970:11)
    at commitPassiveMountEffects_complete (/Users/ravindradave/Documents/Github/focus-flow-extension/node_modules/react-dom/cjs/react-dom.development.js:24930:9)
    at commitPassiveMountEffects_begin (/Users/ravindradave/Documents/Github/focus-flow-extension/node_modules/react-dom/cjs/react-dom.development.js:24917:7)
    at commitPassiveMountEffects (/Users/ravindradave/Documents/Github/focus-flow-extension/node_modules/react-dom/cjs/react-dom.development.js:24905:3)
    at flushPassiveEffectsImpl (/Users/ravindradave/Documents/Github/focus-flow-extension/node_modules/react-dom/cjs/react-dom.development.js:27078:3)
    at flushPassiveEffects (/Users/ravindradave/Documents/Github/focus-flow-extension/node_modules/react-dom/cjs/react-dom.development.js:27023:14)
    at /Users/ravindradave/Documents/Github/focus-flow-extension/node_modules/react-dom/cjs/react-dom.development.js:26808:9
    at flushActQueue (/Users/ravindradave/Documents/Github/focus-flow-extension/node_modules/react/cjs/react.development.js:2667:24)
The above error occurred in the <App> component:

    at App (/Users/ravindradave/Documents/Github/focus-flow-extension/src/options/App.tsx:14:59)

Consider adding an error boundary to your tree to customize error handling behavior.
Visit https://reactjs.org/link/error-boundaries to learn more about error boundaries.

stderr | tests/unit/options/App.test.tsx > Options App > Dashboard Toggles > should load strict blocking toggle state from storage
Failed to fetch analytics: TypeError: chrome.runtime.sendMessage is not a function
    at /Users/ravindradave/Documents/Github/focus-flow-extension/src/hooks/useAnalytics.ts:50:24
    at /Users/ravindradave/Documents/Github/focus-flow-extension/src/hooks/useAnalytics.ts:85:5
    at commitHookEffectListMount (/Users/ravindradave/Documents/Github/focus-flow-extension/node_modules/react-dom/cjs/react-dom.development.js:23189:26)
    at commitPassiveMountOnFiber (/Users/ravindradave/Documents/Github/focus-flow-extension/node_modules/react-dom/cjs/react-dom.development.js:24970:11)
    at commitPassiveMountEffects_complete (/Users/ravindradave/Documents/Github/focus-flow-extension/node_modules/react-dom/cjs/react-dom.development.js:24930:9)
    at commitPassiveMountEffects_begin (/Users/ravindradave/Documents/Github/focus-flow-extension/node_modules/react-dom/cjs/react-dom.development.js:24917:7)
    at commitPassiveMountEffects (/Users/ravindradave/Documents/Github/focus-flow-extension/node_modules/react-dom/cjs/react-dom.development.js:24905:3)
    at flushPassiveEffectsImpl (/Users/ravindradave/Documents/Github/focus-flow-extension/node_modules/react-dom/cjs/react-dom.development.js:27078:3)
    at flushPassiveEffects (/Users/ravindradave/Documents/Github/focus-flow-extension/node_modules/react-dom/cjs/react-dom.development.js:27023:14)
    at /Users/ravindradave/Documents/Github/focus-flow-extension/node_modules/react-dom/cjs/react-dom.development.js:26808:9
Failed to fetch chart data: TypeError: chrome.runtime.sendMessage is not a function
    at fetchChartData (/Users/ravindradave/Documents/Github/focus-flow-extension/src/options/components/AnalyticsDashboard.tsx:57:26)
    at /Users/ravindradave/Documents/Github/focus-flow-extension/src/options/components/AnalyticsDashboard.tsx:92:5
    at commitHookEffectListMount (/Users/ravindradave/Documents/Github/focus-flow-extension/node_modules/react-dom/cjs/react-dom.development.js:23189:26)
    at commitPassiveMountOnFiber (/Users/ravindradave/Documents/Github/focus-flow-extension/node_modules/react-dom/cjs/react-dom.development.js:24970:11)
    at commitPassiveMountEffects_complete (/Users/ravindradave/Documents/Github/focus-flow-extension/node_modules/react-dom/cjs/react-dom.development.js:24930:9)
    at commitPassiveMountEffects_begin (/Users/ravindradave/Documents/Github/focus-flow-extension/node_modules/react-dom/cjs/react-dom.development.js:24917:7)
    at commitPassiveMountEffects (/Users/ravindradave/Documents/Github/focus-flow-extension/node_modules/react-dom/cjs/react-dom.development.js:24905:3)
    at flushPassiveEffectsImpl (/Users/ravindradave/Documents/Github/focus-flow-extension/node_modules/react-dom/cjs/react-dom.development.js:27078:3)
    at flushPassiveEffects (/Users/ravindradave/Documents/Github/focus-flow-extension/node_modules/react-dom/cjs/react-dom.development.js:27023:14)
    at /Users/ravindradave/Documents/Github/focus-flow-extension/node_modules/react-dom/cjs/react-dom.development.js:26808:9
Error: Uncaught [TypeError: Cannot read properties of undefined (reading 'addListener')]
    at reportException (/Users/ravindradave/Documents/Github/focus-flow-extension/node_modules/jsdom/lib/jsdom/living/helpers/runtime-script-errors.js:66:24)
    at innerInvokeEventListeners (/Users/ravindradave/Documents/Github/focus-flow-extension/node_modules/jsdom/lib/jsdom/living/events/EventTarget-impl.js:353:9)
    at invokeEventListeners (/Users/ravindradave/Documents/Github/focus-flow-extension/node_modules/jsdom/lib/jsdom/living/events/EventTarget-impl.js:286:3)
    at HTMLUnknownElementImpl._dispatch (/Users/ravindradave/Documents/Github/focus-flow-extension/node_modules/jsdom/lib/jsdom/living/events/EventTarget-impl.js:233:9)
    at HTMLUnknownElementImpl.dispatchEvent (/Users/ravindradave/Documents/Github/focus-flow-extension/node_modules/jsdom/lib/jsdom/living/events/EventTarget-impl.js:104:17)
    at HTMLUnknownElement.dispatchEvent (/Users/ravindradave/Documents/Github/focus-flow-extension/node_modules/jsdom/lib/jsdom/living/generated/EventTarget.js:241:34)
    at Object.invokeGuardedCallbackDev (/Users/ravindradave/Documents/Github/focus-flow-extension/node_modules/react-dom/cjs/react-dom.development.js:4213:16)
    at invokeGuardedCallback (/Users/ravindradave/Documents/Github/focus-flow-extension/node_modules/react-dom/cjs/react-dom.development.js:4277:31)
    at reportUncaughtErrorInDEV (/Users/ravindradave/Documents/Github/focus-flow-extension/node_modules/react-dom/cjs/react-dom.development.js:22877:5)
    at captureCommitPhaseError (/Users/ravindradave/Documents/Github/focus-flow-extension/node_modules/react-dom/cjs/react-dom.development.js:27165:5) TypeError: Cannot read properties of undefined (reading 'addListener')
    at /Users/ravindradave/Documents/Github/focus-flow-extension/src/hooks/useTheme.ts:113:30
    at commitHookEffectListMount (/Users/ravindradave/Documents/Github/focus-flow-extension/node_modules/react-dom/cjs/react-dom.development.js:23189:26)
    at commitPassiveMountOnFiber (/Users/ravindradave/Documents/Github/focus-flow-extension/node_modules/react-dom/cjs/react-dom.development.js:24970:11)
    at commitPassiveMountEffects_complete (/Users/ravindradave/Documents/Github/focus-flow-extension/node_modules/react-dom/cjs/react-dom.development.js:24930:9)
    at commitPassiveMountEffects_begin (/Users/ravindradave/Documents/Github/focus-flow-extension/node_modules/react-dom/cjs/react-dom.development.js:24917:7)
    at commitPassiveMountEffects (/Users/ravindradave/Documents/Github/focus-flow-extension/node_modules/react-dom/cjs/react-dom.development.js:24905:3)
    at flushPassiveEffectsImpl (/Users/ravindradave/Documents/Github/focus-flow-extension/node_modules/react-dom/cjs/react-dom.development.js:27078:3)
    at flushPassiveEffects (/Users/ravindradave/Documents/Github/focus-flow-extension/node_modules/react-dom/cjs/react-dom.development.js:27023:14)
    at /Users/ravindradave/Documents/Github/focus-flow-extension/node_modules/react-dom/cjs/react-dom.development.js:26808:9
    at flushActQueue (/Users/ravindradave/Documents/Github/focus-flow-extension/node_modules/react/cjs/react.development.js:2667:24)
The above error occurred in the <App> component:

    at App (/Users/ravindradave/Documents/Github/focus-flow-extension/src/options/App.tsx:14:59)

Consider adding an error boundary to your tree to customize error handling behavior.
Visit https://reactjs.org/link/error-boundaries to learn more about error boundaries.

stderr | tests/unit/options/App.test.tsx > Options App > Dashboard Toggles > should save nuclear mode toggle to storage when clicked
Failed to fetch analytics: TypeError: chrome.runtime.sendMessage is not a function
    at /Users/ravindradave/Documents/Github/focus-flow-extension/src/hooks/useAnalytics.ts:50:24
    at /Users/ravindradave/Documents/Github/focus-flow-extension/src/hooks/useAnalytics.ts:85:5
    at commitHookEffectListMount (/Users/ravindradave/Documents/Github/focus-flow-extension/node_modules/react-dom/cjs/react-dom.development.js:23189:26)
    at commitPassiveMountOnFiber (/Users/ravindradave/Documents/Github/focus-flow-extension/node_modules/react-dom/cjs/react-dom.development.js:24970:11)
    at commitPassiveMountEffects_complete (/Users/ravindradave/Documents/Github/focus-flow-extension/node_modules/react-dom/cjs/react-dom.development.js:24930:9)
    at commitPassiveMountEffects_begin (/Users/ravindradave/Documents/Github/focus-flow-extension/node_modules/react-dom/cjs/react-dom.development.js:24917:7)
    at commitPassiveMountEffects (/Users/ravindradave/Documents/Github/focus-flow-extension/node_modules/react-dom/cjs/react-dom.development.js:24905:3)
    at flushPassiveEffectsImpl (/Users/ravindradave/Documents/Github/focus-flow-extension/node_modules/react-dom/cjs/react-dom.development.js:27078:3)
    at flushPassiveEffects (/Users/ravindradave/Documents/Github/focus-flow-extension/node_modules/react-dom/cjs/react-dom.development.js:27023:14)
    at /Users/ravindradave/Documents/Github/focus-flow-extension/node_modules/react-dom/cjs/react-dom.development.js:26808:9
Failed to fetch chart data: TypeError: chrome.runtime.sendMessage is not a function
    at fetchChartData (/Users/ravindradave/Documents/Github/focus-flow-extension/src/options/components/AnalyticsDashboard.tsx:57:26)
    at /Users/ravindradave/Documents/Github/focus-flow-extension/src/options/components/AnalyticsDashboard.tsx:92:5
    at commitHookEffectListMount (/Users/ravindradave/Documents/Github/focus-flow-extension/node_modules/react-dom/cjs/react-dom.development.js:23189:26)
    at commitPassiveMountOnFiber (/Users/ravindradave/Documents/Github/focus-flow-extension/node_modules/react-dom/cjs/react-dom.development.js:24970:11)
    at commitPassiveMountEffects_complete (/Users/ravindradave/Documents/Github/focus-flow-extension/node_modules/react-dom/cjs/react-dom.development.js:24930:9)
    at commitPassiveMountEffects_begin (/Users/ravindradave/Documents/Github/focus-flow-extension/node_modules/react-dom/cjs/react-dom.development.js:24917:7)
    at commitPassiveMountEffects (/Users/ravindradave/Documents/Github/focus-flow-extension/node_modules/react-dom/cjs/react-dom.development.js:24905:3)
    at flushPassiveEffectsImpl (/Users/ravindradave/Documents/Github/focus-flow-extension/node_modules/react-dom/cjs/react-dom.development.js:27078:3)
    at flushPassiveEffects (/Users/ravindradave/Documents/Github/focus-flow-extension/node_modules/react-dom/cjs/react-dom.development.js:27023:14)
    at /Users/ravindradave/Documents/Github/focus-flow-extension/node_modules/react-dom/cjs/react-dom.development.js:26808:9
Error: Uncaught [TypeError: Cannot read properties of undefined (reading 'addListener')]
    at reportException (/Users/ravindradave/Documents/Github/focus-flow-extension/node_modules/jsdom/lib/jsdom/living/helpers/runtime-script-errors.js:66:24)
    at innerInvokeEventListeners (/Users/ravindradave/Documents/Github/focus-flow-extension/node_modules/jsdom/lib/jsdom/living/events/EventTarget-impl.js:353:9)
    at invokeEventListeners (/Users/ravindradave/Documents/Github/focus-flow-extension/node_modules/jsdom/lib/jsdom/living/events/EventTarget-impl.js:286:3)
    at HTMLUnknownElementImpl._dispatch (/Users/ravindradave/Documents/Github/focus-flow-extension/node_modules/jsdom/lib/jsdom/living/events/EventTarget-impl.js:233:9)
    at HTMLUnknownElementImpl.dispatchEvent (/Users/ravindradave/Documents/Github/focus-flow-extension/node_modules/jsdom/lib/jsdom/living/events/EventTarget-impl.js:104:17)
    at HTMLUnknownElement.dispatchEvent (/Users/ravindradave/Documents/Github/focus-flow-extension/node_modules/jsdom/lib/jsdom/living/generated/EventTarget.js:241:34)
    at Object.invokeGuardedCallbackDev (/Users/ravindradave/Documents/Github/focus-flow-extension/node_modules/react-dom/cjs/react-dom.development.js:4213:16)
    at invokeGuardedCallback (/Users/ravindradave/Documents/Github/focus-flow-extension/node_modules/react-dom/cjs/react-dom.development.js:4277:31)
    at reportUncaughtErrorInDEV (/Users/ravindradave/Documents/Github/focus-flow-extension/node_modules/react-dom/cjs/react-dom.development.js:22877:5)
    at captureCommitPhaseError (/Users/ravindradave/Documents/Github/focus-flow-extension/node_modules/react-dom/cjs/react-dom.development.js:27165:5) TypeError: Cannot read properties of undefined (reading 'addListener')
    at /Users/ravindradave/Documents/Github/focus-flow-extension/src/hooks/useTheme.ts:113:30
    at commitHookEffectListMount (/Users/ravindradave/Documents/Github/focus-flow-extension/node_modules/react-dom/cjs/react-dom.development.js:23189:26)
    at commitPassiveMountOnFiber (/Users/ravindradave/Documents/Github/focus-flow-extension/node_modules/react-dom/cjs/react-dom.development.js:24970:11)
    at commitPassiveMountEffects_complete (/Users/ravindradave/Documents/Github/focus-flow-extension/node_modules/react-dom/cjs/react-dom.development.js:24930:9)
    at commitPassiveMountEffects_begin (/Users/ravindradave/Documents/Github/focus-flow-extension/node_modules/react-dom/cjs/react-dom.development.js:24917:7)
    at commitPassiveMountEffects (/Users/ravindradave/Documents/Github/focus-flow-extension/node_modules/react-dom/cjs/react-dom.development.js:24905:3)
    at flushPassiveEffectsImpl (/Users/ravindradave/Documents/Github/focus-flow-extension/node_modules/react-dom/cjs/react-dom.development.js:27078:3)
    at flushPassiveEffects (/Users/ravindradave/Documents/Github/focus-flow-extension/node_modules/react-dom/cjs/react-dom.development.js:27023:14)
    at /Users/ravindradave/Documents/Github/focus-flow-extension/node_modules/react-dom/cjs/react-dom.development.js:26808:9
    at flushActQueue (/Users/ravindradave/Documents/Github/focus-flow-extension/node_modules/react/cjs/react.development.js:2667:24)
The above error occurred in the <App> component:

    at App (/Users/ravindradave/Documents/Github/focus-flow-extension/src/options/App.tsx:14:59)

Consider adding an error boundary to your tree to customize error handling behavior.
Visit https://reactjs.org/link/error-boundaries to learn more about error boundaries.

stderr | tests/unit/options/App.test.tsx > Options App > Dashboard Toggles > should save strict blocking toggle to storage when clicked
Failed to fetch analytics: TypeError: chrome.runtime.sendMessage is not a function
    at /Users/ravindradave/Documents/Github/focus-flow-extension/src/hooks/useAnalytics.ts:50:24
    at /Users/ravindradave/Documents/Github/focus-flow-extension/src/hooks/useAnalytics.ts:85:5
    at commitHookEffectListMount (/Users/ravindradave/Documents/Github/focus-flow-extension/node_modules/react-dom/cjs/react-dom.development.js:23189:26)
    at commitPassiveMountOnFiber (/Users/ravindradave/Documents/Github/focus-flow-extension/node_modules/react-dom/cjs/react-dom.development.js:24970:11)
    at commitPassiveMountEffects_complete (/Users/ravindradave/Documents/Github/focus-flow-extension/node_modules/react-dom/cjs/react-dom.development.js:24930:9)
    at commitPassiveMountEffects_begin (/Users/ravindradave/Documents/Github/focus-flow-extension/node_modules/react-dom/cjs/react-dom.development.js:24917:7)
    at commitPassiveMountEffects (/Users/ravindradave/Documents/Github/focus-flow-extension/node_modules/react-dom/cjs/react-dom.development.js:24905:3)
    at flushPassiveEffectsImpl (/Users/ravindradave/Documents/Github/focus-flow-extension/node_modules/react-dom/cjs/react-dom.development.js:27078:3)
    at flushPassiveEffects (/Users/ravindradave/Documents/Github/focus-flow-extension/node_modules/react-dom/cjs/react-dom.development.js:27023:14)
    at /Users/ravindradave/Documents/Github/focus-flow-extension/node_modules/react-dom/cjs/react-dom.development.js:26808:9
Failed to fetch chart data: TypeError: chrome.runtime.sendMessage is not a function
    at fetchChartData (/Users/ravindradave/Documents/Github/focus-flow-extension/src/options/components/AnalyticsDashboard.tsx:57:26)
    at /Users/ravindradave/Documents/Github/focus-flow-extension/src/options/components/AnalyticsDashboard.tsx:92:5
    at commitHookEffectListMount (/Users/ravindradave/Documents/Github/focus-flow-extension/node_modules/react-dom/cjs/react-dom.development.js:23189:26)
    at commitPassiveMountOnFiber (/Users/ravindradave/Documents/Github/focus-flow-extension/node_modules/react-dom/cjs/react-dom.development.js:24970:11)
    at commitPassiveMountEffects_complete (/Users/ravindradave/Documents/Github/focus-flow-extension/node_modules/react-dom/cjs/react-dom.development.js:24930:9)
    at commitPassiveMountEffects_begin (/Users/ravindradave/Documents/Github/focus-flow-extension/node_modules/react-dom/cjs/react-dom.development.js:24917:7)
    at commitPassiveMountEffects (/Users/ravindradave/Documents/Github/focus-flow-extension/node_modules/react-dom/cjs/react-dom.development.js:24905:3)
    at flushPassiveEffectsImpl (/Users/ravindradave/Documents/Github/focus-flow-extension/node_modules/react-dom/cjs/react-dom.development.js:27078:3)
    at flushPassiveEffects (/Users/ravindradave/Documents/Github/focus-flow-extension/node_modules/react-dom/cjs/react-dom.development.js:27023:14)
    at /Users/ravindradave/Documents/Github/focus-flow-extension/node_modules/react-dom/cjs/react-dom.development.js:26808:9
Error: Uncaught [TypeError: Cannot read properties of undefined (reading 'addListener')]
    at reportException (/Users/ravindradave/Documents/Github/focus-flow-extension/node_modules/jsdom/lib/jsdom/living/helpers/runtime-script-errors.js:66:24)
    at innerInvokeEventListeners (/Users/ravindradave/Documents/Github/focus-flow-extension/node_modules/jsdom/lib/jsdom/living/events/EventTarget-impl.js:353:9)
    at invokeEventListeners (/Users/ravindradave/Documents/Github/focus-flow-extension/node_modules/jsdom/lib/jsdom/living/events/EventTarget-impl.js:286:3)
    at HTMLUnknownElementImpl._dispatch (/Users/ravindradave/Documents/Github/focus-flow-extension/node_modules/jsdom/lib/jsdom/living/events/EventTarget-impl.js:233:9)
    at HTMLUnknownElementImpl.dispatchEvent (/Users/ravindradave/Documents/Github/focus-flow-extension/node_modules/jsdom/lib/jsdom/living/events/EventTarget-impl.js:104:17)
    at HTMLUnknownElement.dispatchEvent (/Users/ravindradave/Documents/Github/focus-flow-extension/node_modules/jsdom/lib/jsdom/living/generated/EventTarget.js:241:34)
    at Object.invokeGuardedCallbackDev (/Users/ravindradave/Documents/Github/focus-flow-extension/node_modules/react-dom/cjs/react-dom.development.js:4213:16)
    at invokeGuardedCallback (/Users/ravindradave/Documents/Github/focus-flow-extension/node_modules/react-dom/cjs/react-dom.development.js:4277:31)
    at reportUncaughtErrorInDEV (/Users/ravindradave/Documents/Github/focus-flow-extension/node_modules/react-dom/cjs/react-dom.development.js:22877:5)
    at captureCommitPhaseError (/Users/ravindradave/Documents/Github/focus-flow-extension/node_modules/react-dom/cjs/react-dom.development.js:27165:5) TypeError: Cannot read properties of undefined (reading 'addListener')
    at /Users/ravindradave/Documents/Github/focus-flow-extension/src/hooks/useTheme.ts:113:30
    at commitHookEffectListMount (/Users/ravindradave/Documents/Github/focus-flow-extension/node_modules/react-dom/cjs/react-dom.development.js:23189:26)
    at commitPassiveMountOnFiber (/Users/ravindradave/Documents/Github/focus-flow-extension/node_modules/react-dom/cjs/react-dom.development.js:24970:11)
    at commitPassiveMountEffects_complete (/Users/ravindradave/Documents/Github/focus-flow-extension/node_modules/react-dom/cjs/react-dom.development.js:24930:9)
    at commitPassiveMountEffects_begin (/Users/ravindradave/Documents/Github/focus-flow-extension/node_modules/react-dom/cjs/react-dom.development.js:24917:7)
    at commitPassiveMountEffects (/Users/ravindradave/Documents/Github/focus-flow-extension/node_modules/react-dom/cjs/react-dom.development.js:24905:3)
    at flushPassiveEffectsImpl (/Users/ravindradave/Documents/Github/focus-flow-extension/node_modules/react-dom/cjs/react-dom.development.js:27078:3)
    at flushPassiveEffects (/Users/ravindradave/Documents/Github/focus-flow-extension/node_modules/react-dom/cjs/react-dom.development.js:27023:14)
    at /Users/ravindradave/Documents/Github/focus-flow-extension/node_modules/react-dom/cjs/react-dom.development.js:26808:9
    at flushActQueue (/Users/ravindradave/Documents/Github/focus-flow-extension/node_modules/react/cjs/react.development.js:2667:24)
The above error occurred in the <App> component:

    at App (/Users/ravindradave/Documents/Github/focus-flow-extension/src/options/App.tsx:14:59)

Consider adding an error boundary to your tree to customize error handling behavior.
Visit https://reactjs.org/link/error-boundaries to learn more about error boundaries.

stderr | tests/unit/options/App.test.tsx > Options App > Dashboard Toggles > should update toggle UI optimistically
Failed to fetch analytics: TypeError: chrome.runtime.sendMessage is not a function
    at /Users/ravindradave/Documents/Github/focus-flow-extension/src/hooks/useAnalytics.ts:50:24
    at /Users/ravindradave/Documents/Github/focus-flow-extension/src/hooks/useAnalytics.ts:85:5
    at commitHookEffectListMount (/Users/ravindradave/Documents/Github/focus-flow-extension/node_modules/react-dom/cjs/react-dom.development.js:23189:26)
    at commitPassiveMountOnFiber (/Users/ravindradave/Documents/Github/focus-flow-extension/node_modules/react-dom/cjs/react-dom.development.js:24970:11)
    at commitPassiveMountEffects_complete (/Users/ravindradave/Documents/Github/focus-flow-extension/node_modules/react-dom/cjs/react-dom.development.js:24930:9)
    at commitPassiveMountEffects_begin (/Users/ravindradave/Documents/Github/focus-flow-extension/node_modules/react-dom/cjs/react-dom.development.js:24917:7)
    at commitPassiveMountEffects (/Users/ravindradave/Documents/Github/focus-flow-extension/node_modules/react-dom/cjs/react-dom.development.js:24905:3)
    at flushPassiveEffectsImpl (/Users/ravindradave/Documents/Github/focus-flow-extension/node_modules/react-dom/cjs/react-dom.development.js:27078:3)
    at flushPassiveEffects (/Users/ravindradave/Documents/Github/focus-flow-extension/node_modules/react-dom/cjs/react-dom.development.js:27023:14)
    at /Users/ravindradave/Documents/Github/focus-flow-extension/node_modules/react-dom/cjs/react-dom.development.js:26808:9
Failed to fetch chart data: TypeError: chrome.runtime.sendMessage is not a function
    at fetchChartData (/Users/ravindradave/Documents/Github/focus-flow-extension/src/options/components/AnalyticsDashboard.tsx:57:26)
    at /Users/ravindradave/Documents/Github/focus-flow-extension/src/options/components/AnalyticsDashboard.tsx:92:5
    at commitHookEffectListMount (/Users/ravindradave/Documents/Github/focus-flow-extension/node_modules/react-dom/cjs/react-dom.development.js:23189:26)
    at commitPassiveMountOnFiber (/Users/ravindradave/Documents/Github/focus-flow-extension/node_modules/react-dom/cjs/react-dom.development.js:24970:11)
    at commitPassiveMountEffects_complete (/Users/ravindradave/Documents/Github/focus-flow-extension/node_modules/react-dom/cjs/react-dom.development.js:24930:9)
    at commitPassiveMountEffects_begin (/Users/ravindradave/Documents/Github/focus-flow-extension/node_modules/react-dom/cjs/react-dom.development.js:24917:7)
    at commitPassiveMountEffects (/Users/ravindradave/Documents/Github/focus-flow-extension/node_modules/react-dom/cjs/react-dom.development.js:24905:3)
    at flushPassiveEffectsImpl (/Users/ravindradave/Documents/Github/focus-flow-extension/node_modules/react-dom/cjs/react-dom.development.js:27078:3)
    at flushPassiveEffects (/Users/ravindradave/Documents/Github/focus-flow-extension/node_modules/react-dom/cjs/react-dom.development.js:27023:14)
    at /Users/ravindradave/Documents/Github/focus-flow-extension/node_modules/react-dom/cjs/react-dom.development.js:26808:9
Error: Uncaught [TypeError: Cannot read properties of undefined (reading 'addListener')]
    at reportException (/Users/ravindradave/Documents/Github/focus-flow-extension/node_modules/jsdom/lib/jsdom/living/helpers/runtime-script-errors.js:66:24)
    at innerInvokeEventListeners (/Users/ravindradave/Documents/Github/focus-flow-extension/node_modules/jsdom/lib/jsdom/living/events/EventTarget-impl.js:353:9)
    at invokeEventListeners (/Users/ravindradave/Documents/Github/focus-flow-extension/node_modules/jsdom/lib/jsdom/living/events/EventTarget-impl.js:286:3)
    at HTMLUnknownElementImpl._dispatch (/Users/ravindradave/Documents/Github/focus-flow-extension/node_modules/jsdom/lib/jsdom/living/events/EventTarget-impl.js:233:9)
    at HTMLUnknownElementImpl.dispatchEvent (/Users/ravindradave/Documents/Github/focus-flow-extension/node_modules/jsdom/lib/jsdom/living/events/EventTarget-impl.js:104:17)
    at HTMLUnknownElement.dispatchEvent (/Users/ravindradave/Documents/Github/focus-flow-extension/node_modules/jsdom/lib/jsdom/living/generated/EventTarget.js:241:34)
    at Object.invokeGuardedCallbackDev (/Users/ravindradave/Documents/Github/focus-flow-extension/node_modules/react-dom/cjs/react-dom.development.js:4213:16)
    at invokeGuardedCallback (/Users/ravindradave/Documents/Github/focus-flow-extension/node_modules/react-dom/cjs/react-dom.development.js:4277:31)
    at reportUncaughtErrorInDEV (/Users/ravindradave/Documents/Github/focus-flow-extension/node_modules/react-dom/cjs/react-dom.development.js:22877:5)
    at captureCommitPhaseError (/Users/ravindradave/Documents/Github/focus-flow-extension/node_modules/react-dom/cjs/react-dom.development.js:27165:5) TypeError: Cannot read properties of undefined (reading 'addListener')
    at /Users/ravindradave/Documents/Github/focus-flow-extension/src/hooks/useTheme.ts:113:30
    at commitHookEffectListMount (/Users/ravindradave/Documents/Github/focus-flow-extension/node_modules/react-dom/cjs/react-dom.development.js:23189:26)
    at commitPassiveMountOnFiber (/Users/ravindradave/Documents/Github/focus-flow-extension/node_modules/react-dom/cjs/react-dom.development.js:24970:11)
    at commitPassiveMountEffects_complete (/Users/ravindradave/Documents/Github/focus-flow-extension/node_modules/react-dom/cjs/react-dom.development.js:24930:9)
    at commitPassiveMountEffects_begin (/Users/ravindradave/Documents/Github/focus-flow-extension/node_modules/react-dom/cjs/react-dom.development.js:24917:7)
    at commitPassiveMountEffects (/Users/ravindradave/Documents/Github/focus-flow-extension/node_modules/react-dom/cjs/react-dom.development.js:24905:3)
    at flushPassiveEffectsImpl (/Users/ravindradave/Documents/Github/focus-flow-extension/node_modules/react-dom/cjs/react-dom.development.js:27078:3)
    at flushPassiveEffects (/Users/ravindradave/Documents/Github/focus-flow-extension/node_modules/react-dom/cjs/react-dom.development.js:27023:14)
    at /Users/ravindradave/Documents/Github/focus-flow-extension/node_modules/react-dom/cjs/react-dom.development.js:26808:9
    at flushActQueue (/Users/ravindradave/Documents/Github/focus-flow-extension/node_modules/react/cjs/react.development.js:2667:24)
The above error occurred in the <App> component:

    at App (/Users/ravindradave/Documents/Github/focus-flow-extension/src/options/App.tsx:14:59)

Consider adding an error boundary to your tree to customize error handling behavior.
Visit https://reactjs.org/link/error-boundaries to learn more about error boundaries.

stderr | tests/unit/options/App.test.tsx > Options App > Dashboard Toggles > should disable toggles while loading
Failed to fetch analytics: TypeError: chrome.runtime.sendMessage is not a function
    at /Users/ravindradave/Documents/Github/focus-flow-extension/src/hooks/useAnalytics.ts:50:24
    at /Users/ravindradave/Documents/Github/focus-flow-extension/src/hooks/useAnalytics.ts:85:5
    at commitHookEffectListMount (/Users/ravindradave/Documents/Github/focus-flow-extension/node_modules/react-dom/cjs/react-dom.development.js:23189:26)
    at commitPassiveMountOnFiber (/Users/ravindradave/Documents/Github/focus-flow-extension/node_modules/react-dom/cjs/react-dom.development.js:24970:11)
    at commitPassiveMountEffects_complete (/Users/ravindradave/Documents/Github/focus-flow-extension/node_modules/react-dom/cjs/react-dom.development.js:24930:9)
    at commitPassiveMountEffects_begin (/Users/ravindradave/Documents/Github/focus-flow-extension/node_modules/react-dom/cjs/react-dom.development.js:24917:7)
    at commitPassiveMountEffects (/Users/ravindradave/Documents/Github/focus-flow-extension/node_modules/react-dom/cjs/react-dom.development.js:24905:3)
    at flushPassiveEffectsImpl (/Users/ravindradave/Documents/Github/focus-flow-extension/node_modules/react-dom/cjs/react-dom.development.js:27078:3)
    at flushPassiveEffects (/Users/ravindradave/Documents/Github/focus-flow-extension/node_modules/react-dom/cjs/react-dom.development.js:27023:14)
    at /Users/ravindradave/Documents/Github/focus-flow-extension/node_modules/react-dom/cjs/react-dom.development.js:26808:9
Failed to fetch chart data: TypeError: chrome.runtime.sendMessage is not a function
    at fetchChartData (/Users/ravindradave/Documents/Github/focus-flow-extension/src/options/components/AnalyticsDashboard.tsx:57:26)
    at /Users/ravindradave/Documents/Github/focus-flow-extension/src/options/components/AnalyticsDashboard.tsx:92:5
    at commitHookEffectListMount (/Users/ravindradave/Documents/Github/focus-flow-extension/node_modules/react-dom/cjs/react-dom.development.js:23189:26)
    at commitPassiveMountOnFiber (/Users/ravindradave/Documents/Github/focus-flow-extension/node_modules/react-dom/cjs/react-dom.development.js:24970:11)
    at commitPassiveMountEffects_complete (/Users/ravindradave/Documents/Github/focus-flow-extension/node_modules/react-dom/cjs/react-dom.development.js:24930:9)
    at commitPassiveMountEffects_begin (/Users/ravindradave/Documents/Github/focus-flow-extension/node_modules/react-dom/cjs/react-dom.development.js:24917:7)
    at commitPassiveMountEffects (/Users/ravindradave/Documents/Github/focus-flow-extension/node_modules/react-dom/cjs/react-dom.development.js:24905:3)
    at flushPassiveEffectsImpl (/Users/ravindradave/Documents/Github/focus-flow-extension/node_modules/react-dom/cjs/react-dom.development.js:27078:3)
    at flushPassiveEffects (/Users/ravindradave/Documents/Github/focus-flow-extension/node_modules/react-dom/cjs/react-dom.development.js:27023:14)
    at /Users/ravindradave/Documents/Github/focus-flow-extension/node_modules/react-dom/cjs/react-dom.development.js:26808:9
Error: Uncaught [TypeError: Cannot read properties of undefined (reading 'addListener')]
    at reportException (/Users/ravindradave/Documents/Github/focus-flow-extension/node_modules/jsdom/lib/jsdom/living/helpers/runtime-script-errors.js:66:24)
    at innerInvokeEventListeners (/Users/ravindradave/Documents/Github/focus-flow-extension/node_modules/jsdom/lib/jsdom/living/events/EventTarget-impl.js:353:9)
    at invokeEventListeners (/Users/ravindradave/Documents/Github/focus-flow-extension/node_modules/jsdom/lib/jsdom/living/events/EventTarget-impl.js:286:3)
    at HTMLUnknownElementImpl._dispatch (/Users/ravindradave/Documents/Github/focus-flow-extension/node_modules/jsdom/lib/jsdom/living/events/EventTarget-impl.js:233:9)
    at HTMLUnknownElementImpl.dispatchEvent (/Users/ravindradave/Documents/Github/focus-flow-extension/node_modules/jsdom/lib/jsdom/living/events/EventTarget-impl.js:104:17)
    at HTMLUnknownElement.dispatchEvent (/Users/ravindradave/Documents/Github/focus-flow-extension/node_modules/jsdom/lib/jsdom/living/generated/EventTarget.js:241:34)
    at Object.invokeGuardedCallbackDev (/Users/ravindradave/Documents/Github/focus-flow-extension/node_modules/react-dom/cjs/react-dom.development.js:4213:16)
    at invokeGuardedCallback (/Users/ravindradave/Documents/Github/focus-flow-extension/node_modules/react-dom/cjs/react-dom.development.js:4277:31)
    at reportUncaughtErrorInDEV (/Users/ravindradave/Documents/Github/focus-flow-extension/node_modules/react-dom/cjs/react-dom.development.js:22877:5)
    at captureCommitPhaseError (/Users/ravindradave/Documents/Github/focus-flow-extension/node_modules/react-dom/cjs/react-dom.development.js:27165:5) TypeError: Cannot read properties of undefined (reading 'addListener')
    at /Users/ravindradave/Documents/Github/focus-flow-extension/src/hooks/useTheme.ts:113:30
    at commitHookEffectListMount (/Users/ravindradave/Documents/Github/focus-flow-extension/node_modules/react-dom/cjs/react-dom.development.js:23189:26)
    at commitPassiveMountOnFiber (/Users/ravindradave/Documents/Github/focus-flow-extension/node_modules/react-dom/cjs/react-dom.development.js:24970:11)
    at commitPassiveMountEffects_complete (/Users/ravindradave/Documents/Github/focus-flow-extension/node_modules/react-dom/cjs/react-dom.development.js:24930:9)
    at commitPassiveMountEffects_begin (/Users/ravindradave/Documents/Github/focus-flow-extension/node_modules/react-dom/cjs/react-dom.development.js:24917:7)
    at commitPassiveMountEffects (/Users/ravindradave/Documents/Github/focus-flow-extension/node_modules/react-dom/cjs/react-dom.development.js:24905:3)
    at flushPassiveEffectsImpl (/Users/ravindradave/Documents/Github/focus-flow-extension/node_modules/react-dom/cjs/react-dom.development.js:27078:3)
    at flushPassiveEffects (/Users/ravindradave/Documents/Github/focus-flow-extension/node_modules/react-dom/cjs/react-dom.development.js:27023:14)
    at /Users/ravindradave/Documents/Github/focus-flow-extension/node_modules/react-dom/cjs/react-dom.development.js:26808:9
    at flushActQueue (/Users/ravindradave/Documents/Github/focus-flow-extension/node_modules/react/cjs/react.development.js:2667:24)
The above error occurred in the <App> component:

    at App (/Users/ravindradave/Documents/Github/focus-flow-extension/src/options/App.tsx:14:59)

Consider adding an error boundary to your tree to customize error handling behavior.
Visit https://reactjs.org/link/error-boundaries to learn more about error boundaries.

stderr | tests/unit/options/App.test.tsx > Options App > Theme Selector > should render all 3 theme options
Failed to fetch analytics: TypeError: chrome.runtime.sendMessage is not a function
    at /Users/ravindradave/Documents/Github/focus-flow-extension/src/hooks/useAnalytics.ts:50:24
    at /Users/ravindradave/Documents/Github/focus-flow-extension/src/hooks/useAnalytics.ts:85:5
    at commitHookEffectListMount (/Users/ravindradave/Documents/Github/focus-flow-extension/node_modules/react-dom/cjs/react-dom.development.js:23189:26)
    at commitPassiveMountOnFiber (/Users/ravindradave/Documents/Github/focus-flow-extension/node_modules/react-dom/cjs/react-dom.development.js:24970:11)
    at commitPassiveMountEffects_complete (/Users/ravindradave/Documents/Github/focus-flow-extension/node_modules/react-dom/cjs/react-dom.development.js:24930:9)
    at commitPassiveMountEffects_begin (/Users/ravindradave/Documents/Github/focus-flow-extension/node_modules/react-dom/cjs/react-dom.development.js:24917:7)
    at commitPassiveMountEffects (/Users/ravindradave/Documents/Github/focus-flow-extension/node_modules/react-dom/cjs/react-dom.development.js:24905:3)
    at flushPassiveEffectsImpl (/Users/ravindradave/Documents/Github/focus-flow-extension/node_modules/react-dom/cjs/react-dom.development.js:27078:3)
    at flushPassiveEffects (/Users/ravindradave/Documents/Github/focus-flow-extension/node_modules/react-dom/cjs/react-dom.development.js:27023:14)
    at /Users/ravindradave/Documents/Github/focus-flow-extension/node_modules/react-dom/cjs/react-dom.development.js:26808:9
Failed to fetch chart data: TypeError: chrome.runtime.sendMessage is not a function
    at fetchChartData (/Users/ravindradave/Documents/Github/focus-flow-extension/src/options/components/AnalyticsDashboard.tsx:57:26)
    at /Users/ravindradave/Documents/Github/focus-flow-extension/src/options/components/AnalyticsDashboard.tsx:92:5
    at commitHookEffectListMount (/Users/ravindradave/Documents/Github/focus-flow-extension/node_modules/react-dom/cjs/react-dom.development.js:23189:26)
    at commitPassiveMountOnFiber (/Users/ravindradave/Documents/Github/focus-flow-extension/node_modules/react-dom/cjs/react-dom.development.js:24970:11)
    at commitPassiveMountEffects_complete (/Users/ravindradave/Documents/Github/focus-flow-extension/node_modules/react-dom/cjs/react-dom.development.js:24930:9)
    at commitPassiveMountEffects_begin (/Users/ravindradave/Documents/Github/focus-flow-extension/node_modules/react-dom/cjs/react-dom.development.js:24917:7)
    at commitPassiveMountEffects (/Users/ravindradave/Documents/Github/focus-flow-extension/node_modules/react-dom/cjs/react-dom.development.js:24905:3)
    at flushPassiveEffectsImpl (/Users/ravindradave/Documents/Github/focus-flow-extension/node_modules/react-dom/cjs/react-dom.development.js:27078:3)
    at flushPassiveEffects (/Users/ravindradave/Documents/Github/focus-flow-extension/node_modules/react-dom/cjs/react-dom.development.js:27023:14)
    at /Users/ravindradave/Documents/Github/focus-flow-extension/node_modules/react-dom/cjs/react-dom.development.js:26808:9
Error: Uncaught [TypeError: Cannot read properties of undefined (reading 'addListener')]
    at reportException (/Users/ravindradave/Documents/Github/focus-flow-extension/node_modules/jsdom/lib/jsdom/living/helpers/runtime-script-errors.js:66:24)
    at innerInvokeEventListeners (/Users/ravindradave/Documents/Github/focus-flow-extension/node_modules/jsdom/lib/jsdom/living/events/EventTarget-impl.js:353:9)
    at invokeEventListeners (/Users/ravindradave/Documents/Github/focus-flow-extension/node_modules/jsdom/lib/jsdom/living/events/EventTarget-impl.js:286:3)
    at HTMLUnknownElementImpl._dispatch (/Users/ravindradave/Documents/Github/focus-flow-extension/node_modules/jsdom/lib/jsdom/living/events/EventTarget-impl.js:233:9)
    at HTMLUnknownElementImpl.dispatchEvent (/Users/ravindradave/Documents/Github/focus-flow-extension/node_modules/jsdom/lib/jsdom/living/events/EventTarget-impl.js:104:17)
    at HTMLUnknownElement.dispatchEvent (/Users/ravindradave/Documents/Github/focus-flow-extension/node_modules/jsdom/lib/jsdom/living/generated/EventTarget.js:241:34)
    at Object.invokeGuardedCallbackDev (/Users/ravindradave/Documents/Github/focus-flow-extension/node_modules/react-dom/cjs/react-dom.development.js:4213:16)
    at invokeGuardedCallback (/Users/ravindradave/Documents/Github/focus-flow-extension/node_modules/react-dom/cjs/react-dom.development.js:4277:31)
    at reportUncaughtErrorInDEV (/Users/ravindradave/Documents/Github/focus-flow-extension/node_modules/react-dom/cjs/react-dom.development.js:22877:5)
    at captureCommitPhaseError (/Users/ravindradave/Documents/Github/focus-flow-extension/node_modules/react-dom/cjs/react-dom.development.js:27165:5) TypeError: Cannot read properties of undefined (reading 'addListener')
    at /Users/ravindradave/Documents/Github/focus-flow-extension/src/hooks/useTheme.ts:113:30
    at commitHookEffectListMount (/Users/ravindradave/Documents/Github/focus-flow-extension/node_modules/react-dom/cjs/react-dom.development.js:23189:26)
    at commitPassiveMountOnFiber (/Users/ravindradave/Documents/Github/focus-flow-extension/node_modules/react-dom/cjs/react-dom.development.js:24970:11)
    at commitPassiveMountEffects_complete (/Users/ravindradave/Documents/Github/focus-flow-extension/node_modules/react-dom/cjs/react-dom.development.js:24930:9)
    at commitPassiveMountEffects_begin (/Users/ravindradave/Documents/Github/focus-flow-extension/node_modules/react-dom/cjs/react-dom.development.js:24917:7)
    at commitPassiveMountEffects (/Users/ravindradave/Documents/Github/focus-flow-extension/node_modules/react-dom/cjs/react-dom.development.js:24905:3)
    at flushPassiveEffectsImpl (/Users/ravindradave/Documents/Github/focus-flow-extension/node_modules/react-dom/cjs/react-dom.development.js:27078:3)
    at flushPassiveEffects (/Users/ravindradave/Documents/Github/focus-flow-extension/node_modules/react-dom/cjs/react-dom.development.js:27023:14)
    at /Users/ravindradave/Documents/Github/focus-flow-extension/node_modules/react-dom/cjs/react-dom.development.js:26808:9
    at flushActQueue (/Users/ravindradave/Documents/Github/focus-flow-extension/node_modules/react/cjs/react.development.js:2667:24)
The above error occurred in the <App> component:

    at App (/Users/ravindradave/Documents/Github/focus-flow-extension/src/options/App.tsx:14:59)

Consider adding an error boundary to your tree to customize error handling behavior.
Visit https://reactjs.org/link/error-boundaries to learn more about error boundaries.

stderr | tests/unit/options/App.test.tsx > Options App > Theme Selector > should highlight current theme
Failed to fetch analytics: TypeError: chrome.runtime.sendMessage is not a function
    at /Users/ravindradave/Documents/Github/focus-flow-extension/src/hooks/useAnalytics.ts:50:24
    at /Users/ravindradave/Documents/Github/focus-flow-extension/src/hooks/useAnalytics.ts:85:5
    at commitHookEffectListMount (/Users/ravindradave/Documents/Github/focus-flow-extension/node_modules/react-dom/cjs/react-dom.development.js:23189:26)
    at commitPassiveMountOnFiber (/Users/ravindradave/Documents/Github/focus-flow-extension/node_modules/react-dom/cjs/react-dom.development.js:24970:11)
    at commitPassiveMountEffects_complete (/Users/ravindradave/Documents/Github/focus-flow-extension/node_modules/react-dom/cjs/react-dom.development.js:24930:9)
    at commitPassiveMountEffects_begin (/Users/ravindradave/Documents/Github/focus-flow-extension/node_modules/react-dom/cjs/react-dom.development.js:24917:7)
    at commitPassiveMountEffects (/Users/ravindradave/Documents/Github/focus-flow-extension/node_modules/react-dom/cjs/react-dom.development.js:24905:3)
    at flushPassiveEffectsImpl (/Users/ravindradave/Documents/Github/focus-flow-extension/node_modules/react-dom/cjs/react-dom.development.js:27078:3)
    at flushPassiveEffects (/Users/ravindradave/Documents/Github/focus-flow-extension/node_modules/react-dom/cjs/react-dom.development.js:27023:14)
    at /Users/ravindradave/Documents/Github/focus-flow-extension/node_modules/react-dom/cjs/react-dom.development.js:26808:9
Failed to fetch chart data: TypeError: chrome.runtime.sendMessage is not a function
    at fetchChartData (/Users/ravindradave/Documents/Github/focus-flow-extension/src/options/components/AnalyticsDashboard.tsx:57:26)
    at /Users/ravindradave/Documents/Github/focus-flow-extension/src/options/components/AnalyticsDashboard.tsx:92:5
    at commitHookEffectListMount (/Users/ravindradave/Documents/Github/focus-flow-extension/node_modules/react-dom/cjs/react-dom.development.js:23189:26)
    at commitPassiveMountOnFiber (/Users/ravindradave/Documents/Github/focus-flow-extension/node_modules/react-dom/cjs/react-dom.development.js:24970:11)
    at commitPassiveMountEffects_complete (/Users/ravindradave/Documents/Github/focus-flow-extension/node_modules/react-dom/cjs/react-dom.development.js:24930:9)
    at commitPassiveMountEffects_begin (/Users/ravindradave/Documents/Github/focus-flow-extension/node_modules/react-dom/cjs/react-dom.development.js:24917:7)
    at commitPassiveMountEffects (/Users/ravindradave/Documents/Github/focus-flow-extension/node_modules/react-dom/cjs/react-dom.development.js:24905:3)
    at flushPassiveEffectsImpl (/Users/ravindradave/Documents/Github/focus-flow-extension/node_modules/react-dom/cjs/react-dom.development.js:27078:3)
    at flushPassiveEffects (/Users/ravindradave/Documents/Github/focus-flow-extension/node_modules/react-dom/cjs/react-dom.development.js:27023:14)
    at /Users/ravindradave/Documents/Github/focus-flow-extension/node_modules/react-dom/cjs/react-dom.development.js:26808:9
Error: Uncaught [TypeError: Cannot read properties of undefined (reading 'addListener')]
    at reportException (/Users/ravindradave/Documents/Github/focus-flow-extension/node_modules/jsdom/lib/jsdom/living/helpers/runtime-script-errors.js:66:24)
    at innerInvokeEventListeners (/Users/ravindradave/Documents/Github/focus-flow-extension/node_modules/jsdom/lib/jsdom/living/events/EventTarget-impl.js:353:9)
    at invokeEventListeners (/Users/ravindradave/Documents/Github/focus-flow-extension/node_modules/jsdom/lib/jsdom/living/events/EventTarget-impl.js:286:3)
    at HTMLUnknownElementImpl._dispatch (/Users/ravindradave/Documents/Github/focus-flow-extension/node_modules/jsdom/lib/jsdom/living/events/EventTarget-impl.js:233:9)
    at HTMLUnknownElementImpl.dispatchEvent (/Users/ravindradave/Documents/Github/focus-flow-extension/node_modules/jsdom/lib/jsdom/living/events/EventTarget-impl.js:104:17)
    at HTMLUnknownElement.dispatchEvent (/Users/ravindradave/Documents/Github/focus-flow-extension/node_modules/jsdom/lib/jsdom/living/generated/EventTarget.js:241:34)
    at Object.invokeGuardedCallbackDev (/Users/ravindradave/Documents/Github/focus-flow-extension/node_modules/react-dom/cjs/react-dom.development.js:4213:16)
    at invokeGuardedCallback (/Users/ravindradave/Documents/Github/focus-flow-extension/node_modules/react-dom/cjs/react-dom.development.js:4277:31)
    at reportUncaughtErrorInDEV (/Users/ravindradave/Documents/Github/focus-flow-extension/node_modules/react-dom/cjs/react-dom.development.js:22877:5)
    at captureCommitPhaseError (/Users/ravindradave/Documents/Github/focus-flow-extension/node_modules/react-dom/cjs/react-dom.development.js:27165:5) TypeError: Cannot read properties of undefined (reading 'addListener')
    at /Users/ravindradave/Documents/Github/focus-flow-extension/src/hooks/useTheme.ts:113:30
    at commitHookEffectListMount (/Users/ravindradave/Documents/Github/focus-flow-extension/node_modules/react-dom/cjs/react-dom.development.js:23189:26)
    at commitPassiveMountOnFiber (/Users/ravindradave/Documents/Github/focus-flow-extension/node_modules/react-dom/cjs/react-dom.development.js:24970:11)
    at commitPassiveMountEffects_complete (/Users/ravindradave/Documents/Github/focus-flow-extension/node_modules/react-dom/cjs/react-dom.development.js:24930:9)
    at commitPassiveMountEffects_begin (/Users/ravindradave/Documents/Github/focus-flow-extension/node_modules/react-dom/cjs/react-dom.development.js:24917:7)
    at commitPassiveMountEffects (/Users/ravindradave/Documents/Github/focus-flow-extension/node_modules/react-dom/cjs/react-dom.development.js:24905:3)
    at flushPassiveEffectsImpl (/Users/ravindradave/Documents/Github/focus-flow-extension/node_modules/react-dom/cjs/react-dom.development.js:27078:3)
    at flushPassiveEffects (/Users/ravindradave/Documents/Github/focus-flow-extension/node_modules/react-dom/cjs/react-dom.development.js:27023:14)
    at /Users/ravindradave/Documents/Github/focus-flow-extension/node_modules/react-dom/cjs/react-dom.development.js:26808:9
    at flushActQueue (/Users/ravindradave/Documents/Github/focus-flow-extension/node_modules/react/cjs/react.development.js:2667:24)
The above error occurred in the <App> component:

    at App (/Users/ravindradave/Documents/Github/focus-flow-extension/src/options/App.tsx:14:59)

Consider adding an error boundary to your tree to customize error handling behavior.
Visit https://reactjs.org/link/error-boundaries to learn more about error boundaries.

stderr | tests/unit/options/App.test.tsx > Options App > Theme Selector > should change theme when theme card is clicked
Failed to fetch analytics: TypeError: chrome.runtime.sendMessage is not a function
    at /Users/ravindradave/Documents/Github/focus-flow-extension/src/hooks/useAnalytics.ts:50:24
    at /Users/ravindradave/Documents/Github/focus-flow-extension/src/hooks/useAnalytics.ts:85:5
    at commitHookEffectListMount (/Users/ravindradave/Documents/Github/focus-flow-extension/node_modules/react-dom/cjs/react-dom.development.js:23189:26)
    at commitPassiveMountOnFiber (/Users/ravindradave/Documents/Github/focus-flow-extension/node_modules/react-dom/cjs/react-dom.development.js:24970:11)
    at commitPassiveMountEffects_complete (/Users/ravindradave/Documents/Github/focus-flow-extension/node_modules/react-dom/cjs/react-dom.development.js:24930:9)
    at commitPassiveMountEffects_begin (/Users/ravindradave/Documents/Github/focus-flow-extension/node_modules/react-dom/cjs/react-dom.development.js:24917:7)
    at commitPassiveMountEffects (/Users/ravindradave/Documents/Github/focus-flow-extension/node_modules/react-dom/cjs/react-dom.development.js:24905:3)
    at flushPassiveEffectsImpl (/Users/ravindradave/Documents/Github/focus-flow-extension/node_modules/react-dom/cjs/react-dom.development.js:27078:3)
    at flushPassiveEffects (/Users/ravindradave/Documents/Github/focus-flow-extension/node_modules/react-dom/cjs/react-dom.development.js:27023:14)
    at /Users/ravindradave/Documents/Github/focus-flow-extension/node_modules/react-dom/cjs/react-dom.development.js:26808:9
Failed to fetch chart data: TypeError: chrome.runtime.sendMessage is not a function
    at fetchChartData (/Users/ravindradave/Documents/Github/focus-flow-extension/src/options/components/AnalyticsDashboard.tsx:57:26)
    at /Users/ravindradave/Documents/Github/focus-flow-extension/src/options/components/AnalyticsDashboard.tsx:92:5
    at commitHookEffectListMount (/Users/ravindradave/Documents/Github/focus-flow-extension/node_modules/react-dom/cjs/react-dom.development.js:23189:26)
    at commitPassiveMountOnFiber (/Users/ravindradave/Documents/Github/focus-flow-extension/node_modules/react-dom/cjs/react-dom.development.js:24970:11)
    at commitPassiveMountEffects_complete (/Users/ravindradave/Documents/Github/focus-flow-extension/node_modules/react-dom/cjs/react-dom.development.js:24930:9)
    at commitPassiveMountEffects_begin (/Users/ravindradave/Documents/Github/focus-flow-extension/node_modules/react-dom/cjs/react-dom.development.js:24917:7)
    at commitPassiveMountEffects (/Users/ravindradave/Documents/Github/focus-flow-extension/node_modules/react-dom/cjs/react-dom.development.js:24905:3)
    at flushPassiveEffectsImpl (/Users/ravindradave/Documents/Github/focus-flow-extension/node_modules/react-dom/cjs/react-dom.development.js:27078:3)
    at flushPassiveEffects (/Users/ravindradave/Documents/Github/focus-flow-extension/node_modules/react-dom/cjs/react-dom.development.js:27023:14)
    at /Users/ravindradave/Documents/Github/focus-flow-extension/node_modules/react-dom/cjs/react-dom.development.js:26808:9
Error: Uncaught [TypeError: Cannot read properties of undefined (reading 'addListener')]
    at reportException (/Users/ravindradave/Documents/Github/focus-flow-extension/node_modules/jsdom/lib/jsdom/living/helpers/runtime-script-errors.js:66:24)
    at innerInvokeEventListeners (/Users/ravindradave/Documents/Github/focus-flow-extension/node_modules/jsdom/lib/jsdom/living/events/EventTarget-impl.js:353:9)
    at invokeEventListeners (/Users/ravindradave/Documents/Github/focus-flow-extension/node_modules/jsdom/lib/jsdom/living/events/EventTarget-impl.js:286:3)
    at HTMLUnknownElementImpl._dispatch (/Users/ravindradave/Documents/Github/focus-flow-extension/node_modules/jsdom/lib/jsdom/living/events/EventTarget-impl.js:233:9)
    at HTMLUnknownElementImpl.dispatchEvent (/Users/ravindradave/Documents/Github/focus-flow-extension/node_modules/jsdom/lib/jsdom/living/events/EventTarget-impl.js:104:17)
    at HTMLUnknownElement.dispatchEvent (/Users/ravindradave/Documents/Github/focus-flow-extension/node_modules/jsdom/lib/jsdom/living/generated/EventTarget.js:241:34)
    at Object.invokeGuardedCallbackDev (/Users/ravindradave/Documents/Github/focus-flow-extension/node_modules/react-dom/cjs/react-dom.development.js:4213:16)
    at invokeGuardedCallback (/Users/ravindradave/Documents/Github/focus-flow-extension/node_modules/react-dom/cjs/react-dom.development.js:4277:31)
    at reportUncaughtErrorInDEV (/Users/ravindradave/Documents/Github/focus-flow-extension/node_modules/react-dom/cjs/react-dom.development.js:22877:5)
    at captureCommitPhaseError (/Users/ravindradave/Documents/Github/focus-flow-extension/node_modules/react-dom/cjs/react-dom.development.js:27165:5) TypeError: Cannot read properties of undefined (reading 'addListener')
    at /Users/ravindradave/Documents/Github/focus-flow-extension/src/hooks/useTheme.ts:113:30
    at commitHookEffectListMount (/Users/ravindradave/Documents/Github/focus-flow-extension/node_modules/react-dom/cjs/react-dom.development.js:23189:26)
    at commitPassiveMountOnFiber (/Users/ravindradave/Documents/Github/focus-flow-extension/node_modules/react-dom/cjs/react-dom.development.js:24970:11)
    at commitPassiveMountEffects_complete (/Users/ravindradave/Documents/Github/focus-flow-extension/node_modules/react-dom/cjs/react-dom.development.js:24930:9)
    at commitPassiveMountEffects_begin (/Users/ravindradave/Documents/Github/focus-flow-extension/node_modules/react-dom/cjs/react-dom.development.js:24917:7)
    at commitPassiveMountEffects (/Users/ravindradave/Documents/Github/focus-flow-extension/node_modules/react-dom/cjs/react-dom.development.js:24905:3)
    at flushPassiveEffectsImpl (/Users/ravindradave/Documents/Github/focus-flow-extension/node_modules/react-dom/cjs/react-dom.development.js:27078:3)
    at flushPassiveEffects (/Users/ravindradave/Documents/Github/focus-flow-extension/node_modules/react-dom/cjs/react-dom.development.js:27023:14)
    at /Users/ravindradave/Documents/Github/focus-flow-extension/node_modules/react-dom/cjs/react-dom.development.js:26808:9
    at flushActQueue (/Users/ravindradave/Documents/Github/focus-flow-extension/node_modules/react/cjs/react.development.js:2667:24)
The above error occurred in the <App> component:

    at App (/Users/ravindradave/Documents/Github/focus-flow-extension/src/options/App.tsx:14:59)

Consider adding an error boundary to your tree to customize error handling behavior.
Visit https://reactjs.org/link/error-boundaries to learn more about error boundaries.

stderr | tests/unit/options/App.test.tsx > Options App > Sound Settings > should load sound settings from storage
Failed to fetch analytics: TypeError: chrome.runtime.sendMessage is not a function
    at /Users/ravindradave/Documents/Github/focus-flow-extension/src/hooks/useAnalytics.ts:50:24
    at /Users/ravindradave/Documents/Github/focus-flow-extension/src/hooks/useAnalytics.ts:85:5
    at commitHookEffectListMount (/Users/ravindradave/Documents/Github/focus-flow-extension/node_modules/react-dom/cjs/react-dom.development.js:23189:26)
    at commitPassiveMountOnFiber (/Users/ravindradave/Documents/Github/focus-flow-extension/node_modules/react-dom/cjs/react-dom.development.js:24970:11)
    at commitPassiveMountEffects_complete (/Users/ravindradave/Documents/Github/focus-flow-extension/node_modules/react-dom/cjs/react-dom.development.js:24930:9)
    at commitPassiveMountEffects_begin (/Users/ravindradave/Documents/Github/focus-flow-extension/node_modules/react-dom/cjs/react-dom.development.js:24917:7)
    at commitPassiveMountEffects (/Users/ravindradave/Documents/Github/focus-flow-extension/node_modules/react-dom/cjs/react-dom.development.js:24905:3)
    at flushPassiveEffectsImpl (/Users/ravindradave/Documents/Github/focus-flow-extension/node_modules/react-dom/cjs/react-dom.development.js:27078:3)
    at flushPassiveEffects (/Users/ravindradave/Documents/Github/focus-flow-extension/node_modules/react-dom/cjs/react-dom.development.js:27023:14)
    at /Users/ravindradave/Documents/Github/focus-flow-extension/node_modules/react-dom/cjs/react-dom.development.js:26808:9
Failed to fetch chart data: TypeError: chrome.runtime.sendMessage is not a function
    at fetchChartData (/Users/ravindradave/Documents/Github/focus-flow-extension/src/options/components/AnalyticsDashboard.tsx:57:26)
    at /Users/ravindradave/Documents/Github/focus-flow-extension/src/options/components/AnalyticsDashboard.tsx:92:5
    at commitHookEffectListMount (/Users/ravindradave/Documents/Github/focus-flow-extension/node_modules/react-dom/cjs/react-dom.development.js:23189:26)
    at commitPassiveMountOnFiber (/Users/ravindradave/Documents/Github/focus-flow-extension/node_modules/react-dom/cjs/react-dom.development.js:24970:11)
    at commitPassiveMountEffects_complete (/Users/ravindradave/Documents/Github/focus-flow-extension/node_modules/react-dom/cjs/react-dom.development.js:24930:9)
    at commitPassiveMountEffects_begin (/Users/ravindradave/Documents/Github/focus-flow-extension/node_modules/react-dom/cjs/react-dom.development.js:24917:7)
    at commitPassiveMountEffects (/Users/ravindradave/Documents/Github/focus-flow-extension/node_modules/react-dom/cjs/react-dom.development.js:24905:3)
    at flushPassiveEffectsImpl (/Users/ravindradave/Documents/Github/focus-flow-extension/node_modules/react-dom/cjs/react-dom.development.js:27078:3)
    at flushPassiveEffects (/Users/ravindradave/Documents/Github/focus-flow-extension/node_modules/react-dom/cjs/react-dom.development.js:27023:14)
    at /Users/ravindradave/Documents/Github/focus-flow-extension/node_modules/react-dom/cjs/react-dom.development.js:26808:9
Error: Uncaught [TypeError: Cannot read properties of undefined (reading 'addListener')]
    at reportException (/Users/ravindradave/Documents/Github/focus-flow-extension/node_modules/jsdom/lib/jsdom/living/helpers/runtime-script-errors.js:66:24)
    at innerInvokeEventListeners (/Users/ravindradave/Documents/Github/focus-flow-extension/node_modules/jsdom/lib/jsdom/living/events/EventTarget-impl.js:353:9)
    at invokeEventListeners (/Users/ravindradave/Documents/Github/focus-flow-extension/node_modules/jsdom/lib/jsdom/living/events/EventTarget-impl.js:286:3)
    at HTMLUnknownElementImpl._dispatch (/Users/ravindradave/Documents/Github/focus-flow-extension/node_modules/jsdom/lib/jsdom/living/events/EventTarget-impl.js:233:9)
    at HTMLUnknownElementImpl.dispatchEvent (/Users/ravindradave/Documents/Github/focus-flow-extension/node_modules/jsdom/lib/jsdom/living/events/EventTarget-impl.js:104:17)
    at HTMLUnknownElement.dispatchEvent (/Users/ravindradave/Documents/Github/focus-flow-extension/node_modules/jsdom/lib/jsdom/living/generated/EventTarget.js:241:34)
    at Object.invokeGuardedCallbackDev (/Users/ravindradave/Documents/Github/focus-flow-extension/node_modules/react-dom/cjs/react-dom.development.js:4213:16)
    at invokeGuardedCallback (/Users/ravindradave/Documents/Github/focus-flow-extension/node_modules/react-dom/cjs/react-dom.development.js:4277:31)
    at reportUncaughtErrorInDEV (/Users/ravindradave/Documents/Github/focus-flow-extension/node_modules/react-dom/cjs/react-dom.development.js:22877:5)
    at captureCommitPhaseError (/Users/ravindradave/Documents/Github/focus-flow-extension/node_modules/react-dom/cjs/react-dom.development.js:27165:5) TypeError: Cannot read properties of undefined (reading 'addListener')
    at /Users/ravindradave/Documents/Github/focus-flow-extension/src/hooks/useTheme.ts:113:30
    at commitHookEffectListMount (/Users/ravindradave/Documents/Github/focus-flow-extension/node_modules/react-dom/cjs/react-dom.development.js:23189:26)
    at commitPassiveMountOnFiber (/Users/ravindradave/Documents/Github/focus-flow-extension/node_modules/react-dom/cjs/react-dom.development.js:24970:11)
    at commitPassiveMountEffects_complete (/Users/ravindradave/Documents/Github/focus-flow-extension/node_modules/react-dom/cjs/react-dom.development.js:24930:9)
    at commitPassiveMountEffects_begin (/Users/ravindradave/Documents/Github/focus-flow-extension/node_modules/react-dom/cjs/react-dom.development.js:24917:7)
    at commitPassiveMountEffects (/Users/ravindradave/Documents/Github/focus-flow-extension/node_modules/react-dom/cjs/react-dom.development.js:24905:3)
    at flushPassiveEffectsImpl (/Users/ravindradave/Documents/Github/focus-flow-extension/node_modules/react-dom/cjs/react-dom.development.js:27078:3)
    at flushPassiveEffects (/Users/ravindradave/Documents/Github/focus-flow-extension/node_modules/react-dom/cjs/react-dom.development.js:27023:14)
    at /Users/ravindradave/Documents/Github/focus-flow-extension/node_modules/react-dom/cjs/react-dom.development.js:26808:9
    at flushActQueue (/Users/ravindradave/Documents/Github/focus-flow-extension/node_modules/react/cjs/react.development.js:2667:24)
The above error occurred in the <App> component:

    at App (/Users/ravindradave/Documents/Github/focus-flow-extension/src/options/App.tsx:14:59)

Consider adding an error boundary to your tree to customize error handling behavior.
Visit https://reactjs.org/link/error-boundaries to learn more about error boundaries.

stderr | tests/unit/options/App.test.tsx > Options App > Sound Settings > should save sound enabled toggle to storage
Failed to fetch analytics: TypeError: chrome.runtime.sendMessage is not a function
    at /Users/ravindradave/Documents/Github/focus-flow-extension/src/hooks/useAnalytics.ts:50:24
    at /Users/ravindradave/Documents/Github/focus-flow-extension/src/hooks/useAnalytics.ts:85:5
    at commitHookEffectListMount (/Users/ravindradave/Documents/Github/focus-flow-extension/node_modules/react-dom/cjs/react-dom.development.js:23189:26)
    at commitPassiveMountOnFiber (/Users/ravindradave/Documents/Github/focus-flow-extension/node_modules/react-dom/cjs/react-dom.development.js:24970:11)
    at commitPassiveMountEffects_complete (/Users/ravindradave/Documents/Github/focus-flow-extension/node_modules/react-dom/cjs/react-dom.development.js:24930:9)
    at commitPassiveMountEffects_begin (/Users/ravindradave/Documents/Github/focus-flow-extension/node_modules/react-dom/cjs/react-dom.development.js:24917:7)
    at commitPassiveMountEffects (/Users/ravindradave/Documents/Github/focus-flow-extension/node_modules/react-dom/cjs/react-dom.development.js:24905:3)
    at flushPassiveEffectsImpl (/Users/ravindradave/Documents/Github/focus-flow-extension/node_modules/react-dom/cjs/react-dom.development.js:27078:3)
    at flushPassiveEffects (/Users/ravindradave/Documents/Github/focus-flow-extension/node_modules/react-dom/cjs/react-dom.development.js:27023:14)
    at /Users/ravindradave/Documents/Github/focus-flow-extension/node_modules/react-dom/cjs/react-dom.development.js:26808:9
Failed to fetch chart data: TypeError: chrome.runtime.sendMessage is not a function
    at fetchChartData (/Users/ravindradave/Documents/Github/focus-flow-extension/src/options/components/AnalyticsDashboard.tsx:57:26)
    at /Users/ravindradave/Documents/Github/focus-flow-extension/src/options/components/AnalyticsDashboard.tsx:92:5
    at commitHookEffectListMount (/Users/ravindradave/Documents/Github/focus-flow-extension/node_modules/react-dom/cjs/react-dom.development.js:23189:26)
    at commitPassiveMountOnFiber (/Users/ravindradave/Documents/Github/focus-flow-extension/node_modules/react-dom/cjs/react-dom.development.js:24970:11)
    at commitPassiveMountEffects_complete (/Users/ravindradave/Documents/Github/focus-flow-extension/node_modules/react-dom/cjs/react-dom.development.js:24930:9)
    at commitPassiveMountEffects_begin (/Users/ravindradave/Documents/Github/focus-flow-extension/node_modules/react-dom/cjs/react-dom.development.js:24917:7)
    at commitPassiveMountEffects (/Users/ravindradave/Documents/Github/focus-flow-extension/node_modules/react-dom/cjs/react-dom.development.js:24905:3)
    at flushPassiveEffectsImpl (/Users/ravindradave/Documents/Github/focus-flow-extension/node_modules/react-dom/cjs/react-dom.development.js:27078:3)
    at flushPassiveEffects (/Users/ravindradave/Documents/Github/focus-flow-extension/node_modules/react-dom/cjs/react-dom.development.js:27023:14)
    at /Users/ravindradave/Documents/Github/focus-flow-extension/node_modules/react-dom/cjs/react-dom.development.js:26808:9
Error: Uncaught [TypeError: Cannot read properties of undefined (reading 'addListener')]
    at reportException (/Users/ravindradave/Documents/Github/focus-flow-extension/node_modules/jsdom/lib/jsdom/living/helpers/runtime-script-errors.js:66:24)
    at innerInvokeEventListeners (/Users/ravindradave/Documents/Github/focus-flow-extension/node_modules/jsdom/lib/jsdom/living/events/EventTarget-impl.js:353:9)
    at invokeEventListeners (/Users/ravindradave/Documents/Github/focus-flow-extension/node_modules/jsdom/lib/jsdom/living/events/EventTarget-impl.js:286:3)
    at HTMLUnknownElementImpl._dispatch (/Users/ravindradave/Documents/Github/focus-flow-extension/node_modules/jsdom/lib/jsdom/living/events/EventTarget-impl.js:233:9)
    at HTMLUnknownElementImpl.dispatchEvent (/Users/ravindradave/Documents/Github/focus-flow-extension/node_modules/jsdom/lib/jsdom/living/events/EventTarget-impl.js:104:17)
    at HTMLUnknownElement.dispatchEvent (/Users/ravindradave/Documents/Github/focus-flow-extension/node_modules/jsdom/lib/jsdom/living/generated/EventTarget.js:241:34)
    at Object.invokeGuardedCallbackDev (/Users/ravindradave/Documents/Github/focus-flow-extension/node_modules/react-dom/cjs/react-dom.development.js:4213:16)
    at invokeGuardedCallback (/Users/ravindradave/Documents/Github/focus-flow-extension/node_modules/react-dom/cjs/react-dom.development.js:4277:31)
    at reportUncaughtErrorInDEV (/Users/ravindradave/Documents/Github/focus-flow-extension/node_modules/react-dom/cjs/react-dom.development.js:22877:5)
    at captureCommitPhaseError (/Users/ravindradave/Documents/Github/focus-flow-extension/node_modules/react-dom/cjs/react-dom.development.js:27165:5) TypeError: Cannot read properties of undefined (reading 'addListener')
    at /Users/ravindradave/Documents/Github/focus-flow-extension/src/hooks/useTheme.ts:113:30
    at commitHookEffectListMount (/Users/ravindradave/Documents/Github/focus-flow-extension/node_modules/react-dom/cjs/react-dom.development.js:23189:26)
    at commitPassiveMountOnFiber (/Users/ravindradave/Documents/Github/focus-flow-extension/node_modules/react-dom/cjs/react-dom.development.js:24970:11)
    at commitPassiveMountEffects_complete (/Users/ravindradave/Documents/Github/focus-flow-extension/node_modules/react-dom/cjs/react-dom.development.js:24930:9)
    at commitPassiveMountEffects_begin (/Users/ravindradave/Documents/Github/focus-flow-extension/node_modules/react-dom/cjs/react-dom.development.js:24917:7)
    at commitPassiveMountEffects (/Users/ravindradave/Documents/Github/focus-flow-extension/node_modules/react-dom/cjs/react-dom.development.js:24905:3)
    at flushPassiveEffectsImpl (/Users/ravindradave/Documents/Github/focus-flow-extension/node_modules/react-dom/cjs/react-dom.development.js:27078:3)
    at flushPassiveEffects (/Users/ravindradave/Documents/Github/focus-flow-extension/node_modules/react-dom/cjs/react-dom.development.js:27023:14)
    at /Users/ravindradave/Documents/Github/focus-flow-extension/node_modules/react-dom/cjs/react-dom.development.js:26808:9
    at flushActQueue (/Users/ravindradave/Documents/Github/focus-flow-extension/node_modules/react/cjs/react.development.js:2667:24)
The above error occurred in the <App> component:

    at App (/Users/ravindradave/Documents/Github/focus-flow-extension/src/options/App.tsx:14:59)

Consider adding an error boundary to your tree to customize error handling behavior.
Visit https://reactjs.org/link/error-boundaries to learn more about error boundaries.

stderr | tests/unit/options/App.test.tsx > Options App > Sound Settings > should save volume changes to storage
Failed to fetch analytics: TypeError: chrome.runtime.sendMessage is not a function
    at /Users/ravindradave/Documents/Github/focus-flow-extension/src/hooks/useAnalytics.ts:50:24
    at /Users/ravindradave/Documents/Github/focus-flow-extension/src/hooks/useAnalytics.ts:85:5
    at commitHookEffectListMount (/Users/ravindradave/Documents/Github/focus-flow-extension/node_modules/react-dom/cjs/react-dom.development.js:23189:26)
    at commitPassiveMountOnFiber (/Users/ravindradave/Documents/Github/focus-flow-extension/node_modules/react-dom/cjs/react-dom.development.js:24970:11)
    at commitPassiveMountEffects_complete (/Users/ravindradave/Documents/Github/focus-flow-extension/node_modules/react-dom/cjs/react-dom.development.js:24930:9)
    at commitPassiveMountEffects_begin (/Users/ravindradave/Documents/Github/focus-flow-extension/node_modules/react-dom/cjs/react-dom.development.js:24917:7)
    at commitPassiveMountEffects (/Users/ravindradave/Documents/Github/focus-flow-extension/node_modules/react-dom/cjs/react-dom.development.js:24905:3)
    at flushPassiveEffectsImpl (/Users/ravindradave/Documents/Github/focus-flow-extension/node_modules/react-dom/cjs/react-dom.development.js:27078:3)
    at flushPassiveEffects (/Users/ravindradave/Documents/Github/focus-flow-extension/node_modules/react-dom/cjs/react-dom.development.js:27023:14)
    at /Users/ravindradave/Documents/Github/focus-flow-extension/node_modules/react-dom/cjs/react-dom.development.js:26808:9
Failed to fetch chart data: TypeError: chrome.runtime.sendMessage is not a function
    at fetchChartData (/Users/ravindradave/Documents/Github/focus-flow-extension/src/options/components/AnalyticsDashboard.tsx:57:26)
    at /Users/ravindradave/Documents/Github/focus-flow-extension/src/options/components/AnalyticsDashboard.tsx:92:5
    at commitHookEffectListMount (/Users/ravindradave/Documents/Github/focus-flow-extension/node_modules/react-dom/cjs/react-dom.development.js:23189:26)
    at commitPassiveMountOnFiber (/Users/ravindradave/Documents/Github/focus-flow-extension/node_modules/react-dom/cjs/react-dom.development.js:24970:11)
    at commitPassiveMountEffects_complete (/Users/ravindradave/Documents/Github/focus-flow-extension/node_modules/react-dom/cjs/react-dom.development.js:24930:9)
    at commitPassiveMountEffects_begin (/Users/ravindradave/Documents/Github/focus-flow-extension/node_modules/react-dom/cjs/react-dom.development.js:24917:7)
    at commitPassiveMountEffects (/Users/ravindradave/Documents/Github/focus-flow-extension/node_modules/react-dom/cjs/react-dom.development.js:24905:3)
    at flushPassiveEffectsImpl (/Users/ravindradave/Documents/Github/focus-flow-extension/node_modules/react-dom/cjs/react-dom.development.js:27078:3)
    at flushPassiveEffects (/Users/ravindradave/Documents/Github/focus-flow-extension/node_modules/react-dom/cjs/react-dom.development.js:27023:14)
    at /Users/ravindradave/Documents/Github/focus-flow-extension/node_modules/react-dom/cjs/react-dom.development.js:26808:9
Error: Uncaught [TypeError: Cannot read properties of undefined (reading 'addListener')]
    at reportException (/Users/ravindradave/Documents/Github/focus-flow-extension/node_modules/jsdom/lib/jsdom/living/helpers/runtime-script-errors.js:66:24)
    at innerInvokeEventListeners (/Users/ravindradave/Documents/Github/focus-flow-extension/node_modules/jsdom/lib/jsdom/living/events/EventTarget-impl.js:353:9)
    at invokeEventListeners (/Users/ravindradave/Documents/Github/focus-flow-extension/node_modules/jsdom/lib/jsdom/living/events/EventTarget-impl.js:286:3)
    at HTMLUnknownElementImpl._dispatch (/Users/ravindradave/Documents/Github/focus-flow-extension/node_modules/jsdom/lib/jsdom/living/events/EventTarget-impl.js:233:9)
    at HTMLUnknownElementImpl.dispatchEvent (/Users/ravindradave/Documents/Github/focus-flow-extension/node_modules/jsdom/lib/jsdom/living/events/EventTarget-impl.js:104:17)
    at HTMLUnknownElement.dispatchEvent (/Users/ravindradave/Documents/Github/focus-flow-extension/node_modules/jsdom/lib/jsdom/living/generated/EventTarget.js:241:34)
    at Object.invokeGuardedCallbackDev (/Users/ravindradave/Documents/Github/focus-flow-extension/node_modules/react-dom/cjs/react-dom.development.js:4213:16)
    at invokeGuardedCallback (/Users/ravindradave/Documents/Github/focus-flow-extension/node_modules/react-dom/cjs/react-dom.development.js:4277:31)
    at reportUncaughtErrorInDEV (/Users/ravindradave/Documents/Github/focus-flow-extension/node_modules/react-dom/cjs/react-dom.development.js:22877:5)
    at captureCommitPhaseError (/Users/ravindradave/Documents/Github/focus-flow-extension/node_modules/react-dom/cjs/react-dom.development.js:27165:5) TypeError: Cannot read properties of undefined (reading 'addListener')
    at /Users/ravindradave/Documents/Github/focus-flow-extension/src/hooks/useTheme.ts:113:30
    at commitHookEffectListMount (/Users/ravindradave/Documents/Github/focus-flow-extension/node_modules/react-dom/cjs/react-dom.development.js:23189:26)
    at commitPassiveMountOnFiber (/Users/ravindradave/Documents/Github/focus-flow-extension/node_modules/react-dom/cjs/react-dom.development.js:24970:11)
    at commitPassiveMountEffects_complete (/Users/ravindradave/Documents/Github/focus-flow-extension/node_modules/react-dom/cjs/react-dom.development.js:24930:9)
    at commitPassiveMountEffects_begin (/Users/ravindradave/Documents/Github/focus-flow-extension/node_modules/react-dom/cjs/react-dom.development.js:24917:7)
    at commitPassiveMountEffects (/Users/ravindradave/Documents/Github/focus-flow-extension/node_modules/react-dom/cjs/react-dom.development.js:24905:3)
    at flushPassiveEffectsImpl (/Users/ravindradave/Documents/Github/focus-flow-extension/node_modules/react-dom/cjs/react-dom.development.js:27078:3)
    at flushPassiveEffects (/Users/ravindradave/Documents/Github/focus-flow-extension/node_modules/react-dom/cjs/react-dom.development.js:27023:14)
    at /Users/ravindradave/Documents/Github/focus-flow-extension/node_modules/react-dom/cjs/react-dom.development.js:26808:9
    at flushActQueue (/Users/ravindradave/Documents/Github/focus-flow-extension/node_modules/react/cjs/react.development.js:2667:24)
The above error occurred in the <App> component:

    at App (/Users/ravindradave/Documents/Github/focus-flow-extension/src/options/App.tsx:14:59)

Consider adding an error boundary to your tree to customize error handling behavior.
Visit https://reactjs.org/link/error-boundaries to learn more about error boundaries.

stderr | tests/unit/options/App.test.tsx > Options App > Sound Settings > should disable volume slider when sound is off
Failed to fetch analytics: TypeError: chrome.runtime.sendMessage is not a function
    at /Users/ravindradave/Documents/Github/focus-flow-extension/src/hooks/useAnalytics.ts:50:24
    at /Users/ravindradave/Documents/Github/focus-flow-extension/src/hooks/useAnalytics.ts:85:5
    at commitHookEffectListMount (/Users/ravindradave/Documents/Github/focus-flow-extension/node_modules/react-dom/cjs/react-dom.development.js:23189:26)
    at commitPassiveMountOnFiber (/Users/ravindradave/Documents/Github/focus-flow-extension/node_modules/react-dom/cjs/react-dom.development.js:24970:11)
    at commitPassiveMountEffects_complete (/Users/ravindradave/Documents/Github/focus-flow-extension/node_modules/react-dom/cjs/react-dom.development.js:24930:9)
    at commitPassiveMountEffects_begin (/Users/ravindradave/Documents/Github/focus-flow-extension/node_modules/react-dom/cjs/react-dom.development.js:24917:7)
    at commitPassiveMountEffects (/Users/ravindradave/Documents/Github/focus-flow-extension/node_modules/react-dom/cjs/react-dom.development.js:24905:3)
    at flushPassiveEffectsImpl (/Users/ravindradave/Documents/Github/focus-flow-extension/node_modules/react-dom/cjs/react-dom.development.js:27078:3)
    at flushPassiveEffects (/Users/ravindradave/Documents/Github/focus-flow-extension/node_modules/react-dom/cjs/react-dom.development.js:27023:14)
    at /Users/ravindradave/Documents/Github/focus-flow-extension/node_modules/react-dom/cjs/react-dom.development.js:26808:9
Failed to fetch chart data: TypeError: chrome.runtime.sendMessage is not a function
    at fetchChartData (/Users/ravindradave/Documents/Github/focus-flow-extension/src/options/components/AnalyticsDashboard.tsx:57:26)
    at /Users/ravindradave/Documents/Github/focus-flow-extension/src/options/components/AnalyticsDashboard.tsx:92:5
    at commitHookEffectListMount (/Users/ravindradave/Documents/Github/focus-flow-extension/node_modules/react-dom/cjs/react-dom.development.js:23189:26)
    at commitPassiveMountOnFiber (/Users/ravindradave/Documents/Github/focus-flow-extension/node_modules/react-dom/cjs/react-dom.development.js:24970:11)
    at commitPassiveMountEffects_complete (/Users/ravindradave/Documents/Github/focus-flow-extension/node_modules/react-dom/cjs/react-dom.development.js:24930:9)
    at commitPassiveMountEffects_begin (/Users/ravindradave/Documents/Github/focus-flow-extension/node_modules/react-dom/cjs/react-dom.development.js:24917:7)
    at commitPassiveMountEffects (/Users/ravindradave/Documents/Github/focus-flow-extension/node_modules/react-dom/cjs/react-dom.development.js:24905:3)
    at flushPassiveEffectsImpl (/Users/ravindradave/Documents/Github/focus-flow-extension/node_modules/react-dom/cjs/react-dom.development.js:27078:3)
    at flushPassiveEffects (/Users/ravindradave/Documents/Github/focus-flow-extension/node_modules/react-dom/cjs/react-dom.development.js:27023:14)
    at /Users/ravindradave/Documents/Github/focus-flow-extension/node_modules/react-dom/cjs/react-dom.development.js:26808:9
Error: Uncaught [TypeError: Cannot read properties of undefined (reading 'addListener')]
    at reportException (/Users/ravindradave/Documents/Github/focus-flow-extension/node_modules/jsdom/lib/jsdom/living/helpers/runtime-script-errors.js:66:24)
    at innerInvokeEventListeners (/Users/ravindradave/Documents/Github/focus-flow-extension/node_modules/jsdom/lib/jsdom/living/events/EventTarget-impl.js:353:9)
    at invokeEventListeners (/Users/ravindradave/Documents/Github/focus-flow-extension/node_modules/jsdom/lib/jsdom/living/events/EventTarget-impl.js:286:3)
    at HTMLUnknownElementImpl._dispatch (/Users/ravindradave/Documents/Github/focus-flow-extension/node_modules/jsdom/lib/jsdom/living/events/EventTarget-impl.js:233:9)
    at HTMLUnknownElementImpl.dispatchEvent (/Users/ravindradave/Documents/Github/focus-flow-extension/node_modules/jsdom/lib/jsdom/living/events/EventTarget-impl.js:104:17)
    at HTMLUnknownElement.dispatchEvent (/Users/ravindradave/Documents/Github/focus-flow-extension/node_modules/jsdom/lib/jsdom/living/generated/EventTarget.js:241:34)
    at Object.invokeGuardedCallbackDev (/Users/ravindradave/Documents/Github/focus-flow-extension/node_modules/react-dom/cjs/react-dom.development.js:4213:16)
    at invokeGuardedCallback (/Users/ravindradave/Documents/Github/focus-flow-extension/node_modules/react-dom/cjs/react-dom.development.js:4277:31)
    at reportUncaughtErrorInDEV (/Users/ravindradave/Documents/Github/focus-flow-extension/node_modules/react-dom/cjs/react-dom.development.js:22877:5)
    at captureCommitPhaseError (/Users/ravindradave/Documents/Github/focus-flow-extension/node_modules/react-dom/cjs/react-dom.development.js:27165:5) TypeError: Cannot read properties of undefined (reading 'addListener')
    at /Users/ravindradave/Documents/Github/focus-flow-extension/src/hooks/useTheme.ts:113:30
    at commitHookEffectListMount (/Users/ravindradave/Documents/Github/focus-flow-extension/node_modules/react-dom/cjs/react-dom.development.js:23189:26)
    at commitPassiveMountOnFiber (/Users/ravindradave/Documents/Github/focus-flow-extension/node_modules/react-dom/cjs/react-dom.development.js:24970:11)
    at commitPassiveMountEffects_complete (/Users/ravindradave/Documents/Github/focus-flow-extension/node_modules/react-dom/cjs/react-dom.development.js:24930:9)
    at commitPassiveMountEffects_begin (/Users/ravindradave/Documents/Github/focus-flow-extension/node_modules/react-dom/cjs/react-dom.development.js:24917:7)
    at commitPassiveMountEffects (/Users/ravindradave/Documents/Github/focus-flow-extension/node_modules/react-dom/cjs/react-dom.development.js:24905:3)
    at flushPassiveEffectsImpl (/Users/ravindradave/Documents/Github/focus-flow-extension/node_modules/react-dom/cjs/react-dom.development.js:27078:3)
    at flushPassiveEffects (/Users/ravindradave/Documents/Github/focus-flow-extension/node_modules/react-dom/cjs/react-dom.development.js:27023:14)
    at /Users/ravindradave/Documents/Github/focus-flow-extension/node_modules/react-dom/cjs/react-dom.development.js:26808:9
    at flushActQueue (/Users/ravindradave/Documents/Github/focus-flow-extension/node_modules/react/cjs/react.development.js:2667:24)
The above error occurred in the <App> component:

    at App (/Users/ravindradave/Documents/Github/focus-flow-extension/src/options/App.tsx:14:59)

Consider adding an error boundary to your tree to customize error handling behavior.
Visit https://reactjs.org/link/error-boundaries to learn more about error boundaries.

stderr | tests/unit/options/App.test.tsx > Options App > Send Feedback Link > should render Send Feedback button in footer
Failed to fetch analytics: TypeError: chrome.runtime.sendMessage is not a function
    at /Users/ravindradave/Documents/Github/focus-flow-extension/src/hooks/useAnalytics.ts:50:24
    at /Users/ravindradave/Documents/Github/focus-flow-extension/src/hooks/useAnalytics.ts:85:5
    at commitHookEffectListMount (/Users/ravindradave/Documents/Github/focus-flow-extension/node_modules/react-dom/cjs/react-dom.development.js:23189:26)
    at commitPassiveMountOnFiber (/Users/ravindradave/Documents/Github/focus-flow-extension/node_modules/react-dom/cjs/react-dom.development.js:24970:11)
    at commitPassiveMountEffects_complete (/Users/ravindradave/Documents/Github/focus-flow-extension/node_modules/react-dom/cjs/react-dom.development.js:24930:9)
    at commitPassiveMountEffects_begin (/Users/ravindradave/Documents/Github/focus-flow-extension/node_modules/react-dom/cjs/react-dom.development.js:24917:7)
    at commitPassiveMountEffects (/Users/ravindradave/Documents/Github/focus-flow-extension/node_modules/react-dom/cjs/react-dom.development.js:24905:3)
    at flushPassiveEffectsImpl (/Users/ravindradave/Documents/Github/focus-flow-extension/node_modules/react-dom/cjs/react-dom.development.js:27078:3)
    at flushPassiveEffects (/Users/ravindradave/Documents/Github/focus-flow-extension/node_modules/react-dom/cjs/react-dom.development.js:27023:14)
    at /Users/ravindradave/Documents/Github/focus-flow-extension/node_modules/react-dom/cjs/react-dom.development.js:26808:9
Failed to fetch chart data: TypeError: chrome.runtime.sendMessage is not a function
    at fetchChartData (/Users/ravindradave/Documents/Github/focus-flow-extension/src/options/components/AnalyticsDashboard.tsx:57:26)
    at /Users/ravindradave/Documents/Github/focus-flow-extension/src/options/components/AnalyticsDashboard.tsx:92:5
    at commitHookEffectListMount (/Users/ravindradave/Documents/Github/focus-flow-extension/node_modules/react-dom/cjs/react-dom.development.js:23189:26)
    at commitPassiveMountOnFiber (/Users/ravindradave/Documents/Github/focus-flow-extension/node_modules/react-dom/cjs/react-dom.development.js:24970:11)
    at commitPassiveMountEffects_complete (/Users/ravindradave/Documents/Github/focus-flow-extension/node_modules/react-dom/cjs/react-dom.development.js:24930:9)
    at commitPassiveMountEffects_begin (/Users/ravindradave/Documents/Github/focus-flow-extension/node_modules/react-dom/cjs/react-dom.development.js:24917:7)
    at commitPassiveMountEffects (/Users/ravindradave/Documents/Github/focus-flow-extension/node_modules/react-dom/cjs/react-dom.development.js:24905:3)
    at flushPassiveEffectsImpl (/Users/ravindradave/Documents/Github/focus-flow-extension/node_modules/react-dom/cjs/react-dom.development.js:27078:3)
    at flushPassiveEffects (/Users/ravindradave/Documents/Github/focus-flow-extension/node_modules/react-dom/cjs/react-dom.development.js:27023:14)
    at /Users/ravindradave/Documents/Github/focus-flow-extension/node_modules/react-dom/cjs/react-dom.development.js:26808:9
Error: Uncaught [TypeError: Cannot read properties of undefined (reading 'addListener')]
    at reportException (/Users/ravindradave/Documents/Github/focus-flow-extension/node_modules/jsdom/lib/jsdom/living/helpers/runtime-script-errors.js:66:24)
    at innerInvokeEventListeners (/Users/ravindradave/Documents/Github/focus-flow-extension/node_modules/jsdom/lib/jsdom/living/events/EventTarget-impl.js:353:9)
    at invokeEventListeners (/Users/ravindradave/Documents/Github/focus-flow-extension/node_modules/jsdom/lib/jsdom/living/events/EventTarget-impl.js:286:3)
    at HTMLUnknownElementImpl._dispatch (/Users/ravindradave/Documents/Github/focus-flow-extension/node_modules/jsdom/lib/jsdom/living/events/EventTarget-impl.js:233:9)
    at HTMLUnknownElementImpl.dispatchEvent (/Users/ravindradave/Documents/Github/focus-flow-extension/node_modules/jsdom/lib/jsdom/living/events/EventTarget-impl.js:104:17)
    at HTMLUnknownElement.dispatchEvent (/Users/ravindradave/Documents/Github/focus-flow-extension/node_modules/jsdom/lib/jsdom/living/generated/EventTarget.js:241:34)
    at Object.invokeGuardedCallbackDev (/Users/ravindradave/Documents/Github/focus-flow-extension/node_modules/react-dom/cjs/react-dom.development.js:4213:16)
    at invokeGuardedCallback (/Users/ravindradave/Documents/Github/focus-flow-extension/node_modules/react-dom/cjs/react-dom.development.js:4277:31)
    at reportUncaughtErrorInDEV (/Users/ravindradave/Documents/Github/focus-flow-extension/node_modules/react-dom/cjs/react-dom.development.js:22877:5)
    at captureCommitPhaseError (/Users/ravindradave/Documents/Github/focus-flow-extension/node_modules/react-dom/cjs/react-dom.development.js:27165:5) TypeError: Cannot read properties of undefined (reading 'addListener')
    at /Users/ravindradave/Documents/Github/focus-flow-extension/src/hooks/useTheme.ts:113:30
    at commitHookEffectListMount (/Users/ravindradave/Documents/Github/focus-flow-extension/node_modules/react-dom/cjs/react-dom.development.js:23189:26)
    at commitPassiveMountOnFiber (/Users/ravindradave/Documents/Github/focus-flow-extension/node_modules/react-dom/cjs/react-dom.development.js:24970:11)
    at commitPassiveMountEffects_complete (/Users/ravindradave/Documents/Github/focus-flow-extension/node_modules/react-dom/cjs/react-dom.development.js:24930:9)
    at commitPassiveMountEffects_begin (/Users/ravindradave/Documents/Github/focus-flow-extension/node_modules/react-dom/cjs/react-dom.development.js:24917:7)
    at commitPassiveMountEffects (/Users/ravindradave/Documents/Github/focus-flow-extension/node_modules/react-dom/cjs/react-dom.development.js:24905:3)
    at flushPassiveEffectsImpl (/Users/ravindradave/Documents/Github/focus-flow-extension/node_modules/react-dom/cjs/react-dom.development.js:27078:3)
    at flushPassiveEffects (/Users/ravindradave/Documents/Github/focus-flow-extension/node_modules/react-dom/cjs/react-dom.development.js:27023:14)
    at /Users/ravindradave/Documents/Github/focus-flow-extension/node_modules/react-dom/cjs/react-dom.development.js:26808:9
    at flushActQueue (/Users/ravindradave/Documents/Github/focus-flow-extension/node_modules/react/cjs/react.development.js:2667:24)
The above error occurred in the <App> component:

    at App (/Users/ravindradave/Documents/Github/focus-flow-extension/src/options/App.tsx:14:59)

Consider adding an error boundary to your tree to customize error handling behavior.
Visit https://reactjs.org/link/error-boundaries to learn more about error boundaries.

stderr | tests/unit/options/App.test.tsx > Options App > Send Feedback Link > should open GitHub issues when clicked
Failed to fetch analytics: TypeError: chrome.runtime.sendMessage is not a function
    at /Users/ravindradave/Documents/Github/focus-flow-extension/src/hooks/useAnalytics.ts:50:24
    at /Users/ravindradave/Documents/Github/focus-flow-extension/src/hooks/useAnalytics.ts:85:5
    at commitHookEffectListMount (/Users/ravindradave/Documents/Github/focus-flow-extension/node_modules/react-dom/cjs/react-dom.development.js:23189:26)
    at commitPassiveMountOnFiber (/Users/ravindradave/Documents/Github/focus-flow-extension/node_modules/react-dom/cjs/react-dom.development.js:24970:11)
    at commitPassiveMountEffects_complete (/Users/ravindradave/Documents/Github/focus-flow-extension/node_modules/react-dom/cjs/react-dom.development.js:24930:9)
    at commitPassiveMountEffects_begin (/Users/ravindradave/Documents/Github/focus-flow-extension/node_modules/react-dom/cjs/react-dom.development.js:24917:7)
    at commitPassiveMountEffects (/Users/ravindradave/Documents/Github/focus-flow-extension/node_modules/react-dom/cjs/react-dom.development.js:24905:3)
    at flushPassiveEffectsImpl (/Users/ravindradave/Documents/Github/focus-flow-extension/node_modules/react-dom/cjs/react-dom.development.js:27078:3)
    at flushPassiveEffects (/Users/ravindradave/Documents/Github/focus-flow-extension/node_modules/react-dom/cjs/react-dom.development.js:27023:14)
    at /Users/ravindradave/Documents/Github/focus-flow-extension/node_modules/react-dom/cjs/react-dom.development.js:26808:9
Failed to fetch chart data: TypeError: chrome.runtime.sendMessage is not a function
    at fetchChartData (/Users/ravindradave/Documents/Github/focus-flow-extension/src/options/components/AnalyticsDashboard.tsx:57:26)
    at /Users/ravindradave/Documents/Github/focus-flow-extension/src/options/components/AnalyticsDashboard.tsx:92:5
    at commitHookEffectListMount (/Users/ravindradave/Documents/Github/focus-flow-extension/node_modules/react-dom/cjs/react-dom.development.js:23189:26)
    at commitPassiveMountOnFiber (/Users/ravindradave/Documents/Github/focus-flow-extension/node_modules/react-dom/cjs/react-dom.development.js:24970:11)
    at commitPassiveMountEffects_complete (/Users/ravindradave/Documents/Github/focus-flow-extension/node_modules/react-dom/cjs/react-dom.development.js:24930:9)
    at commitPassiveMountEffects_begin (/Users/ravindradave/Documents/Github/focus-flow-extension/node_modules/react-dom/cjs/react-dom.development.js:24917:7)
    at commitPassiveMountEffects (/Users/ravindradave/Documents/Github/focus-flow-extension/node_modules/react-dom/cjs/react-dom.development.js:24905:3)
    at flushPassiveEffectsImpl (/Users/ravindradave/Documents/Github/focus-flow-extension/node_modules/react-dom/cjs/react-dom.development.js:27078:3)
    at flushPassiveEffects (/Users/ravindradave/Documents/Github/focus-flow-extension/node_modules/react-dom/cjs/react-dom.development.js:27023:14)
    at /Users/ravindradave/Documents/Github/focus-flow-extension/node_modules/react-dom/cjs/react-dom.development.js:26808:9
Error: Uncaught [TypeError: Cannot read properties of undefined (reading 'addListener')]
    at reportException (/Users/ravindradave/Documents/Github/focus-flow-extension/node_modules/jsdom/lib/jsdom/living/helpers/runtime-script-errors.js:66:24)
    at innerInvokeEventListeners (/Users/ravindradave/Documents/Github/focus-flow-extension/node_modules/jsdom/lib/jsdom/living/events/EventTarget-impl.js:353:9)
    at invokeEventListeners (/Users/ravindradave/Documents/Github/focus-flow-extension/node_modules/jsdom/lib/jsdom/living/events/EventTarget-impl.js:286:3)
    at HTMLUnknownElementImpl._dispatch (/Users/ravindradave/Documents/Github/focus-flow-extension/node_modules/jsdom/lib/jsdom/living/events/EventTarget-impl.js:233:9)
    at HTMLUnknownElementImpl.dispatchEvent (/Users/ravindradave/Documents/Github/focus-flow-extension/node_modules/jsdom/lib/jsdom/living/events/EventTarget-impl.js:104:17)
    at HTMLUnknownElement.dispatchEvent (/Users/ravindradave/Documents/Github/focus-flow-extension/node_modules/jsdom/lib/jsdom/living/generated/EventTarget.js:241:34)
    at Object.invokeGuardedCallbackDev (/Users/ravindradave/Documents/Github/focus-flow-extension/node_modules/react-dom/cjs/react-dom.development.js:4213:16)
    at invokeGuardedCallback (/Users/ravindradave/Documents/Github/focus-flow-extension/node_modules/react-dom/cjs/react-dom.development.js:4277:31)
    at reportUncaughtErrorInDEV (/Users/ravindradave/Documents/Github/focus-flow-extension/node_modules/react-dom/cjs/react-dom.development.js:22877:5)
    at captureCommitPhaseError (/Users/ravindradave/Documents/Github/focus-flow-extension/node_modules/react-dom/cjs/react-dom.development.js:27165:5) TypeError: Cannot read properties of undefined (reading 'addListener')
    at /Users/ravindradave/Documents/Github/focus-flow-extension/src/hooks/useTheme.ts:113:30
    at commitHookEffectListMount (/Users/ravindradave/Documents/Github/focus-flow-extension/node_modules/react-dom/cjs/react-dom.development.js:23189:26)
    at commitPassiveMountOnFiber (/Users/ravindradave/Documents/Github/focus-flow-extension/node_modules/react-dom/cjs/react-dom.development.js:24970:11)
    at commitPassiveMountEffects_complete (/Users/ravindradave/Documents/Github/focus-flow-extension/node_modules/react-dom/cjs/react-dom.development.js:24930:9)
    at commitPassiveMountEffects_begin (/Users/ravindradave/Documents/Github/focus-flow-extension/node_modules/react-dom/cjs/react-dom.development.js:24917:7)
    at commitPassiveMountEffects (/Users/ravindradave/Documents/Github/focus-flow-extension/node_modules/react-dom/cjs/react-dom.development.js:24905:3)
    at flushPassiveEffectsImpl (/Users/ravindradave/Documents/Github/focus-flow-extension/node_modules/react-dom/cjs/react-dom.development.js:27078:3)
    at flushPassiveEffects (/Users/ravindradave/Documents/Github/focus-flow-extension/node_modules/react-dom/cjs/react-dom.development.js:27023:14)
    at /Users/ravindradave/Documents/Github/focus-flow-extension/node_modules/react-dom/cjs/react-dom.development.js:26808:9
    at flushActQueue (/Users/ravindradave/Documents/Github/focus-flow-extension/node_modules/react/cjs/react.development.js:2667:24)
The above error occurred in the <App> component:

    at App (/Users/ravindradave/Documents/Github/focus-flow-extension/src/options/App.tsx:14:59)

Consider adding an error boundary to your tree to customize error handling behavior.
Visit https://reactjs.org/link/error-boundaries to learn more about error boundaries.

stderr | tests/unit/options/App.test.tsx > Options App > Accessibility > should have proper heading hierarchy
Failed to fetch analytics: TypeError: chrome.runtime.sendMessage is not a function
    at /Users/ravindradave/Documents/Github/focus-flow-extension/src/hooks/useAnalytics.ts:50:24
    at /Users/ravindradave/Documents/Github/focus-flow-extension/src/hooks/useAnalytics.ts:85:5
    at commitHookEffectListMount (/Users/ravindradave/Documents/Github/focus-flow-extension/node_modules/react-dom/cjs/react-dom.development.js:23189:26)
    at commitPassiveMountOnFiber (/Users/ravindradave/Documents/Github/focus-flow-extension/node_modules/react-dom/cjs/react-dom.development.js:24970:11)
    at commitPassiveMountEffects_complete (/Users/ravindradave/Documents/Github/focus-flow-extension/node_modules/react-dom/cjs/react-dom.development.js:24930:9)
    at commitPassiveMountEffects_begin (/Users/ravindradave/Documents/Github/focus-flow-extension/node_modules/react-dom/cjs/react-dom.development.js:24917:7)
    at commitPassiveMountEffects (/Users/ravindradave/Documents/Github/focus-flow-extension/node_modules/react-dom/cjs/react-dom.development.js:24905:3)
    at flushPassiveEffectsImpl (/Users/ravindradave/Documents/Github/focus-flow-extension/node_modules/react-dom/cjs/react-dom.development.js:27078:3)
    at flushPassiveEffects (/Users/ravindradave/Documents/Github/focus-flow-extension/node_modules/react-dom/cjs/react-dom.development.js:27023:14)
    at /Users/ravindradave/Documents/Github/focus-flow-extension/node_modules/react-dom/cjs/react-dom.development.js:26808:9
Failed to fetch chart data: TypeError: chrome.runtime.sendMessage is not a function
    at fetchChartData (/Users/ravindradave/Documents/Github/focus-flow-extension/src/options/components/AnalyticsDashboard.tsx:57:26)
    at /Users/ravindradave/Documents/Github/focus-flow-extension/src/options/components/AnalyticsDashboard.tsx:92:5
    at commitHookEffectListMount (/Users/ravindradave/Documents/Github/focus-flow-extension/node_modules/react-dom/cjs/react-dom.development.js:23189:26)
    at commitPassiveMountOnFiber (/Users/ravindradave/Documents/Github/focus-flow-extension/node_modules/react-dom/cjs/react-dom.development.js:24970:11)
    at commitPassiveMountEffects_complete (/Users/ravindradave/Documents/Github/focus-flow-extension/node_modules/react-dom/cjs/react-dom.development.js:24930:9)
    at commitPassiveMountEffects_begin (/Users/ravindradave/Documents/Github/focus-flow-extension/node_modules/react-dom/cjs/react-dom.development.js:24917:7)
    at commitPassiveMountEffects (/Users/ravindradave/Documents/Github/focus-flow-extension/node_modules/react-dom/cjs/react-dom.development.js:24905:3)
    at flushPassiveEffectsImpl (/Users/ravindradave/Documents/Github/focus-flow-extension/node_modules/react-dom/cjs/react-dom.development.js:27078:3)
    at flushPassiveEffects (/Users/ravindradave/Documents/Github/focus-flow-extension/node_modules/react-dom/cjs/react-dom.development.js:27023:14)
    at /Users/ravindradave/Documents/Github/focus-flow-extension/node_modules/react-dom/cjs/react-dom.development.js:26808:9
Error: Uncaught [TypeError: Cannot read properties of undefined (reading 'addListener')]
    at reportException (/Users/ravindradave/Documents/Github/focus-flow-extension/node_modules/jsdom/lib/jsdom/living/helpers/runtime-script-errors.js:66:24)
    at innerInvokeEventListeners (/Users/ravindradave/Documents/Github/focus-flow-extension/node_modules/jsdom/lib/jsdom/living/events/EventTarget-impl.js:353:9)
    at invokeEventListeners (/Users/ravindradave/Documents/Github/focus-flow-extension/node_modules/jsdom/lib/jsdom/living/events/EventTarget-impl.js:286:3)
    at HTMLUnknownElementImpl._dispatch (/Users/ravindradave/Documents/Github/focus-flow-extension/node_modules/jsdom/lib/jsdom/living/events/EventTarget-impl.js:233:9)
    at HTMLUnknownElementImpl.dispatchEvent (/Users/ravindradave/Documents/Github/focus-flow-extension/node_modules/jsdom/lib/jsdom/living/events/EventTarget-impl.js:104:17)
    at HTMLUnknownElement.dispatchEvent (/Users/ravindradave/Documents/Github/focus-flow-extension/node_modules/jsdom/lib/jsdom/living/generated/EventTarget.js:241:34)
    at Object.invokeGuardedCallbackDev (/Users/ravindradave/Documents/Github/focus-flow-extension/node_modules/react-dom/cjs/react-dom.development.js:4213:16)
    at invokeGuardedCallback (/Users/ravindradave/Documents/Github/focus-flow-extension/node_modules/react-dom/cjs/react-dom.development.js:4277:31)
    at reportUncaughtErrorInDEV (/Users/ravindradave/Documents/Github/focus-flow-extension/node_modules/react-dom/cjs/react-dom.development.js:22877:5)
    at captureCommitPhaseError (/Users/ravindradave/Documents/Github/focus-flow-extension/node_modules/react-dom/cjs/react-dom.development.js:27165:5) TypeError: Cannot read properties of undefined (reading 'addListener')
    at /Users/ravindradave/Documents/Github/focus-flow-extension/src/hooks/useTheme.ts:113:30
    at commitHookEffectListMount (/Users/ravindradave/Documents/Github/focus-flow-extension/node_modules/react-dom/cjs/react-dom.development.js:23189:26)
    at commitPassiveMountOnFiber (/Users/ravindradave/Documents/Github/focus-flow-extension/node_modules/react-dom/cjs/react-dom.development.js:24970:11)
    at commitPassiveMountEffects_complete (/Users/ravindradave/Documents/Github/focus-flow-extension/node_modules/react-dom/cjs/react-dom.development.js:24930:9)
    at commitPassiveMountEffects_begin (/Users/ravindradave/Documents/Github/focus-flow-extension/node_modules/react-dom/cjs/react-dom.development.js:24917:7)
    at commitPassiveMountEffects (/Users/ravindradave/Documents/Github/focus-flow-extension/node_modules/react-dom/cjs/react-dom.development.js:24905:3)
    at flushPassiveEffectsImpl (/Users/ravindradave/Documents/Github/focus-flow-extension/node_modules/react-dom/cjs/react-dom.development.js:27078:3)
    at flushPassiveEffects (/Users/ravindradave/Documents/Github/focus-flow-extension/node_modules/react-dom/cjs/react-dom.development.js:27023:14)
    at /Users/ravindradave/Documents/Github/focus-flow-extension/node_modules/react-dom/cjs/react-dom.development.js:26808:9
    at flushActQueue (/Users/ravindradave/Documents/Github/focus-flow-extension/node_modules/react/cjs/react.development.js:2667:24)
The above error occurred in the <App> component:

    at App (/Users/ravindradave/Documents/Github/focus-flow-extension/src/options/App.tsx:14:59)

Consider adding an error boundary to your tree to customize error handling behavior.
Visit https://reactjs.org/link/error-boundaries to learn more about error boundaries.

stderr | tests/unit/options/App.test.tsx > Options App > Accessibility > should support keyboard navigation for tabs
Failed to fetch analytics: TypeError: chrome.runtime.sendMessage is not a function
    at /Users/ravindradave/Documents/Github/focus-flow-extension/src/hooks/useAnalytics.ts:50:24
    at /Users/ravindradave/Documents/Github/focus-flow-extension/src/hooks/useAnalytics.ts:85:5
    at commitHookEffectListMount (/Users/ravindradave/Documents/Github/focus-flow-extension/node_modules/react-dom/cjs/react-dom.development.js:23189:26)
    at commitPassiveMountOnFiber (/Users/ravindradave/Documents/Github/focus-flow-extension/node_modules/react-dom/cjs/react-dom.development.js:24970:11)
    at commitPassiveMountEffects_complete (/Users/ravindradave/Documents/Github/focus-flow-extension/node_modules/react-dom/cjs/react-dom.development.js:24930:9)
    at commitPassiveMountEffects_begin (/Users/ravindradave/Documents/Github/focus-flow-extension/node_modules/react-dom/cjs/react-dom.development.js:24917:7)
    at commitPassiveMountEffects (/Users/ravindradave/Documents/Github/focus-flow-extension/node_modules/react-dom/cjs/react-dom.development.js:24905:3)
    at flushPassiveEffectsImpl (/Users/ravindradave/Documents/Github/focus-flow-extension/node_modules/react-dom/cjs/react-dom.development.js:27078:3)
    at flushPassiveEffects (/Users/ravindradave/Documents/Github/focus-flow-extension/node_modules/react-dom/cjs/react-dom.development.js:27023:14)
    at /Users/ravindradave/Documents/Github/focus-flow-extension/node_modules/react-dom/cjs/react-dom.development.js:26808:9
Failed to fetch chart data: TypeError: chrome.runtime.sendMessage is not a function
    at fetchChartData (/Users/ravindradave/Documents/Github/focus-flow-extension/src/options/components/AnalyticsDashboard.tsx:57:26)
    at /Users/ravindradave/Documents/Github/focus-flow-extension/src/options/components/AnalyticsDashboard.tsx:92:5
    at commitHookEffectListMount (/Users/ravindradave/Documents/Github/focus-flow-extension/node_modules/react-dom/cjs/react-dom.development.js:23189:26)
    at commitPassiveMountOnFiber (/Users/ravindradave/Documents/Github/focus-flow-extension/node_modules/react-dom/cjs/react-dom.development.js:24970:11)
    at commitPassiveMountEffects_complete (/Users/ravindradave/Documents/Github/focus-flow-extension/node_modules/react-dom/cjs/react-dom.development.js:24930:9)
    at commitPassiveMountEffects_begin (/Users/ravindradave/Documents/Github/focus-flow-extension/node_modules/react-dom/cjs/react-dom.development.js:24917:7)
    at commitPassiveMountEffects (/Users/ravindradave/Documents/Github/focus-flow-extension/node_modules/react-dom/cjs/react-dom.development.js:24905:3)
    at flushPassiveEffectsImpl (/Users/ravindradave/Documents/Github/focus-flow-extension/node_modules/react-dom/cjs/react-dom.development.js:27078:3)
    at flushPassiveEffects (/Users/ravindradave/Documents/Github/focus-flow-extension/node_modules/react-dom/cjs/react-dom.development.js:27023:14)
    at /Users/ravindradave/Documents/Github/focus-flow-extension/node_modules/react-dom/cjs/react-dom.development.js:26808:9
Error: Uncaught [TypeError: Cannot read properties of undefined (reading 'addListener')]
    at reportException (/Users/ravindradave/Documents/Github/focus-flow-extension/node_modules/jsdom/lib/jsdom/living/helpers/runtime-script-errors.js:66:24)
    at innerInvokeEventListeners (/Users/ravindradave/Documents/Github/focus-flow-extension/node_modules/jsdom/lib/jsdom/living/events/EventTarget-impl.js:353:9)
    at invokeEventListeners (/Users/ravindradave/Documents/Github/focus-flow-extension/node_modules/jsdom/lib/jsdom/living/events/EventTarget-impl.js:286:3)
    at HTMLUnknownElementImpl._dispatch (/Users/ravindradave/Documents/Github/focus-flow-extension/node_modules/jsdom/lib/jsdom/living/events/EventTarget-impl.js:233:9)
    at HTMLUnknownElementImpl.dispatchEvent (/Users/ravindradave/Documents/Github/focus-flow-extension/node_modules/jsdom/lib/jsdom/living/events/EventTarget-impl.js:104:17)
    at HTMLUnknownElement.dispatchEvent (/Users/ravindradave/Documents/Github/focus-flow-extension/node_modules/jsdom/lib/jsdom/living/generated/EventTarget.js:241:34)
    at Object.invokeGuardedCallbackDev (/Users/ravindradave/Documents/Github/focus-flow-extension/node_modules/react-dom/cjs/react-dom.development.js:4213:16)
    at invokeGuardedCallback (/Users/ravindradave/Documents/Github/focus-flow-extension/node_modules/react-dom/cjs/react-dom.development.js:4277:31)
    at reportUncaughtErrorInDEV (/Users/ravindradave/Documents/Github/focus-flow-extension/node_modules/react-dom/cjs/react-dom.development.js:22877:5)
    at captureCommitPhaseError (/Users/ravindradave/Documents/Github/focus-flow-extension/node_modules/react-dom/cjs/react-dom.development.js:27165:5) TypeError: Cannot read properties of undefined (reading 'addListener')
    at /Users/ravindradave/Documents/Github/focus-flow-extension/src/hooks/useTheme.ts:113:30
    at commitHookEffectListMount (/Users/ravindradave/Documents/Github/focus-flow-extension/node_modules/react-dom/cjs/react-dom.development.js:23189:26)
    at commitPassiveMountOnFiber (/Users/ravindradave/Documents/Github/focus-flow-extension/node_modules/react-dom/cjs/react-dom.development.js:24970:11)
    at commitPassiveMountEffects_complete (/Users/ravindradave/Documents/Github/focus-flow-extension/node_modules/react-dom/cjs/react-dom.development.js:24930:9)
    at commitPassiveMountEffects_begin (/Users/ravindradave/Documents/Github/focus-flow-extension/node_modules/react-dom/cjs/react-dom.development.js:24917:7)
    at commitPassiveMountEffects (/Users/ravindradave/Documents/Github/focus-flow-extension/node_modules/react-dom/cjs/react-dom.development.js:24905:3)
    at flushPassiveEffectsImpl (/Users/ravindradave/Documents/Github/focus-flow-extension/node_modules/react-dom/cjs/react-dom.development.js:27078:3)
    at flushPassiveEffects (/Users/ravindradave/Documents/Github/focus-flow-extension/node_modules/react-dom/cjs/react-dom.development.js:27023:14)
    at /Users/ravindradave/Documents/Github/focus-flow-extension/node_modules/react-dom/cjs/react-dom.development.js:26808:9
    at flushActQueue (/Users/ravindradave/Documents/Github/focus-flow-extension/node_modules/react/cjs/react.development.js:2667:24)
The above error occurred in the <App> component:

    at App (/Users/ravindradave/Documents/Github/focus-flow-extension/src/options/App.tsx:14:59)

Consider adding an error boundary to your tree to customize error handling behavior.
Visit https://reactjs.org/link/error-boundaries to learn more about error boundaries.

stderr | tests/unit/options/App.test.tsx > Options App > Accessibility > should have aria-selected for active tab
Failed to fetch analytics: TypeError: chrome.runtime.sendMessage is not a function
    at /Users/ravindradave/Documents/Github/focus-flow-extension/src/hooks/useAnalytics.ts:50:24
    at /Users/ravindradave/Documents/Github/focus-flow-extension/src/hooks/useAnalytics.ts:85:5
    at commitHookEffectListMount (/Users/ravindradave/Documents/Github/focus-flow-extension/node_modules/react-dom/cjs/react-dom.development.js:23189:26)
    at commitPassiveMountOnFiber (/Users/ravindradave/Documents/Github/focus-flow-extension/node_modules/react-dom/cjs/react-dom.development.js:24970:11)
    at commitPassiveMountEffects_complete (/Users/ravindradave/Documents/Github/focus-flow-extension/node_modules/react-dom/cjs/react-dom.development.js:24930:9)
    at commitPassiveMountEffects_begin (/Users/ravindradave/Documents/Github/focus-flow-extension/node_modules/react-dom/cjs/react-dom.development.js:24917:7)
    at commitPassiveMountEffects (/Users/ravindradave/Documents/Github/focus-flow-extension/node_modules/react-dom/cjs/react-dom.development.js:24905:3)
    at flushPassiveEffectsImpl (/Users/ravindradave/Documents/Github/focus-flow-extension/node_modules/react-dom/cjs/react-dom.development.js:27078:3)
    at flushPassiveEffects (/Users/ravindradave/Documents/Github/focus-flow-extension/node_modules/react-dom/cjs/react-dom.development.js:27023:14)
    at /Users/ravindradave/Documents/Github/focus-flow-extension/node_modules/react-dom/cjs/react-dom.development.js:26808:9
Failed to fetch chart data: TypeError: chrome.runtime.sendMessage is not a function
    at fetchChartData (/Users/ravindradave/Documents/Github/focus-flow-extension/src/options/components/AnalyticsDashboard.tsx:57:26)
    at /Users/ravindradave/Documents/Github/focus-flow-extension/src/options/components/AnalyticsDashboard.tsx:92:5
    at commitHookEffectListMount (/Users/ravindradave/Documents/Github/focus-flow-extension/node_modules/react-dom/cjs/react-dom.development.js:23189:26)
    at commitPassiveMountOnFiber (/Users/ravindradave/Documents/Github/focus-flow-extension/node_modules/react-dom/cjs/react-dom.development.js:24970:11)
    at commitPassiveMountEffects_complete (/Users/ravindradave/Documents/Github/focus-flow-extension/node_modules/react-dom/cjs/react-dom.development.js:24930:9)
    at commitPassiveMountEffects_begin (/Users/ravindradave/Documents/Github/focus-flow-extension/node_modules/react-dom/cjs/react-dom.development.js:24917:7)
    at commitPassiveMountEffects (/Users/ravindradave/Documents/Github/focus-flow-extension/node_modules/react-dom/cjs/react-dom.development.js:24905:3)
    at flushPassiveEffectsImpl (/Users/ravindradave/Documents/Github/focus-flow-extension/node_modules/react-dom/cjs/react-dom.development.js:27078:3)
    at flushPassiveEffects (/Users/ravindradave/Documents/Github/focus-flow-extension/node_modules/react-dom/cjs/react-dom.development.js:27023:14)
    at /Users/ravindradave/Documents/Github/focus-flow-extension/node_modules/react-dom/cjs/react-dom.development.js:26808:9
Error: Uncaught [TypeError: Cannot read properties of undefined (reading 'addListener')]
    at reportException (/Users/ravindradave/Documents/Github/focus-flow-extension/node_modules/jsdom/lib/jsdom/living/helpers/runtime-script-errors.js:66:24)
    at innerInvokeEventListeners (/Users/ravindradave/Documents/Github/focus-flow-extension/node_modules/jsdom/lib/jsdom/living/events/EventTarget-impl.js:353:9)
    at invokeEventListeners (/Users/ravindradave/Documents/Github/focus-flow-extension/node_modules/jsdom/lib/jsdom/living/events/EventTarget-impl.js:286:3)
    at HTMLUnknownElementImpl._dispatch (/Users/ravindradave/Documents/Github/focus-flow-extension/node_modules/jsdom/lib/jsdom/living/events/EventTarget-impl.js:233:9)
    at HTMLUnknownElementImpl.dispatchEvent (/Users/ravindradave/Documents/Github/focus-flow-extension/node_modules/jsdom/lib/jsdom/living/events/EventTarget-impl.js:104:17)
    at HTMLUnknownElement.dispatchEvent (/Users/ravindradave/Documents/Github/focus-flow-extension/node_modules/jsdom/lib/jsdom/living/generated/EventTarget.js:241:34)
    at Object.invokeGuardedCallbackDev (/Users/ravindradave/Documents/Github/focus-flow-extension/node_modules/react-dom/cjs/react-dom.development.js:4213:16)
    at invokeGuardedCallback (/Users/ravindradave/Documents/Github/focus-flow-extension/node_modules/react-dom/cjs/react-dom.development.js:4277:31)
    at reportUncaughtErrorInDEV (/Users/ravindradave/Documents/Github/focus-flow-extension/node_modules/react-dom/cjs/react-dom.development.js:22877:5)
    at captureCommitPhaseError (/Users/ravindradave/Documents/Github/focus-flow-extension/node_modules/react-dom/cjs/react-dom.development.js:27165:5) TypeError: Cannot read properties of undefined (reading 'addListener')
    at /Users/ravindradave/Documents/Github/focus-flow-extension/src/hooks/useTheme.ts:113:30
    at commitHookEffectListMount (/Users/ravindradave/Documents/Github/focus-flow-extension/node_modules/react-dom/cjs/react-dom.development.js:23189:26)
    at commitPassiveMountOnFiber (/Users/ravindradave/Documents/Github/focus-flow-extension/node_modules/react-dom/cjs/react-dom.development.js:24970:11)
    at commitPassiveMountEffects_complete (/Users/ravindradave/Documents/Github/focus-flow-extension/node_modules/react-dom/cjs/react-dom.development.js:24930:9)
    at commitPassiveMountEffects_begin (/Users/ravindradave/Documents/Github/focus-flow-extension/node_modules/react-dom/cjs/react-dom.development.js:24917:7)
    at commitPassiveMountEffects (/Users/ravindradave/Documents/Github/focus-flow-extension/node_modules/react-dom/cjs/react-dom.development.js:24905:3)
    at flushPassiveEffectsImpl (/Users/ravindradave/Documents/Github/focus-flow-extension/node_modules/react-dom/cjs/react-dom.development.js:27078:3)
    at flushPassiveEffects (/Users/ravindradave/Documents/Github/focus-flow-extension/node_modules/react-dom/cjs/react-dom.development.js:27023:14)
    at /Users/ravindradave/Documents/Github/focus-flow-extension/node_modules/react-dom/cjs/react-dom.development.js:26808:9
    at flushActQueue (/Users/ravindradave/Documents/Github/focus-flow-extension/node_modules/react/cjs/react.development.js:2667:24)
The above error occurred in the <App> component:

    at App (/Users/ravindradave/Documents/Github/focus-flow-extension/src/options/App.tsx:14:59)

Consider adding an error boundary to your tree to customize error handling behavior.
Visit https://reactjs.org/link/error-boundaries to learn more about error boundaries.

stderr | tests/unit/options/App.test.tsx > Options App > Accessibility > should have aria-pressed for toggle buttons
Failed to fetch analytics: TypeError: chrome.runtime.sendMessage is not a function
    at /Users/ravindradave/Documents/Github/focus-flow-extension/src/hooks/useAnalytics.ts:50:24
    at /Users/ravindradave/Documents/Github/focus-flow-extension/src/hooks/useAnalytics.ts:85:5
    at commitHookEffectListMount (/Users/ravindradave/Documents/Github/focus-flow-extension/node_modules/react-dom/cjs/react-dom.development.js:23189:26)
    at commitPassiveMountOnFiber (/Users/ravindradave/Documents/Github/focus-flow-extension/node_modules/react-dom/cjs/react-dom.development.js:24970:11)
    at commitPassiveMountEffects_complete (/Users/ravindradave/Documents/Github/focus-flow-extension/node_modules/react-dom/cjs/react-dom.development.js:24930:9)
    at commitPassiveMountEffects_begin (/Users/ravindradave/Documents/Github/focus-flow-extension/node_modules/react-dom/cjs/react-dom.development.js:24917:7)
    at commitPassiveMountEffects (/Users/ravindradave/Documents/Github/focus-flow-extension/node_modules/react-dom/cjs/react-dom.development.js:24905:3)
    at flushPassiveEffectsImpl (/Users/ravindradave/Documents/Github/focus-flow-extension/node_modules/react-dom/cjs/react-dom.development.js:27078:3)
    at flushPassiveEffects (/Users/ravindradave/Documents/Github/focus-flow-extension/node_modules/react-dom/cjs/react-dom.development.js:27023:14)
    at /Users/ravindradave/Documents/Github/focus-flow-extension/node_modules/react-dom/cjs/react-dom.development.js:26808:9
Failed to fetch chart data: TypeError: chrome.runtime.sendMessage is not a function
    at fetchChartData (/Users/ravindradave/Documents/Github/focus-flow-extension/src/options/components/AnalyticsDashboard.tsx:57:26)
    at /Users/ravindradave/Documents/Github/focus-flow-extension/src/options/components/AnalyticsDashboard.tsx:92:5
    at commitHookEffectListMount (/Users/ravindradave/Documents/Github/focus-flow-extension/node_modules/react-dom/cjs/react-dom.development.js:23189:26)
    at commitPassiveMountOnFiber (/Users/ravindradave/Documents/Github/focus-flow-extension/node_modules/react-dom/cjs/react-dom.development.js:24970:11)
    at commitPassiveMountEffects_complete (/Users/ravindradave/Documents/Github/focus-flow-extension/node_modules/react-dom/cjs/react-dom.development.js:24930:9)
    at commitPassiveMountEffects_begin (/Users/ravindradave/Documents/Github/focus-flow-extension/node_modules/react-dom/cjs/react-dom.development.js:24917:7)
    at commitPassiveMountEffects (/Users/ravindradave/Documents/Github/focus-flow-extension/node_modules/react-dom/cjs/react-dom.development.js:24905:3)
    at flushPassiveEffectsImpl (/Users/ravindradave/Documents/Github/focus-flow-extension/node_modules/react-dom/cjs/react-dom.development.js:27078:3)
    at flushPassiveEffects (/Users/ravindradave/Documents/Github/focus-flow-extension/node_modules/react-dom/cjs/react-dom.development.js:27023:14)
    at /Users/ravindradave/Documents/Github/focus-flow-extension/node_modules/react-dom/cjs/react-dom.development.js:26808:9
Error: Uncaught [TypeError: Cannot read properties of undefined (reading 'addListener')]
    at reportException (/Users/ravindradave/Documents/Github/focus-flow-extension/node_modules/jsdom/lib/jsdom/living/helpers/runtime-script-errors.js:66:24)
    at innerInvokeEventListeners (/Users/ravindradave/Documents/Github/focus-flow-extension/node_modules/jsdom/lib/jsdom/living/events/EventTarget-impl.js:353:9)
    at invokeEventListeners (/Users/ravindradave/Documents/Github/focus-flow-extension/node_modules/jsdom/lib/jsdom/living/events/EventTarget-impl.js:286:3)
    at HTMLUnknownElementImpl._dispatch (/Users/ravindradave/Documents/Github/focus-flow-extension/node_modules/jsdom/lib/jsdom/living/events/EventTarget-impl.js:233:9)
    at HTMLUnknownElementImpl.dispatchEvent (/Users/ravindradave/Documents/Github/focus-flow-extension/node_modules/jsdom/lib/jsdom/living/events/EventTarget-impl.js:104:17)
    at HTMLUnknownElement.dispatchEvent (/Users/ravindradave/Documents/Github/focus-flow-extension/node_modules/jsdom/lib/jsdom/living/generated/EventTarget.js:241:34)
    at Object.invokeGuardedCallbackDev (/Users/ravindradave/Documents/Github/focus-flow-extension/node_modules/react-dom/cjs/react-dom.development.js:4213:16)
    at invokeGuardedCallback (/Users/ravindradave/Documents/Github/focus-flow-extension/node_modules/react-dom/cjs/react-dom.development.js:4277:31)
    at reportUncaughtErrorInDEV (/Users/ravindradave/Documents/Github/focus-flow-extension/node_modules/react-dom/cjs/react-dom.development.js:22877:5)
    at captureCommitPhaseError (/Users/ravindradave/Documents/Github/focus-flow-extension/node_modules/react-dom/cjs/react-dom.development.js:27165:5) TypeError: Cannot read properties of undefined (reading 'addListener')
    at /Users/ravindradave/Documents/Github/focus-flow-extension/src/hooks/useTheme.ts:113:30
    at commitHookEffectListMount (/Users/ravindradave/Documents/Github/focus-flow-extension/node_modules/react-dom/cjs/react-dom.development.js:23189:26)
    at commitPassiveMountOnFiber (/Users/ravindradave/Documents/Github/focus-flow-extension/node_modules/react-dom/cjs/react-dom.development.js:24970:11)
    at commitPassiveMountEffects_complete (/Users/ravindradave/Documents/Github/focus-flow-extension/node_modules/react-dom/cjs/react-dom.development.js:24930:9)
    at commitPassiveMountEffects_begin (/Users/ravindradave/Documents/Github/focus-flow-extension/node_modules/react-dom/cjs/react-dom.development.js:24917:7)
    at commitPassiveMountEffects (/Users/ravindradave/Documents/Github/focus-flow-extension/node_modules/react-dom/cjs/react-dom.development.js:24905:3)
    at flushPassiveEffectsImpl (/Users/ravindradave/Documents/Github/focus-flow-extension/node_modules/react-dom/cjs/react-dom.development.js:27078:3)
    at flushPassiveEffects (/Users/ravindradave/Documents/Github/focus-flow-extension/node_modules/react-dom/cjs/react-dom.development.js:27023:14)
    at /Users/ravindradave/Documents/Github/focus-flow-extension/node_modules/react-dom/cjs/react-dom.development.js:26808:9
    at flushActQueue (/Users/ravindradave/Documents/Github/focus-flow-extension/node_modules/react/cjs/react.development.js:2667:24)
The above error occurred in the <App> component:

    at App (/Users/ravindradave/Documents/Github/focus-flow-extension/src/options/App.tsx:14:59)

Consider adding an error boundary to your tree to customize error handling behavior.
Visit https://reactjs.org/link/error-boundaries to learn more about error boundaries.

stderr | tests/unit/options/App.test.tsx > Options App > Accessibility > should have proper focus rings on interactive elements
Failed to fetch analytics: TypeError: chrome.runtime.sendMessage is not a function
    at /Users/ravindradave/Documents/Github/focus-flow-extension/src/hooks/useAnalytics.ts:50:24
    at /Users/ravindradave/Documents/Github/focus-flow-extension/src/hooks/useAnalytics.ts:85:5
    at commitHookEffectListMount (/Users/ravindradave/Documents/Github/focus-flow-extension/node_modules/react-dom/cjs/react-dom.development.js:23189:26)
    at commitPassiveMountOnFiber (/Users/ravindradave/Documents/Github/focus-flow-extension/node_modules/react-dom/cjs/react-dom.development.js:24970:11)
    at commitPassiveMountEffects_complete (/Users/ravindradave/Documents/Github/focus-flow-extension/node_modules/react-dom/cjs/react-dom.development.js:24930:9)
    at commitPassiveMountEffects_begin (/Users/ravindradave/Documents/Github/focus-flow-extension/node_modules/react-dom/cjs/react-dom.development.js:24917:7)
    at commitPassiveMountEffects (/Users/ravindradave/Documents/Github/focus-flow-extension/node_modules/react-dom/cjs/react-dom.development.js:24905:3)
    at flushPassiveEffectsImpl (/Users/ravindradave/Documents/Github/focus-flow-extension/node_modules/react-dom/cjs/react-dom.development.js:27078:3)
    at flushPassiveEffects (/Users/ravindradave/Documents/Github/focus-flow-extension/node_modules/react-dom/cjs/react-dom.development.js:27023:14)
    at /Users/ravindradave/Documents/Github/focus-flow-extension/node_modules/react-dom/cjs/react-dom.development.js:26808:9
Failed to fetch chart data: TypeError: chrome.runtime.sendMessage is not a function
    at fetchChartData (/Users/ravindradave/Documents/Github/focus-flow-extension/src/options/components/AnalyticsDashboard.tsx:57:26)
    at /Users/ravindradave/Documents/Github/focus-flow-extension/src/options/components/AnalyticsDashboard.tsx:92:5
    at commitHookEffectListMount (/Users/ravindradave/Documents/Github/focus-flow-extension/node_modules/react-dom/cjs/react-dom.development.js:23189:26)
    at commitPassiveMountOnFiber (/Users/ravindradave/Documents/Github/focus-flow-extension/node_modules/react-dom/cjs/react-dom.development.js:24970:11)
    at commitPassiveMountEffects_complete (/Users/ravindradave/Documents/Github/focus-flow-extension/node_modules/react-dom/cjs/react-dom.development.js:24930:9)
    at commitPassiveMountEffects_begin (/Users/ravindradave/Documents/Github/focus-flow-extension/node_modules/react-dom/cjs/react-dom.development.js:24917:7)
    at commitPassiveMountEffects (/Users/ravindradave/Documents/Github/focus-flow-extension/node_modules/react-dom/cjs/react-dom.development.js:24905:3)
    at flushPassiveEffectsImpl (/Users/ravindradave/Documents/Github/focus-flow-extension/node_modules/react-dom/cjs/react-dom.development.js:27078:3)
    at flushPassiveEffects (/Users/ravindradave/Documents/Github/focus-flow-extension/node_modules/react-dom/cjs/react-dom.development.js:27023:14)
    at /Users/ravindradave/Documents/Github/focus-flow-extension/node_modules/react-dom/cjs/react-dom.development.js:26808:9
Error: Uncaught [TypeError: Cannot read properties of undefined (reading 'addListener')]
    at reportException (/Users/ravindradave/Documents/Github/focus-flow-extension/node_modules/jsdom/lib/jsdom/living/helpers/runtime-script-errors.js:66:24)
    at innerInvokeEventListeners (/Users/ravindradave/Documents/Github/focus-flow-extension/node_modules/jsdom/lib/jsdom/living/events/EventTarget-impl.js:353:9)
    at invokeEventListeners (/Users/ravindradave/Documents/Github/focus-flow-extension/node_modules/jsdom/lib/jsdom/living/events/EventTarget-impl.js:286:3)
    at HTMLUnknownElementImpl._dispatch (/Users/ravindradave/Documents/Github/focus-flow-extension/node_modules/jsdom/lib/jsdom/living/events/EventTarget-impl.js:233:9)
    at HTMLUnknownElementImpl.dispatchEvent (/Users/ravindradave/Documents/Github/focus-flow-extension/node_modules/jsdom/lib/jsdom/living/events/EventTarget-impl.js:104:17)
    at HTMLUnknownElement.dispatchEvent (/Users/ravindradave/Documents/Github/focus-flow-extension/node_modules/jsdom/lib/jsdom/living/generated/EventTarget.js:241:34)
    at Object.invokeGuardedCallbackDev (/Users/ravindradave/Documents/Github/focus-flow-extension/node_modules/react-dom/cjs/react-dom.development.js:4213:16)
    at invokeGuardedCallback (/Users/ravindradave/Documents/Github/focus-flow-extension/node_modules/react-dom/cjs/react-dom.development.js:4277:31)
    at reportUncaughtErrorInDEV (/Users/ravindradave/Documents/Github/focus-flow-extension/node_modules/react-dom/cjs/react-dom.development.js:22877:5)
    at captureCommitPhaseError (/Users/ravindradave/Documents/Github/focus-flow-extension/node_modules/react-dom/cjs/react-dom.development.js:27165:5) TypeError: Cannot read properties of undefined (reading 'addListener')
    at /Users/ravindradave/Documents/Github/focus-flow-extension/src/hooks/useTheme.ts:113:30
    at commitHookEffectListMount (/Users/ravindradave/Documents/Github/focus-flow-extension/node_modules/react-dom/cjs/react-dom.development.js:23189:26)
    at commitPassiveMountOnFiber (/Users/ravindradave/Documents/Github/focus-flow-extension/node_modules/react-dom/cjs/react-dom.development.js:24970:11)
    at commitPassiveMountEffects_complete (/Users/ravindradave/Documents/Github/focus-flow-extension/node_modules/react-dom/cjs/react-dom.development.js:24930:9)
    at commitPassiveMountEffects_begin (/Users/ravindradave/Documents/Github/focus-flow-extension/node_modules/react-dom/cjs/react-dom.development.js:24917:7)
    at commitPassiveMountEffects (/Users/ravindradave/Documents/Github/focus-flow-extension/node_modules/react-dom/cjs/react-dom.development.js:24905:3)
    at flushPassiveEffectsImpl (/Users/ravindradave/Documents/Github/focus-flow-extension/node_modules/react-dom/cjs/react-dom.development.js:27078:3)
    at flushPassiveEffects (/Users/ravindradave/Documents/Github/focus-flow-extension/node_modules/react-dom/cjs/react-dom.development.js:27023:14)
    at /Users/ravindradave/Documents/Github/focus-flow-extension/node_modules/react-dom/cjs/react-dom.development.js:26808:9
    at flushActQueue (/Users/ravindradave/Documents/Github/focus-flow-extension/node_modules/react/cjs/react.development.js:2667:24)
The above error occurred in the <App> component:

    at App (/Users/ravindradave/Documents/Github/focus-flow-extension/src/options/App.tsx:14:59)

Consider adding an error boundary to your tree to customize error handling behavior.
Visit https://reactjs.org/link/error-boundaries to learn more about error boundaries.

stderr | tests/integration/theme-sync.test.ts > Theme Integration > Theme Validation > should accept all valid theme modes
Warning: An update to TestComponent inside a test was not wrapped in act(...).

When testing, code that causes React state updates should be wrapped into act(...):

act(() => {
  /* fire events that update state */
});
/* assert on the output */

This ensures that you're testing the behavior the user would see in the browser. Learn more at https://reactjs.org/link/wrap-tests-with-act
    at TestComponent (/Users/ravindradave/Documents/Github/focus-flow-extension/node_modules/@testing-library/react/dist/pure.js:307:5)

stderr | tests/integration/theme-sync.test.ts > Theme Integration > Theme Validation > should accept all valid theme modes
Warning: An update to TestComponent inside a test was not wrapped in act(...).

When testing, code that causes React state updates should be wrapped into act(...):

act(() => {
  /* fire events that update state */
});
/* assert on the output */

This ensures that you're testing the behavior the user would see in the browser. Learn more at https://reactjs.org/link/wrap-tests-with-act
    at TestComponent (/Users/ravindradave/Documents/Github/focus-flow-extension/node_modules/@testing-library/react/dist/pure.js:307:5)

stderr | tests/unit/options/DataConfig.test.tsx > Data Export/Import > Reset All Data > should cancel reset if first confirmation is declined
Failed to fetch chart data: TypeError: sessionsResponse.data.map is not a function
    at fetchChartData (/Users/ravindradave/Documents/Github/focus-flow-extension/src/options/components/AnalyticsDashboard.tsx:80:59)

stderr | tests/integration/theme-sync.test.ts > Theme Integration > Theme Validation > should accept all valid theme modes
Warning: An update to TestComponent inside a test was not wrapped in act(...).

When testing, code that causes React state updates should be wrapped into act(...):

act(() => {
  /* fire events that update state */
});
/* assert on the output */

This ensures that you're testing the behavior the user would see in the browser. Learn more at https://reactjs.org/link/wrap-tests-with-act
    at TestComponent (/Users/ravindradave/Documents/Github/focus-flow-extension/node_modules/@testing-library/react/dist/pure.js:307:5)

stderr | tests/unit/options/DataConfig.test.tsx > Data Export/Import > Reset All Data > should cancel reset if second confirmation is declined
Failed to fetch chart data: TypeError: sessionsResponse.data.map is not a function
    at fetchChartData (/Users/ravindradave/Documents/Github/focus-flow-extension/src/options/components/AnalyticsDashboard.tsx:80:59)
    at runNextTicks (node:internal/process/task_queues:60:5)
    at listOnTimeout (node:internal/timers:540:9)
    at processTimers (node:internal/timers:514:7)

stderr | tests/unit/options/DataConfig.test.tsx > Data Export/Import > Reset All Data > should cancel reset if user does not type YES
Failed to fetch chart data: TypeError: sessionsResponse.data.map is not a function
    at fetchChartData (/Users/ravindradave/Documents/Github/focus-flow-extension/src/options/components/AnalyticsDashboard.tsx:80:59)
    at runNextTicks (node:internal/process/task_queues:60:5)
    at listOnTimeout (node:internal/timers:540:9)
    at processTimers (node:internal/timers:514:7)

stdout | tests/unit/blocked-page.test.ts > Blocked Page Theme System > Theme Rendering - All Themes > should render modern theme correctly
[Blocked Page] Theme loaded: modern
[Blocked Page] Theme loaded: modern

 ✓ tests/unit/options/DataConfig.test.tsx  (16 tests) 686ms
stderr | tests/integration/theme-sync.test.ts > Theme Integration > Loading States > should start with loading state true
Warning: An update to TestComponent inside a test was not wrapped in act(...).

When testing, code that causes React state updates should be wrapped into act(...):

act(() => {
  /* fire events that update state */
});
/* assert on the output */

This ensures that you're testing the behavior the user would see in the browser. Learn more at https://reactjs.org/link/wrap-tests-with-act
    at TestComponent (/Users/ravindradave/Documents/Github/focus-flow-extension/node_modules/@testing-library/react/dist/pure.js:307:5)

stdout | tests/unit/blocked-page.test.ts > Blocked Page Theme System > Theme Rendering - All Themes > should render zen theme correctly
[Blocked Page] Theme loaded: modern
[Blocked Page] Theme loaded: zen

stderr | tests/integration/theme-sync.test.ts > Theme Integration > Loading States > should not set loading state when receiving storage changes
Warning: An update to TestComponent inside a test was not wrapped in act(...).

When testing, code that causes React state updates should be wrapped into act(...):

act(() => {
  /* fire events that update state */
});
/* assert on the output */

This ensures that you're testing the behavior the user would see in the browser. Learn more at https://reactjs.org/link/wrap-tests-with-act
    at TestComponent (/Users/ravindradave/Documents/Github/focus-flow-extension/node_modules/@testing-library/react/dist/pure.js:307:5)

stdout | tests/unit/blocked-page.test.ts > Blocked Page Theme System > Theme Rendering - All Themes > should render cyber theme correctly
[Blocked Page] Theme loaded: modern
[Blocked Page] Theme loaded: cyber

stderr | tests/integration/theme-sync.test.ts > Theme Integration > DOM Integration > should apply data-theme attribute to document.body
Warning: An update to TestComponent inside a test was not wrapped in act(...).

When testing, code that causes React state updates should be wrapped into act(...):

act(() => {
  /* fire events that update state */
});
/* assert on the output */

This ensures that you're testing the behavior the user would see in the browser. Learn more at https://reactjs.org/link/wrap-tests-with-act
    at TestComponent (/Users/ravindradave/Documents/Github/focus-flow-extension/node_modules/@testing-library/react/dist/pure.js:307:5)

stderr | tests/integration/theme-sync.test.ts > Theme Integration > DOM Integration > should update data-theme attribute when storage changes
Warning: An update to TestComponent inside a test was not wrapped in act(...).

When testing, code that causes React state updates should be wrapped into act(...):

act(() => {
  /* fire events that update state */
});
/* assert on the output */

This ensures that you're testing the behavior the user would see in the browser. Learn more at https://reactjs.org/link/wrap-tests-with-act
    at TestComponent (/Users/ravindradave/Documents/Github/focus-flow-extension/node_modules/@testing-library/react/dist/pure.js:307:5)

stderr | tests/integration/theme-sync.test.ts > Theme Integration > DOM Integration > should maintain data-theme attribute across multiple theme changes
Warning: An update to TestComponent inside a test was not wrapped in act(...).

When testing, code that causes React state updates should be wrapped into act(...):

act(() => {
  /* fire events that update state */
});
/* assert on the output */

This ensures that you're testing the behavior the user would see in the browser. Learn more at https://reactjs.org/link/wrap-tests-with-act
    at TestComponent (/Users/ravindradave/Documents/Github/focus-flow-extension/node_modules/@testing-library/react/dist/pure.js:307:5)

stderr | tests/integration/theme-sync.test.ts > Theme Integration > DOM Integration > should maintain data-theme attribute across multiple theme changes
Warning: An update to TestComponent inside a test was not wrapped in act(...).

When testing, code that causes React state updates should be wrapped into act(...):

act(() => {
  /* fire events that update state */
});
/* assert on the output */

This ensures that you're testing the behavior the user would see in the browser. Learn more at https://reactjs.org/link/wrap-tests-with-act
    at TestComponent (/Users/ravindradave/Documents/Github/focus-flow-extension/node_modules/@testing-library/react/dist/pure.js:307:5)

stderr | tests/integration/theme-sync.test.ts > Theme Integration > DOM Integration > should maintain data-theme attribute across multiple theme changes
Warning: An update to TestComponent inside a test was not wrapped in act(...).

When testing, code that causes React state updates should be wrapped into act(...):

act(() => {
  /* fire events that update state */
});
/* assert on the output */

This ensures that you're testing the behavior the user would see in the browser. Learn more at https://reactjs.org/link/wrap-tests-with-act
    at TestComponent (/Users/ravindradave/Documents/Github/focus-flow-extension/node_modules/@testing-library/react/dist/pure.js:307:5)

 ✓ tests/integration/theme-sync.test.ts  (23 tests) 1831ms
stdout | tests/unit/blocked-page.test.ts > Blocked Page Theme System > Theme-Specific Visual Effects > should apply cyber scanline effect via CSS
[Blocked Page] Theme loaded: modern
[Blocked Page] Theme loaded: cyber

stdout | tests/unit/blocked-page.test.ts > Blocked Page Theme System > Theme-Specific Visual Effects > should apply zen organic shapes via CSS
[Blocked Page] Theme loaded: modern
[Blocked Page] Theme loaded: zen

stdout | tests/unit/blocked-page.test.ts > Blocked Page Theme System > Theme-Specific Visual Effects > should have CSS custom properties for theming
[Blocked Page] Theme loaded: modern

stdout | tests/unit/blocked-page.test.ts > Blocked Page Theme System > Theme-Specific Visual Effects > should use CSS variables for colors and fonts
[Blocked Page] Theme loaded: modern

stdout | tests/unit/blocked-page.test.ts > Blocked Page Theme System > Error Handling > should fallback to modern theme when chrome.storage throws error
[Blocked Page] Theme loaded: modern

stdout | tests/unit/blocked-page.test.ts > Blocked Page Theme System > Error Handling > should handle storage listener setup errors gracefully
[Blocked Page] Theme loaded: modern
[Blocked Page] Theme loaded: modern

stdout | tests/unit/blocked-page.test.ts > Blocked Page Theme System > Error Handling > should log theme loading to console
[Blocked Page] Theme loaded: modern

 ✓ tests/unit/background/streak-tracker.test.ts  (22 tests) 34ms
stderr | tests/unit/background/streak-tracker.test.ts > StreakTracker > checkDailyStreak > should break streak when no activity and no freezes
Streak broken: no activity and no freezes available

stdout | tests/unit/background/streak-tracker.test.ts > StreakTracker > checkDailyStreak > should use freeze when no activity but premium with freezes
Using streak freeze to maintain streak

stderr | tests/unit/background/streak-tracker.test.ts > StreakTracker > checkDailyStreak > should break streak when missing multiple days without freezes
Streak broken: missed 3 days, insufficient freezes

stdout | tests/unit/background/streak-tracker.test.ts > StreakTracker > checkDailyStreak > should recover streak when multiple days missed with enough freezes
Using 2 freezes to maintain streak

stdout | tests/unit/blocked-page.test.ts > Blocked Page Theme System > Error Handling > should log theme changes to console
[Blocked Page] Theme loaded: modern

stdout | tests/unit/blocked-page.test.ts > Blocked Page Theme System > Page Structure > should have body element with initial data-theme attribute
[Blocked Page] Theme loaded: modern

stdout | tests/unit/blocked-page.test.ts > Blocked Page Theme System > Page Structure > should have theme CSS files linked in head
[Blocked Page] Theme loaded: modern

stdout | tests/unit/blocked-page.test.ts > Blocked Page Theme System > Page Structure > should have main container element
[Blocked Page] Theme loaded: modern

stdout | tests/unit/blocked-page.test.ts > Blocked Page Theme System > Page Structure > should have all required content elements
[Blocked Page] Theme loaded: modern

stdout | tests/unit/blocked-page.test.ts > Blocked Page Theme System > Initialization Timing > should initialize when document is already loaded
[Blocked Page] Theme loaded: modern
[Blocked Page] Theme loaded: cyber

stderr | tests/unit/blocked-page.test.ts > Blocked Page Theme System > Initialization Timing > should initialize when document is already loaded
Error: Could not load link: "chrome-extension://fake-extension-id/assets/themes-C4ghA_Zj.css"
    at onErrorWrapped (/Users/ravindradave/Documents/Github/focus-flow-extension/node_modules/jsdom/lib/jsdom/browser/resources/per-document-resource-loader.js:38:19)
    at Object.check (/Users/ravindradave/Documents/Github/focus-flow-extension/node_modules/jsdom/lib/jsdom/browser/resources/resource-queue.js:72:23)
    at /Users/ravindradave/Documents/Github/focus-flow-extension/node_modules/jsdom/lib/jsdom/browser/resources/resource-queue.js:124:14 Error: Tried to fetch URL chrome-extension://fake-extension-id/assets/themes-C4ghA_Zj.css with invalid scheme chrome-extension
    at ResourceLoader.fetch (/Users/ravindradave/Documents/Github/focus-flow-extension/node_modules/jsdom/lib/jsdom/browser/resources/resource-loader.js:138:31)
    at PerDocumentResourceLoader.fetch (/Users/ravindradave/Documents/Github/focus-flow-extension/node_modules/jsdom/lib/jsdom/browser/resources/per-document-resource-loader.js:17:42)
    at fetchStylesheetInternal (/Users/ravindradave/Documents/Github/focus-flow-extension/node_modules/jsdom/lib/jsdom/living/helpers/stylesheets.js:87:18)
    at exports.fetchStylesheet (/Users/ravindradave/Documents/Github/focus-flow-extension/node_modules/jsdom/lib/jsdom/living/helpers/stylesheets.js:11:10)
    at fetchAndProcess (/Users/ravindradave/Documents/Github/focus-flow-extension/node_modules/jsdom/lib/jsdom/living/nodes/HTMLLinkElement-impl.js:95:3)
    at maybeFetchAndProcess (/Users/ravindradave/Documents/Github/focus-flow-extension/node_modules/jsdom/lib/jsdom/living/nodes/HTMLLinkElement-impl.js:74:3)
    at HTMLLinkElementImpl._attach (/Users/ravindradave/Documents/Github/focus-flow-extension/node_modules/jsdom/lib/jsdom/living/nodes/HTMLLinkElement-impl.js:32:5)
    at HTMLHeadElementImpl._insert (/Users/ravindradave/Documents/Github/focus-flow-extension/node_modules/jsdom/lib/jsdom/living/nodes/Node-impl.js:837:14)
    at HTMLHeadElementImpl._preInsert (/Users/ravindradave/Documents/Github/focus-flow-extension/node_modules/jsdom/lib/jsdom/living/nodes/Node-impl.js:758:10)
    at HTMLHeadElementImpl._append (/Users/ravindradave/Documents/Github/focus-flow-extension/node_modules/jsdom/lib/jsdom/living/nodes/Node-impl.js:864:17)
Error: Could not load link: "chrome-extension://fake-extension-id/assets/styles-Bjk7f3nx.css"
    at onErrorWrapped (/Users/ravindradave/Documents/Github/focus-flow-extension/node_modules/jsdom/lib/jsdom/browser/resources/per-document-resource-loader.js:38:19)
    at Object.check (/Users/ravindradave/Documents/Github/focus-flow-extension/node_modules/jsdom/lib/jsdom/browser/resources/resource-queue.js:72:23)
    at /Users/ravindradave/Documents/Github/focus-flow-extension/node_modules/jsdom/lib/jsdom/browser/resources/resource-queue.js:83:27 Error: Tried to fetch URL chrome-extension://fake-extension-id/assets/styles-Bjk7f3nx.css with invalid scheme chrome-extension
    at ResourceLoader.fetch (/Users/ravindradave/Documents/Github/focus-flow-extension/node_modules/jsdom/lib/jsdom/browser/resources/resource-loader.js:138:31)
    at PerDocumentResourceLoader.fetch (/Users/ravindradave/Documents/Github/focus-flow-extension/node_modules/jsdom/lib/jsdom/browser/resources/per-document-resource-loader.js:17:42)
    at fetchStylesheetInternal (/Users/ravindradave/Documents/Github/focus-flow-extension/node_modules/jsdom/lib/jsdom/living/helpers/stylesheets.js:87:18)
    at exports.fetchStylesheet (/Users/ravindradave/Documents/Github/focus-flow-extension/node_modules/jsdom/lib/jsdom/living/helpers/stylesheets.js:11:10)
    at fetchAndProcess (/Users/ravindradave/Documents/Github/focus-flow-extension/node_modules/jsdom/lib/jsdom/living/nodes/HTMLLinkElement-impl.js:95:3)
    at maybeFetchAndProcess (/Users/ravindradave/Documents/Github/focus-flow-extension/node_modules/jsdom/lib/jsdom/living/nodes/HTMLLinkElement-impl.js:74:3)
    at HTMLLinkElementImpl._attach (/Users/ravindradave/Documents/Github/focus-flow-extension/node_modules/jsdom/lib/jsdom/living/nodes/HTMLLinkElement-impl.js:32:5)
    at HTMLHeadElementImpl._insert (/Users/ravindradave/Documents/Github/focus-flow-extension/node_modules/jsdom/lib/jsdom/living/nodes/Node-impl.js:837:14)
    at HTMLHeadElementImpl._preInsert (/Users/ravindradave/Documents/Github/focus-flow-extension/node_modules/jsdom/lib/jsdom/living/nodes/Node-impl.js:758:10)
    at HTMLHeadElementImpl._append (/Users/ravindradave/Documents/Github/focus-flow-extension/node_modules/jsdom/lib/jsdom/living/nodes/Node-impl.js:864:17)
Error: Could not load script: "chrome-extension://fake-extension-id/blocked.js"
    at onErrorWrapped (/Users/ravindradave/Documents/Github/focus-flow-extension/node_modules/jsdom/lib/jsdom/browser/resources/per-document-resource-loader.js:38:19)
    at Object.check (/Users/ravindradave/Documents/Github/focus-flow-extension/node_modules/jsdom/lib/jsdom/browser/resources/resource-queue.js:72:23)
    at /Users/ravindradave/Documents/Github/focus-flow-extension/node_modules/jsdom/lib/jsdom/browser/resources/resource-queue.js:83:27 Error: Tried to fetch URL chrome-extension://fake-extension-id/blocked.js with invalid scheme chrome-extension
    at ResourceLoader.fetch (/Users/ravindradave/Documents/Github/focus-flow-extension/node_modules/jsdom/lib/jsdom/browser/resources/resource-loader.js:138:31)
    at PerDocumentResourceLoader.fetch (/Users/ravindradave/Documents/Github/focus-flow-extension/node_modules/jsdom/lib/jsdom/browser/resources/per-document-resource-loader.js:17:42)
    at HTMLScriptElementImpl._fetchExternalScript (/Users/ravindradave/Documents/Github/focus-flow-extension/node_modules/jsdom/lib/jsdom/living/nodes/HTMLScriptElement-impl.js:100:30)
    at HTMLScriptElementImpl._eval (/Users/ravindradave/Documents/Github/focus-flow-extension/node_modules/jsdom/lib/jsdom/living/nodes/HTMLScriptElement-impl.js:165:12)
    at HTMLScriptElementImpl._poppedOffStackOfOpenElements (/Users/ravindradave/Documents/Github/focus-flow-extension/node_modules/jsdom/lib/jsdom/living/nodes/HTMLScriptElement-impl.js:130:10)
    at JSDOMParse5Adapter.onItemPop (/Users/ravindradave/Documents/Github/focus-flow-extension/node_modules/jsdom/lib/jsdom/browser/parser/html.js:175:43)
    at Parser.onItemPop (/Users/ravindradave/Documents/Github/focus-flow-extension/node_modules/parse5/dist/cjs/parser/index.js:176:90)
    at OpenElementStack.pop (/Users/ravindradave/Documents/Github/focus-flow-extension/node_modules/parse5/dist/cjs/parser/open-element-stack.js:83:22)
    at endTagInText (/Users/ravindradave/Documents/Github/focus-flow-extension/node_modules/parse5/dist/cjs/parser/index.js:2353:20)
    at Parser._endTagOutsideForeignContent (/Users/ravindradave/Documents/Github/focus-flow-extension/node_modules/parse5/dist/cjs/parser/index.js:992:17)

stdout | tests/unit/blocked-page.test.ts > Blocked Page Theme System > Initialization Timing > should wait for DOMContentLoaded when document is loading
[Blocked Page] Theme loaded: modern
[Blocked Page] Theme loaded: modern

 ✓ tests/unit/components/templates/OptionsLayout.test.tsx  (34 tests) 511ms
stdout | tests/unit/blocked-page.test.ts > Blocked Page Theme System > Accessibility - Reduced Motion > should have prefers-reduced-motion media query styles
[Blocked Page] Theme loaded: modern

stdout | tests/unit/blocked-page.test.ts > Blocked Page Theme System > Accessibility - Reduced Motion > should disable animations for reduced motion preference
[Blocked Page] Theme loaded: modern

 ✓ tests/unit/blocked-page.test.ts  (28 tests) 3116ms
stdout | tests/integration/timer-blocker-integration.test.ts > Timer + Blocker Integration > Work Session Lifecycle > BEHAVIOR: Starting work session should enable blocking by adding rules
✅ Synced 2 block rules
🚫 Blocking enabled
⏱️  Timer started: work (25m)

 ✓ tests/unit/services/session-repository.test.ts  (22 tests) 41ms
 ✓ tests/unit/background/blocker-engine.test.ts  (20 tests) 97ms
stdout | tests/unit/background/blocker-engine.test.ts > BlockerEngine > syncRules > should sync block rules to Chrome declarativeNetRequest
✅ Synced 2 block rules

stdout | tests/unit/background/blocker-engine.test.ts > BlockerEngine > syncRules > should remove existing rules before adding new ones
✅ Synced 1 block rules

stdout | tests/unit/background/blocker-engine.test.ts > BlockerEngine > syncRules > should handle URL type rules
✅ Synced 1 block rules

stdout | tests/unit/background/blocker-engine.test.ts > BlockerEngine > enableBlocking / disableBlocking > should enable blocking and sync rules
✅ Synced 1 block rules
🚫 Blocking enabled

stdout | tests/unit/background/blocker-engine.test.ts > BlockerEngine > enableBlocking / disableBlocking > should disable blocking and remove all dynamic rules
✅ Synced 1 block rules
🚫 Blocking enabled
✅ Blocking disabled (break time)

stdout | tests/unit/background/blocker-engine.test.ts > BlockerEngine > enableBlocking / disableBlocking > should handle disable when no rules exist
✅ Blocking disabled (break time)

stdout | tests/unit/background/blocker-engine.test.ts > BlockerEngine > resetDailyAllowances > should reset all allowances to configured limits
🔄 Daily allowances reset

stdout | tests/unit/background/blocker-engine.test.ts > BlockerEngine > resetDailyAllowances > should only reset domains with allowances
🔄 Daily allowances reset

stdout | tests/unit/background/blocker-engine.test.ts > BlockerEngine > handleBlockedAttempt > should track blocked attempt when blocking is active
✅ Synced 1 block rules
🚫 Blocking enabled
🚫 Blocked attempt: youtube.com

stdout | tests/unit/background/blocker-engine.test.ts > BlockerEngine > handleBlockedAttempt > should not track when blocking is disabled
✅ Blocking disabled (break time)

stdout | tests/unit/background/blocker-engine.test.ts > BlockerEngine > getStats > should return blocking statistics
✅ Synced 2 block rules
🚫 Blocking enabled

stdout | tests/unit/background/blocker-engine.test.ts > BlockerEngine > Rule Conversion > should include domain in redirect URL
✅ Synced 1 block rules

stdout | tests/integration/timer-blocker-integration.test.ts > Timer + Blocker Integration > Work Session Lifecycle > BEHAVIOR: Stopping work session should disable blocking by removing rules
✅ Synced 2 block rules
🚫 Blocking enabled
⏱️  Timer started: work (25m)

stdout | new BackgroundServiceWorker (/Users/ravindradave/Documents/Github/focus-flow-extension/src/background/index.ts:150:13)
🚀 Focus Flow background service worker initialized

stderr | src/background/index.ts:580:11
Failed to initialize background service worker: TypeError: Cannot read properties of undefined (reading 'addListener')
    at BackgroundServiceWorker.setupInstallListener (/Users/ravindradave/Documents/Github/focus-flow-extension/src/background/index.ts:457:32)
    at BackgroundServiceWorker.initialize (/Users/ravindradave/Documents/Github/focus-flow-extension/src/background/index.ts:162:10)
    at /Users/ravindradave/Documents/Github/focus-flow-extension/src/background/index.ts:579:19
    at VitestExecutor.runModule (file:///Users/ravindradave/Documents/Github/focus-flow-extension/node_modules/vite-node/dist/client.mjs:362:5)
    at VitestExecutor.directRequest (file:///Users/ravindradave/Documents/Github/focus-flow-extension/node_modules/vite-node/dist/client.mjs:346:5)
    at VitestExecutor.cachedRequest (file:///Users/ravindradave/Documents/Github/focus-flow-extension/node_modules/vite-node/dist/client.mjs:189:14)
    at VitestExecutor.dependencyRequest (file:///Users/ravindradave/Documents/Github/focus-flow-extension/node_modules/vite-node/dist/client.mjs:233:12)
    at /Users/ravindradave/Documents/Github/focus-flow-extension/tests/unit/background/index.test.ts:28:25
    at VitestExecutor.runModule (file:///Users/ravindradave/Documents/Github/focus-flow-extension/node_modules/vite-node/dist/client.mjs:362:5)
    at VitestExecutor.directRequest (file:///Users/ravindradave/Documents/Github/focus-flow-extension/node_modules/vite-node/dist/client.mjs:346:5)

stdout | tests/unit/background/index.test.ts > BackgroundServiceWorker > Initialization > should initialize all engines and repositories
🚀 Focus Flow background service worker initialized
⏰ Midnight check scheduled in 132 minutes
[ScheduleManager] Initialized successfully
✅ Background service worker ready

stderr | tests/unit/background/index.test.ts > BackgroundServiceWorker > Initialization > should initialize all engines and repositories
[ScheduleManager] Error checking schedules: StorageError: Failed to read from storage: Cannot read properties of undefined (reading 'local')
    at StorageService.get (/Users/ravindradave/Documents/Github/focus-flow-extension/src/services/storage-service.ts:140:13)
    at ScheduleRepository.getAllSchedules (/Users/ravindradave/Documents/Github/focus-flow-extension/src/services/schedule-repository.ts:63:34)
    at ScheduleRepository.getActiveSchedules (/Users/ravindradave/Documents/Github/focus-flow-extension/src/services/schedule-repository.ts:78:37)
    at ScheduleRepository.getSchedulesForTime (/Users/ravindradave/Documents/Github/focus-flow-extension/src/services/schedule-repository.ts:195:40)
    at ScheduleManager.checkSchedules (/Users/ravindradave/Documents/Github/focus-flow-extension/src/background/schedule-manager.ts:98:61)
    at ScheduleManager.initialize (/Users/ravindradave/Documents/Github/focus-flow-extension/src/background/schedule-manager.ts:80:18)
    at BackgroundServiceWorker.initialize (/Users/ravindradave/Documents/Github/focus-flow-extension/src/background/index.ts:168:5)
    at /Users/ravindradave/Documents/Github/focus-flow-extension/tests/unit/background/index.test.ts:99:7
    at runTest (file:///Users/ravindradave/Documents/Github/focus-flow-extension/node_modules/@vitest/runner/dist/index.js:781:11)
    at runSuite (file:///Users/ravindradave/Documents/Github/focus-flow-extension/node_modules/@vitest/runner/dist/index.js:909:15) {
  code: 'UNKNOWN',
  originalError: TypeError: Cannot read properties of undefined (reading 'local')
      at StorageService.get (/Users/ravindradave/Documents/Github/focus-flow-extension/src/services/storage-service.ts:105:43)
      at ScheduleRepository.getAllSchedules (/Users/ravindradave/Documents/Github/focus-flow-extension/src/services/schedule-repository.ts:63:34)
      at ScheduleRepository.getActiveSchedules (/Users/ravindradave/Documents/Github/focus-flow-extension/src/services/schedule-repository.ts:78:37)
      at ScheduleRepository.getSchedulesForTime (/Users/ravindradave/Documents/Github/focus-flow-extension/src/services/schedule-repository.ts:195:40)
      at ScheduleManager.checkSchedules (/Users/ravindradave/Documents/Github/focus-flow-extension/src/background/schedule-manager.ts:98:61)
      at ScheduleManager.initialize (/Users/ravindradave/Documents/Github/focus-flow-extension/src/background/schedule-manager.ts:80:18)
      at BackgroundServiceWorker.initialize (/Users/ravindradave/Documents/Github/focus-flow-extension/src/background/index.ts:168:5)
      at /Users/ravindradave/Documents/Github/focus-flow-extension/tests/unit/background/index.test.ts:99:7
      at runTest (file:///Users/ravindradave/Documents/Github/focus-flow-extension/node_modules/@vitest/runner/dist/index.js:781:11)
      at runSuite (file:///Users/ravindradave/Documents/Github/focus-flow-extension/node_modules/@vitest/runner/dist/index.js:909:15)
}

stdout | tests/unit/background/index.test.ts > BackgroundServiceWorker > Message Handling > should handle TIMER_START message
🚀 Focus Flow background service worker initialized
⏰ Midnight check scheduled in 132 minutes
[ScheduleManager] Initialized successfully
✅ Background service worker ready

stderr | tests/unit/background/index.test.ts > BackgroundServiceWorker > Message Handling > should handle TIMER_START message
[ScheduleManager] Error checking schedules: StorageError: Failed to read from storage: Cannot read properties of undefined (reading 'local')
    at StorageService.get (/Users/ravindradave/Documents/Github/focus-flow-extension/src/services/storage-service.ts:140:13)
    at ScheduleRepository.getAllSchedules (/Users/ravindradave/Documents/Github/focus-flow-extension/src/services/schedule-repository.ts:63:34)
    at ScheduleRepository.getActiveSchedules (/Users/ravindradave/Documents/Github/focus-flow-extension/src/services/schedule-repository.ts:78:37)
    at ScheduleRepository.getSchedulesForTime (/Users/ravindradave/Documents/Github/focus-flow-extension/src/services/schedule-repository.ts:195:40)
    at ScheduleManager.checkSchedules (/Users/ravindradave/Documents/Github/focus-flow-extension/src/background/schedule-manager.ts:98:61)
    at ScheduleManager.initialize (/Users/ravindradave/Documents/Github/focus-flow-extension/src/background/schedule-manager.ts:80:18)
    at BackgroundServiceWorker.initialize (/Users/ravindradave/Documents/Github/focus-flow-extension/src/background/index.ts:168:5)
    at /Users/ravindradave/Documents/Github/focus-flow-extension/tests/unit/background/index.test.ts:119:7
    at runTest (file:///Users/ravindradave/Documents/Github/focus-flow-extension/node_modules/@vitest/runner/dist/index.js:781:11)
    at runSuite (file:///Users/ravindradave/Documents/Github/focus-flow-extension/node_modules/@vitest/runner/dist/index.js:909:15) {
  code: 'UNKNOWN',
  originalError: TypeError: Cannot read properties of undefined (reading 'local')
      at StorageService.get (/Users/ravindradave/Documents/Github/focus-flow-extension/src/services/storage-service.ts:105:43)
      at ScheduleRepository.getAllSchedules (/Users/ravindradave/Documents/Github/focus-flow-extension/src/services/schedule-repository.ts:63:34)
      at ScheduleRepository.getActiveSchedules (/Users/ravindradave/Documents/Github/focus-flow-extension/src/services/schedule-repository.ts:78:37)
      at ScheduleRepository.getSchedulesForTime (/Users/ravindradave/Documents/Github/focus-flow-extension/src/services/schedule-repository.ts:195:40)
      at ScheduleManager.checkSchedules (/Users/ravindradave/Documents/Github/focus-flow-extension/src/background/schedule-manager.ts:98:61)
      at ScheduleManager.initialize (/Users/ravindradave/Documents/Github/focus-flow-extension/src/background/schedule-manager.ts:80:18)
      at BackgroundServiceWorker.initialize (/Users/ravindradave/Documents/Github/focus-flow-extension/src/background/index.ts:168:5)
      at /Users/ravindradave/Documents/Github/focus-flow-extension/tests/unit/background/index.test.ts:119:7
      at runTest (file:///Users/ravindradave/Documents/Github/focus-flow-extension/node_modules/@vitest/runner/dist/index.js:781:11)
      at runSuite (file:///Users/ravindradave/Documents/Github/focus-flow-extension/node_modules/@vitest/runner/dist/index.js:909:15)
}

stdout | tests/unit/background/index.test.ts > BackgroundServiceWorker > Message Handling > should handle TIMER_GET_STATUS message
🚀 Focus Flow background service worker initialized
⏰ Midnight check scheduled in 132 minutes
[ScheduleManager] Initialized successfully
✅ Background service worker ready

stderr | tests/unit/background/index.test.ts > BackgroundServiceWorker > Message Handling > should handle TIMER_GET_STATUS message
[ScheduleManager] Error checking schedules: StorageError: Failed to read from storage: Cannot read properties of undefined (reading 'local')
    at StorageService.get (/Users/ravindradave/Documents/Github/focus-flow-extension/src/services/storage-service.ts:140:13)
    at ScheduleRepository.getAllSchedules (/Users/ravindradave/Documents/Github/focus-flow-extension/src/services/schedule-repository.ts:63:34)
    at ScheduleRepository.getActiveSchedules (/Users/ravindradave/Documents/Github/focus-flow-extension/src/services/schedule-repository.ts:78:37)
    at ScheduleRepository.getSchedulesForTime (/Users/ravindradave/Documents/Github/focus-flow-extension/src/services/schedule-repository.ts:195:40)
    at ScheduleManager.checkSchedules (/Users/ravindradave/Documents/Github/focus-flow-extension/src/background/schedule-manager.ts:98:61)
    at ScheduleManager.initialize (/Users/ravindradave/Documents/Github/focus-flow-extension/src/background/schedule-manager.ts:80:18)
    at BackgroundServiceWorker.initialize (/Users/ravindradave/Documents/Github/focus-flow-extension/src/background/index.ts:168:5)
    at /Users/ravindradave/Documents/Github/focus-flow-extension/tests/unit/background/index.test.ts:142:7
    at runTest (file:///Users/ravindradave/Documents/Github/focus-flow-extension/node_modules/@vitest/runner/dist/index.js:781:11)
    at runSuite (file:///Users/ravindradave/Documents/Github/focus-flow-extension/node_modules/@vitest/runner/dist/index.js:909:15) {
  code: 'UNKNOWN',
  originalError: TypeError: Cannot read properties of undefined (reading 'local')
      at StorageService.get (/Users/ravindradave/Documents/Github/focus-flow-extension/src/services/storage-service.ts:105:43)
      at ScheduleRepository.getAllSchedules (/Users/ravindradave/Documents/Github/focus-flow-extension/src/services/schedule-repository.ts:63:34)
      at ScheduleRepository.getActiveSchedules (/Users/ravindradave/Documents/Github/focus-flow-extension/src/services/schedule-repository.ts:78:37)
      at ScheduleRepository.getSchedulesForTime (/Users/ravindradave/Documents/Github/focus-flow-extension/src/services/schedule-repository.ts:195:40)
      at ScheduleManager.checkSchedules (/Users/ravindradave/Documents/Github/focus-flow-extension/src/background/schedule-manager.ts:98:61)
      at ScheduleManager.initialize (/Users/ravindradave/Documents/Github/focus-flow-extension/src/background/schedule-manager.ts:80:18)
      at BackgroundServiceWorker.initialize (/Users/ravindradave/Documents/Github/focus-flow-extension/src/background/index.ts:168:5)
      at /Users/ravindradave/Documents/Github/focus-flow-extension/tests/unit/background/index.test.ts:142:7
      at runTest (file:///Users/ravindradave/Documents/Github/focus-flow-extension/node_modules/@vitest/runner/dist/index.js:781:11)
      at runSuite (file:///Users/ravindradave/Documents/Github/focus-flow-extension/node_modules/@vitest/runner/dist/index.js:909:15)
}

stdout | tests/unit/background/index.test.ts > BackgroundServiceWorker > Message Handling > should handle ANALYTICS_GET message
🚀 Focus Flow background service worker initialized
⏰ Midnight check scheduled in 132 minutes
[ScheduleManager] Initialized successfully
✅ Background service worker ready

stderr | tests/unit/background/index.test.ts > BackgroundServiceWorker > Message Handling > should handle ANALYTICS_GET message
[ScheduleManager] Error checking schedules: StorageError: Failed to read from storage: Cannot read properties of undefined (reading 'local')
    at StorageService.get (/Users/ravindradave/Documents/Github/focus-flow-extension/src/services/storage-service.ts:140:13)
    at ScheduleRepository.getAllSchedules (/Users/ravindradave/Documents/Github/focus-flow-extension/src/services/schedule-repository.ts:63:34)
    at ScheduleRepository.getActiveSchedules (/Users/ravindradave/Documents/Github/focus-flow-extension/src/services/schedule-repository.ts:78:37)
    at ScheduleRepository.getSchedulesForTime (/Users/ravindradave/Documents/Github/focus-flow-extension/src/services/schedule-repository.ts:195:40)
    at ScheduleManager.checkSchedules (/Users/ravindradave/Documents/Github/focus-flow-extension/src/background/schedule-manager.ts:98:61)
    at ScheduleManager.initialize (/Users/ravindradave/Documents/Github/focus-flow-extension/src/background/schedule-manager.ts:80:18)
    at BackgroundServiceWorker.initialize (/Users/ravindradave/Documents/Github/focus-flow-extension/src/background/index.ts:168:5)
    at /Users/ravindradave/Documents/Github/focus-flow-extension/tests/unit/background/index.test.ts:160:7
    at runTest (file:///Users/ravindradave/Documents/Github/focus-flow-extension/node_modules/@vitest/runner/dist/index.js:781:11)
    at runSuite (file:///Users/ravindradave/Documents/Github/focus-flow-extension/node_modules/@vitest/runner/dist/index.js:909:15) {
  code: 'UNKNOWN',
  originalError: TypeError: Cannot read properties of undefined (reading 'local')
      at StorageService.get (/Users/ravindradave/Documents/Github/focus-flow-extension/src/services/storage-service.ts:105:43)
      at ScheduleRepository.getAllSchedules (/Users/ravindradave/Documents/Github/focus-flow-extension/src/services/schedule-repository.ts:63:34)
      at ScheduleRepository.getActiveSchedules (/Users/ravindradave/Documents/Github/focus-flow-extension/src/services/schedule-repository.ts:78:37)
      at ScheduleRepository.getSchedulesForTime (/Users/ravindradave/Documents/Github/focus-flow-extension/src/services/schedule-repository.ts:195:40)
      at ScheduleManager.checkSchedules (/Users/ravindradave/Documents/Github/focus-flow-extension/src/background/schedule-manager.ts:98:61)
      at ScheduleManager.initialize (/Users/ravindradave/Documents/Github/focus-flow-extension/src/background/schedule-manager.ts:80:18)
      at BackgroundServiceWorker.initialize (/Users/ravindradave/Documents/Github/focus-flow-extension/src/background/index.ts:168:5)
      at /Users/ravindradave/Documents/Github/focus-flow-extension/tests/unit/background/index.test.ts:160:7
      at runTest (file:///Users/ravindradave/Documents/Github/focus-flow-extension/node_modules/@vitest/runner/dist/index.js:781:11)
      at runSuite (file:///Users/ravindradave/Documents/Github/focus-flow-extension/node_modules/@vitest/runner/dist/index.js:909:15)
}

stdout | tests/unit/background/index.test.ts > BackgroundServiceWorker > Message Handling > should handle SETTINGS_UPDATE message
🚀 Focus Flow background service worker initialized
⏰ Midnight check scheduled in 132 minutes
[ScheduleManager] Initialized successfully
✅ Background service worker ready

stderr | tests/unit/background/index.test.ts > BackgroundServiceWorker > Message Handling > should handle SETTINGS_UPDATE message
[ScheduleManager] Error checking schedules: StorageError: Failed to read from storage: Cannot read properties of undefined (reading 'local')
    at StorageService.get (/Users/ravindradave/Documents/Github/focus-flow-extension/src/services/storage-service.ts:140:13)
    at ScheduleRepository.getAllSchedules (/Users/ravindradave/Documents/Github/focus-flow-extension/src/services/schedule-repository.ts:63:34)
    at ScheduleRepository.getActiveSchedules (/Users/ravindradave/Documents/Github/focus-flow-extension/src/services/schedule-repository.ts:78:37)
    at ScheduleRepository.getSchedulesForTime (/Users/ravindradave/Documents/Github/focus-flow-extension/src/services/schedule-repository.ts:195:40)
    at ScheduleManager.checkSchedules (/Users/ravindradave/Documents/Github/focus-flow-extension/src/background/schedule-manager.ts:98:61)
    at ScheduleManager.initialize (/Users/ravindradave/Documents/Github/focus-flow-extension/src/background/schedule-manager.ts:80:18)
    at BackgroundServiceWorker.initialize (/Users/ravindradave/Documents/Github/focus-flow-extension/src/background/index.ts:168:5)
    at /Users/ravindradave/Documents/Github/focus-flow-extension/tests/unit/background/index.test.ts:174:7
    at runTest (file:///Users/ravindradave/Documents/Github/focus-flow-extension/node_modules/@vitest/runner/dist/index.js:781:11)
    at runSuite (file:///Users/ravindradave/Documents/Github/focus-flow-extension/node_modules/@vitest/runner/dist/index.js:909:15) {
  code: 'UNKNOWN',
  originalError: TypeError: Cannot read properties of undefined (reading 'local')
      at StorageService.get (/Users/ravindradave/Documents/Github/focus-flow-extension/src/services/storage-service.ts:105:43)
      at ScheduleRepository.getAllSchedules (/Users/ravindradave/Documents/Github/focus-flow-extension/src/services/schedule-repository.ts:63:34)
      at ScheduleRepository.getActiveSchedules (/Users/ravindradave/Documents/Github/focus-flow-extension/src/services/schedule-repository.ts:78:37)
      at ScheduleRepository.getSchedulesForTime (/Users/ravindradave/Documents/Github/focus-flow-extension/src/services/schedule-repository.ts:195:40)
      at ScheduleManager.checkSchedules (/Users/ravindradave/Documents/Github/focus-flow-extension/src/background/schedule-manager.ts:98:61)
      at ScheduleManager.initialize (/Users/ravindradave/Documents/Github/focus-flow-extension/src/background/schedule-manager.ts:80:18)
      at BackgroundServiceWorker.initialize (/Users/ravindradave/Documents/Github/focus-flow-extension/src/background/index.ts:168:5)
      at /Users/ravindradave/Documents/Github/focus-flow-extension/tests/unit/background/index.test.ts:174:7
      at runTest (file:///Users/ravindradave/Documents/Github/focus-flow-extension/node_modules/@vitest/runner/dist/index.js:781:11)
      at runSuite (file:///Users/ravindradave/Documents/Github/focus-flow-extension/node_modules/@vitest/runner/dist/index.js:909:15)
}

stdout | tests/unit/background/index.test.ts > BackgroundServiceWorker > Message Handling > should handle unknown message type
🚀 Focus Flow background service worker initialized
⏰ Midnight check scheduled in 132 minutes
[ScheduleManager] Initialized successfully
✅ Background service worker ready

stderr | tests/unit/background/index.test.ts > BackgroundServiceWorker > Message Handling > should handle unknown message type
[ScheduleManager] Error checking schedules: StorageError: Failed to read from storage: Cannot read properties of undefined (reading 'local')
    at StorageService.get (/Users/ravindradave/Documents/Github/focus-flow-extension/src/services/storage-service.ts:140:13)
    at ScheduleRepository.getAllSchedules (/Users/ravindradave/Documents/Github/focus-flow-extension/src/services/schedule-repository.ts:63:34)
    at ScheduleRepository.getActiveSchedules (/Users/ravindradave/Documents/Github/focus-flow-extension/src/services/schedule-repository.ts:78:37)
    at ScheduleRepository.getSchedulesForTime (/Users/ravindradave/Documents/Github/focus-flow-extension/src/services/schedule-repository.ts:195:40)
    at ScheduleManager.checkSchedules (/Users/ravindradave/Documents/Github/focus-flow-extension/src/background/schedule-manager.ts:98:61)
    at ScheduleManager.initialize (/Users/ravindradave/Documents/Github/focus-flow-extension/src/background/schedule-manager.ts:80:18)
    at BackgroundServiceWorker.initialize (/Users/ravindradave/Documents/Github/focus-flow-extension/src/background/index.ts:168:5)
    at /Users/ravindradave/Documents/Github/focus-flow-extension/tests/unit/background/index.test.ts:191:7
    at runTest (file:///Users/ravindradave/Documents/Github/focus-flow-extension/node_modules/@vitest/runner/dist/index.js:781:11)
    at runSuite (file:///Users/ravindradave/Documents/Github/focus-flow-extension/node_modules/@vitest/runner/dist/index.js:909:15) {
  code: 'UNKNOWN',
  originalError: TypeError: Cannot read properties of undefined (reading 'local')
      at StorageService.get (/Users/ravindradave/Documents/Github/focus-flow-extension/src/services/storage-service.ts:105:43)
      at ScheduleRepository.getAllSchedules (/Users/ravindradave/Documents/Github/focus-flow-extension/src/services/schedule-repository.ts:63:34)
      at ScheduleRepository.getActiveSchedules (/Users/ravindradave/Documents/Github/focus-flow-extension/src/services/schedule-repository.ts:78:37)
      at ScheduleRepository.getSchedulesForTime (/Users/ravindradave/Documents/Github/focus-flow-extension/src/services/schedule-repository.ts:195:40)
      at ScheduleManager.checkSchedules (/Users/ravindradave/Documents/Github/focus-flow-extension/src/background/schedule-manager.ts:98:61)
      at ScheduleManager.initialize (/Users/ravindradave/Documents/Github/focus-flow-extension/src/background/schedule-manager.ts:80:18)
      at BackgroundServiceWorker.initialize (/Users/ravindradave/Documents/Github/focus-flow-extension/src/background/index.ts:168:5)
      at /Users/ravindradave/Documents/Github/focus-flow-extension/tests/unit/background/index.test.ts:191:7
      at runTest (file:///Users/ravindradave/Documents/Github/focus-flow-extension/node_modules/@vitest/runner/dist/index.js:781:11)
      at runSuite (file:///Users/ravindradave/Documents/Github/focus-flow-extension/node_modules/@vitest/runner/dist/index.js:909:15)
}
Message handler error: BackgroundError: Unknown message type: UNKNOWN_TYPE
    at BackgroundServiceWorker.handleMessage (/Users/ravindradave/Documents/Github/focus-flow-extension/src/background/index.ts:401:15)
    at /Users/ravindradave/Documents/Github/focus-flow-extension/src/background/index.ts:186:14
    at /Users/ravindradave/Documents/Github/focus-flow-extension/tests/unit/background/index.test.ts:196:7
    at runTest (file:///Users/ravindradave/Documents/Github/focus-flow-extension/node_modules/@vitest/runner/dist/index.js:781:11)
    at runSuite (file:///Users/ravindradave/Documents/Github/focus-flow-extension/node_modules/@vitest/runner/dist/index.js:909:15)
    at runSuite (file:///Users/ravindradave/Documents/Github/focus-flow-extension/node_modules/@vitest/runner/dist/index.js:909:15)
    at runSuite (file:///Users/ravindradave/Documents/Github/focus-flow-extension/node_modules/@vitest/runner/dist/index.js:909:15)
    at runFiles (file:///Users/ravindradave/Documents/Github/focus-flow-extension/node_modules/@vitest/runner/dist/index.js:958:5)
    at startTests (file:///Users/ravindradave/Documents/Github/focus-flow-extension/node_modules/@vitest/runner/dist/index.js:967:3)
    at file:///Users/ravindradave/Documents/Github/focus-flow-extension/node_modules/vitest/dist/chunks/runtime-runBaseTests.oAvMKtQC.js:116:7

stdout | tests/unit/background/index.test.ts > BackgroundServiceWorker > Message Handling > should return true from message listener for async response
🚀 Focus Flow background service worker initialized
⏰ Midnight check scheduled in 132 minutes
[ScheduleManager] Initialized successfully
✅ Background service worker ready

stderr | tests/unit/background/index.test.ts > BackgroundServiceWorker > Message Handling > should return true from message listener for async response
[ScheduleManager] Error checking schedules: StorageError: Failed to read from storage: Cannot read properties of undefined (reading 'local')
    at StorageService.get (/Users/ravindradave/Documents/Github/focus-flow-extension/src/services/storage-service.ts:140:13)
    at ScheduleRepository.getAllSchedules (/Users/ravindradave/Documents/Github/focus-flow-extension/src/services/schedule-repository.ts:63:34)
    at ScheduleRepository.getActiveSchedules (/Users/ravindradave/Documents/Github/focus-flow-extension/src/services/schedule-repository.ts:78:37)
    at ScheduleRepository.getSchedulesForTime (/Users/ravindradave/Documents/Github/focus-flow-extension/src/services/schedule-repository.ts:195:40)
    at ScheduleManager.checkSchedules (/Users/ravindradave/Documents/Github/focus-flow-extension/src/background/schedule-manager.ts:98:61)
    at ScheduleManager.initialize (/Users/ravindradave/Documents/Github/focus-flow-extension/src/background/schedule-manager.ts:80:18)
    at BackgroundServiceWorker.initialize (/Users/ravindradave/Documents/Github/focus-flow-extension/src/background/index.ts:168:5)
    at /Users/ravindradave/Documents/Github/focus-flow-extension/tests/unit/background/index.test.ts:210:7
    at runTest (file:///Users/ravindradave/Documents/Github/focus-flow-extension/node_modules/@vitest/runner/dist/index.js:781:11)
    at runSuite (file:///Users/ravindradave/Documents/Github/focus-flow-extension/node_modules/@vitest/runner/dist/index.js:909:15) {
  code: 'UNKNOWN',
  originalError: TypeError: Cannot read properties of undefined (reading 'local')
      at StorageService.get (/Users/ravindradave/Documents/Github/focus-flow-extension/src/services/storage-service.ts:105:43)
      at ScheduleRepository.getAllSchedules (/Users/ravindradave/Documents/Github/focus-flow-extension/src/services/schedule-repository.ts:63:34)
      at ScheduleRepository.getActiveSchedules (/Users/ravindradave/Documents/Github/focus-flow-extension/src/services/schedule-repository.ts:78:37)
      at ScheduleRepository.getSchedulesForTime (/Users/ravindradave/Documents/Github/focus-flow-extension/src/services/schedule-repository.ts:195:40)
      at ScheduleManager.checkSchedules (/Users/ravindradave/Documents/Github/focus-flow-extension/src/background/schedule-manager.ts:98:61)
      at ScheduleManager.initialize (/Users/ravindradave/Documents/Github/focus-flow-extension/src/background/schedule-manager.ts:80:18)
      at BackgroundServiceWorker.initialize (/Users/ravindradave/Documents/Github/focus-flow-extension/src/background/index.ts:168:5)
      at /Users/ravindradave/Documents/Github/focus-flow-extension/tests/unit/background/index.test.ts:210:7
      at runTest (file:///Users/ravindradave/Documents/Github/focus-flow-extension/node_modules/@vitest/runner/dist/index.js:781:11)
      at runSuite (file:///Users/ravindradave/Documents/Github/focus-flow-extension/node_modules/@vitest/runner/dist/index.js:909:15)
}
Message handler error: BackgroundError: Unknown message type: undefined
    at BackgroundServiceWorker.handleMessage (/Users/ravindradave/Documents/Github/focus-flow-extension/src/background/index.ts:401:15)
    at /Users/ravindradave/Documents/Github/focus-flow-extension/src/background/index.ts:186:14
    at /Users/ravindradave/Documents/Github/focus-flow-extension/tests/unit/background/index.test.ts:212:22
    at runTest (file:///Users/ravindradave/Documents/Github/focus-flow-extension/node_modules/@vitest/runner/dist/index.js:781:11)
    at runSuite (file:///Users/ravindradave/Documents/Github/focus-flow-extension/node_modules/@vitest/runner/dist/index.js:909:15)
    at runSuite (file:///Users/ravindradave/Documents/Github/focus-flow-extension/node_modules/@vitest/runner/dist/index.js:909:15)
    at runSuite (file:///Users/ravindradave/Documents/Github/focus-flow-extension/node_modules/@vitest/runner/dist/index.js:909:15)
    at runFiles (file:///Users/ravindradave/Documents/Github/focus-flow-extension/node_modules/@vitest/runner/dist/index.js:958:5)
    at startTests (file:///Users/ravindradave/Documents/Github/focus-flow-extension/node_modules/@vitest/runner/dist/index.js:967:3)
    at file:///Users/ravindradave/Documents/Github/focus-flow-extension/node_modules/vitest/dist/chunks/runtime-runBaseTests.oAvMKtQC.js:116:7

stdout | tests/unit/background/index.test.ts > BackgroundServiceWorker > Alarm Handling > should handle timer tick alarm
🚀 Focus Flow background service worker initialized
⏰ Midnight check scheduled in 132 minutes
[ScheduleManager] Initialized successfully
✅ Background service worker ready

stderr | tests/unit/background/index.test.ts > BackgroundServiceWorker > Alarm Handling > should handle timer tick alarm
[ScheduleManager] Error checking schedules: StorageError: Failed to read from storage: Cannot read properties of undefined (reading 'local')
    at StorageService.get (/Users/ravindradave/Documents/Github/focus-flow-extension/src/services/storage-service.ts:140:13)
    at ScheduleRepository.getAllSchedules (/Users/ravindradave/Documents/Github/focus-flow-extension/src/services/schedule-repository.ts:63:34)
    at ScheduleRepository.getActiveSchedules (/Users/ravindradave/Documents/Github/focus-flow-extension/src/services/schedule-repository.ts:78:37)
    at ScheduleRepository.getSchedulesForTime (/Users/ravindradave/Documents/Github/focus-flow-extension/src/services/schedule-repository.ts:195:40)
    at ScheduleManager.checkSchedules (/Users/ravindradave/Documents/Github/focus-flow-extension/src/background/schedule-manager.ts:98:61)
    at ScheduleManager.initialize (/Users/ravindradave/Documents/Github/focus-flow-extension/src/background/schedule-manager.ts:80:18)
    at BackgroundServiceWorker.initialize (/Users/ravindradave/Documents/Github/focus-flow-extension/src/background/index.ts:168:5)
    at /Users/ravindradave/Documents/Github/focus-flow-extension/tests/unit/background/index.test.ts:221:7
    at runTest (file:///Users/ravindradave/Documents/Github/focus-flow-extension/node_modules/@vitest/runner/dist/index.js:781:11)
    at runSuite (file:///Users/ravindradave/Documents/Github/focus-flow-extension/node_modules/@vitest/runner/dist/index.js:909:15) {
  code: 'UNKNOWN',
  originalError: TypeError: Cannot read properties of undefined (reading 'local')
      at StorageService.get (/Users/ravindradave/Documents/Github/focus-flow-extension/src/services/storage-service.ts:105:43)
      at ScheduleRepository.getAllSchedules (/Users/ravindradave/Documents/Github/focus-flow-extension/src/services/schedule-repository.ts:63:34)
      at ScheduleRepository.getActiveSchedules (/Users/ravindradave/Documents/Github/focus-flow-extension/src/services/schedule-repository.ts:78:37)
      at ScheduleRepository.getSchedulesForTime (/Users/ravindradave/Documents/Github/focus-flow-extension/src/services/schedule-repository.ts:195:40)
      at ScheduleManager.checkSchedules (/Users/ravindradave/Documents/Github/focus-flow-extension/src/background/schedule-manager.ts:98:61)
      at ScheduleManager.initialize (/Users/ravindradave/Documents/Github/focus-flow-extension/src/background/schedule-manager.ts:80:18)
      at BackgroundServiceWorker.initialize (/Users/ravindradave/Documents/Github/focus-flow-extension/src/background/index.ts:168:5)
      at /Users/ravindradave/Documents/Github/focus-flow-extension/tests/unit/background/index.test.ts:221:7
      at runTest (file:///Users/ravindradave/Documents/Github/focus-flow-extension/node_modules/@vitest/runner/dist/index.js:781:11)
      at runSuite (file:///Users/ravindradave/Documents/Github/focus-flow-extension/node_modules/@vitest/runner/dist/index.js:909:15)
}

stdout | tests/unit/background/index.test.ts > BackgroundServiceWorker > Alarm Handling > should handle midnight check alarm
🚀 Focus Flow background service worker initialized
⏰ Midnight check scheduled in 132 minutes
[ScheduleManager] Initialized successfully
✅ Background service worker ready
⏰ Midnight check scheduled in 132 minutes

stderr | tests/unit/background/index.test.ts > BackgroundServiceWorker > Alarm Handling > should handle midnight check alarm
[ScheduleManager] Error checking schedules: StorageError: Failed to read from storage: Cannot read properties of undefined (reading 'local')
    at StorageService.get (/Users/ravindradave/Documents/Github/focus-flow-extension/src/services/storage-service.ts:140:13)
    at ScheduleRepository.getAllSchedules (/Users/ravindradave/Documents/Github/focus-flow-extension/src/services/schedule-repository.ts:63:34)
    at ScheduleRepository.getActiveSchedules (/Users/ravindradave/Documents/Github/focus-flow-extension/src/services/schedule-repository.ts:78:37)
    at ScheduleRepository.getSchedulesForTime (/Users/ravindradave/Documents/Github/focus-flow-extension/src/services/schedule-repository.ts:195:40)
    at ScheduleManager.checkSchedules (/Users/ravindradave/Documents/Github/focus-flow-extension/src/background/schedule-manager.ts:98:61)
    at ScheduleManager.initialize (/Users/ravindradave/Documents/Github/focus-flow-extension/src/background/schedule-manager.ts:80:18)
    at BackgroundServiceWorker.initialize (/Users/ravindradave/Documents/Github/focus-flow-extension/src/background/index.ts:168:5)
    at /Users/ravindradave/Documents/Github/focus-flow-extension/tests/unit/background/index.test.ts:232:7
    at runTest (file:///Users/ravindradave/Documents/Github/focus-flow-extension/node_modules/@vitest/runner/dist/index.js:781:11)
    at runSuite (file:///Users/ravindradave/Documents/Github/focus-flow-extension/node_modules/@vitest/runner/dist/index.js:909:15) {
  code: 'UNKNOWN',
  originalError: TypeError: Cannot read properties of undefined (reading 'local')
      at StorageService.get (/Users/ravindradave/Documents/Github/focus-flow-extension/src/services/storage-service.ts:105:43)
      at ScheduleRepository.getAllSchedules (/Users/ravindradave/Documents/Github/focus-flow-extension/src/services/schedule-repository.ts:63:34)
      at ScheduleRepository.getActiveSchedules (/Users/ravindradave/Documents/Github/focus-flow-extension/src/services/schedule-repository.ts:78:37)
      at ScheduleRepository.getSchedulesForTime (/Users/ravindradave/Documents/Github/focus-flow-extension/src/services/schedule-repository.ts:195:40)
      at ScheduleManager.checkSchedules (/Users/ravindradave/Documents/Github/focus-flow-extension/src/background/schedule-manager.ts:98:61)
      at ScheduleManager.initialize (/Users/ravindradave/Documents/Github/focus-flow-extension/src/background/schedule-manager.ts:80:18)
      at BackgroundServiceWorker.initialize (/Users/ravindradave/Documents/Github/focus-flow-extension/src/background/index.ts:168:5)
      at /Users/ravindradave/Documents/Github/focus-flow-extension/tests/unit/background/index.test.ts:232:7
      at runTest (file:///Users/ravindradave/Documents/Github/focus-flow-extension/node_modules/@vitest/runner/dist/index.js:781:11)
      at runSuite (file:///Users/ravindradave/Documents/Github/focus-flow-extension/node_modules/@vitest/runner/dist/index.js:909:15)
}

stdout | tests/unit/background/index.test.ts > BackgroundServiceWorker > Alarm Handling > should handle allowance reset alarm
🚀 Focus Flow background service worker initialized
⏰ Midnight check scheduled in 132 minutes
[ScheduleManager] Initialized successfully
✅ Background service worker ready

stderr | tests/unit/background/index.test.ts > BackgroundServiceWorker > Alarm Handling > should handle allowance reset alarm
[ScheduleManager] Error checking schedules: StorageError: Failed to read from storage: Cannot read properties of undefined (reading 'local')
    at StorageService.get (/Users/ravindradave/Documents/Github/focus-flow-extension/src/services/storage-service.ts:140:13)
    at ScheduleRepository.getAllSchedules (/Users/ravindradave/Documents/Github/focus-flow-extension/src/services/schedule-repository.ts:63:34)
    at ScheduleRepository.getActiveSchedules (/Users/ravindradave/Documents/Github/focus-flow-extension/src/services/schedule-repository.ts:78:37)
    at ScheduleRepository.getSchedulesForTime (/Users/ravindradave/Documents/Github/focus-flow-extension/src/services/schedule-repository.ts:195:40)
    at ScheduleManager.checkSchedules (/Users/ravindradave/Documents/Github/focus-flow-extension/src/background/schedule-manager.ts:98:61)
    at ScheduleManager.initialize (/Users/ravindradave/Documents/Github/focus-flow-extension/src/background/schedule-manager.ts:80:18)
    at BackgroundServiceWorker.initialize (/Users/ravindradave/Documents/Github/focus-flow-extension/src/background/index.ts:168:5)
    at /Users/ravindradave/Documents/Github/focus-flow-extension/tests/unit/background/index.test.ts:245:7
    at runTest (file:///Users/ravindradave/Documents/Github/focus-flow-extension/node_modules/@vitest/runner/dist/index.js:781:11)
    at runSuite (file:///Users/ravindradave/Documents/Github/focus-flow-extension/node_modules/@vitest/runner/dist/index.js:909:15) {
  code: 'UNKNOWN',
  originalError: TypeError: Cannot read properties of undefined (reading 'local')
      at StorageService.get (/Users/ravindradave/Documents/Github/focus-flow-extension/src/services/storage-service.ts:105:43)
      at ScheduleRepository.getAllSchedules (/Users/ravindradave/Documents/Github/focus-flow-extension/src/services/schedule-repository.ts:63:34)
      at ScheduleRepository.getActiveSchedules (/Users/ravindradave/Documents/Github/focus-flow-extension/src/services/schedule-repository.ts:78:37)
      at ScheduleRepository.getSchedulesForTime (/Users/ravindradave/Documents/Github/focus-flow-extension/src/services/schedule-repository.ts:195:40)
      at ScheduleManager.checkSchedules (/Users/ravindradave/Documents/Github/focus-flow-extension/src/background/schedule-manager.ts:98:61)
      at ScheduleManager.initialize (/Users/ravindradave/Documents/Github/focus-flow-extension/src/background/schedule-manager.ts:80:18)
      at BackgroundServiceWorker.initialize (/Users/ravindradave/Documents/Github/focus-flow-extension/src/background/index.ts:168:5)
      at /Users/ravindradave/Documents/Github/focus-flow-extension/tests/unit/background/index.test.ts:245:7
      at runTest (file:///Users/ravindradave/Documents/Github/focus-flow-extension/node_modules/@vitest/runner/dist/index.js:781:11)
      at runSuite (file:///Users/ravindradave/Documents/Github/focus-flow-extension/node_modules/@vitest/runner/dist/index.js:909:15)
}

stdout | tests/unit/background/index.test.ts > BackgroundServiceWorker > Alarm Handling > should handle unknown alarm gracefully
🚀 Focus Flow background service worker initialized
⏰ Midnight check scheduled in 132 minutes
[ScheduleManager] Initialized successfully
✅ Background service worker ready

stderr | tests/unit/background/index.test.ts > BackgroundServiceWorker > Alarm Handling > should handle unknown alarm gracefully
[ScheduleManager] Error checking schedules: StorageError: Failed to read from storage: Cannot read properties of undefined (reading 'local')
    at StorageService.get (/Users/ravindradave/Documents/Github/focus-flow-extension/src/services/storage-service.ts:140:13)
    at ScheduleRepository.getAllSchedules (/Users/ravindradave/Documents/Github/focus-flow-extension/src/services/schedule-repository.ts:63:34)
    at ScheduleRepository.getActiveSchedules (/Users/ravindradave/Documents/Github/focus-flow-extension/src/services/schedule-repository.ts:78:37)
    at ScheduleRepository.getSchedulesForTime (/Users/ravindradave/Documents/Github/focus-flow-extension/src/services/schedule-repository.ts:195:40)
    at ScheduleManager.checkSchedules (/Users/ravindradave/Documents/Github/focus-flow-extension/src/background/schedule-manager.ts:98:61)
    at ScheduleManager.initialize (/Users/ravindradave/Documents/Github/focus-flow-extension/src/background/schedule-manager.ts:80:18)
    at BackgroundServiceWorker.initialize (/Users/ravindradave/Documents/Github/focus-flow-extension/src/background/index.ts:168:5)
    at /Users/ravindradave/Documents/Github/focus-flow-extension/tests/unit/background/index.test.ts:256:7
    at runTest (file:///Users/ravindradave/Documents/Github/focus-flow-extension/node_modules/@vitest/runner/dist/index.js:781:11)
    at runSuite (file:///Users/ravindradave/Documents/Github/focus-flow-extension/node_modules/@vitest/runner/dist/index.js:909:15) {
  code: 'UNKNOWN',
  originalError: TypeError: Cannot read properties of undefined (reading 'local')
      at StorageService.get (/Users/ravindradave/Documents/Github/focus-flow-extension/src/services/storage-service.ts:105:43)
      at ScheduleRepository.getAllSchedules (/Users/ravindradave/Documents/Github/focus-flow-extension/src/services/schedule-repository.ts:63:34)
      at ScheduleRepository.getActiveSchedules (/Users/ravindradave/Documents/Github/focus-flow-extension/src/services/schedule-repository.ts:78:37)
      at ScheduleRepository.getSchedulesForTime (/Users/ravindradave/Documents/Github/focus-flow-extension/src/services/schedule-repository.ts:195:40)
      at ScheduleManager.checkSchedules (/Users/ravindradave/Documents/Github/focus-flow-extension/src/background/schedule-manager.ts:98:61)
      at ScheduleManager.initialize (/Users/ravindradave/Documents/Github/focus-flow-extension/src/background/schedule-manager.ts:80:18)
      at BackgroundServiceWorker.initialize (/Users/ravindradave/Documents/Github/focus-flow-extension/src/background/index.ts:168:5)
      at /Users/ravindradave/Documents/Github/focus-flow-extension/tests/unit/background/index.test.ts:256:7
      at runTest (file:///Users/ravindradave/Documents/Github/focus-flow-extension/node_modules/@vitest/runner/dist/index.js:781:11)
      at runSuite (file:///Users/ravindradave/Documents/Github/focus-flow-extension/node_modules/@vitest/runner/dist/index.js:909:15)
}

stdout | tests/unit/background/index.test.ts > BackgroundServiceWorker > Alarm Handling > should catch and log alarm handler errors
🚀 Focus Flow background service worker initialized
⏰ Midnight check scheduled in 132 minutes
[ScheduleManager] Initialized successfully
✅ Background service worker ready

stderr | tests/unit/background/index.test.ts > BackgroundServiceWorker > Alarm Handling > should catch and log alarm handler errors
[ScheduleManager] Error checking schedules: StorageError: Failed to read from storage: Cannot read properties of undefined (reading 'local')
    at StorageService.get (/Users/ravindradave/Documents/Github/focus-flow-extension/src/services/storage-service.ts:140:13)
    at ScheduleRepository.getAllSchedules (/Users/ravindradave/Documents/Github/focus-flow-extension/src/services/schedule-repository.ts:63:34)
    at ScheduleRepository.getActiveSchedules (/Users/ravindradave/Documents/Github/focus-flow-extension/src/services/schedule-repository.ts:78:37)
    at ScheduleRepository.getSchedulesForTime (/Users/ravindradave/Documents/Github/focus-flow-extension/src/services/schedule-repository.ts:195:40)
    at ScheduleManager.checkSchedules (/Users/ravindradave/Documents/Github/focus-flow-extension/src/background/schedule-manager.ts:98:61)
    at ScheduleManager.initialize (/Users/ravindradave/Documents/Github/focus-flow-extension/src/background/schedule-manager.ts:80:18)
    at BackgroundServiceWorker.initialize (/Users/ravindradave/Documents/Github/focus-flow-extension/src/background/index.ts:168:5)
    at /Users/ravindradave/Documents/Github/focus-flow-extension/tests/unit/background/index.test.ts:268:7
    at runTest (file:///Users/ravindradave/Documents/Github/focus-flow-extension/node_modules/@vitest/runner/dist/index.js:781:11)
    at runSuite (file:///Users/ravindradave/Documents/Github/focus-flow-extension/node_modules/@vitest/runner/dist/index.js:909:15) {
  code: 'UNKNOWN',
  originalError: TypeError: Cannot read properties of undefined (reading 'local')
      at StorageService.get (/Users/ravindradave/Documents/Github/focus-flow-extension/src/services/storage-service.ts:105:43)
      at ScheduleRepository.getAllSchedules (/Users/ravindradave/Documents/Github/focus-flow-extension/src/services/schedule-repository.ts:63:34)
      at ScheduleRepository.getActiveSchedules (/Users/ravindradave/Documents/Github/focus-flow-extension/src/services/schedule-repository.ts:78:37)
      at ScheduleRepository.getSchedulesForTime (/Users/ravindradave/Documents/Github/focus-flow-extension/src/services/schedule-repository.ts:195:40)
      at ScheduleManager.checkSchedules (/Users/ravindradave/Documents/Github/focus-flow-extension/src/background/schedule-manager.ts:98:61)
      at ScheduleManager.initialize (/Users/ravindradave/Documents/Github/focus-flow-extension/src/background/schedule-manager.ts:80:18)
      at BackgroundServiceWorker.initialize (/Users/ravindradave/Documents/Github/focus-flow-extension/src/background/index.ts:168:5)
      at /Users/ravindradave/Documents/Github/focus-flow-extension/tests/unit/background/index.test.ts:268:7
      at runTest (file:///Users/ravindradave/Documents/Github/focus-flow-extension/node_modules/@vitest/runner/dist/index.js:781:11)
      at runSuite (file:///Users/ravindradave/Documents/Github/focus-flow-extension/node_modules/@vitest/runner/dist/index.js:909:15)
}

stdout | tests/unit/background/index.test.ts > BackgroundServiceWorker > Installation Handling > should handle extension installation
🚀 Focus Flow background service worker initialized
⏰ Midnight check scheduled in 132 minutes
[ScheduleManager] Initialized successfully
✅ Background service worker ready
🎉 Extension installed
⏰ Midnight check scheduled in 132 minutes

stderr | tests/unit/background/index.test.ts > BackgroundServiceWorker > Installation Handling > should handle extension installation
[ScheduleManager] Error checking schedules: StorageError: Failed to read from storage: Cannot read properties of undefined (reading 'local')
    at StorageService.get (/Users/ravindradave/Documents/Github/focus-flow-extension/src/services/storage-service.ts:140:13)
    at ScheduleRepository.getAllSchedules (/Users/ravindradave/Documents/Github/focus-flow-extension/src/services/schedule-repository.ts:63:34)
    at ScheduleRepository.getActiveSchedules (/Users/ravindradave/Documents/Github/focus-flow-extension/src/services/schedule-repository.ts:78:37)
    at ScheduleRepository.getSchedulesForTime (/Users/ravindradave/Documents/Github/focus-flow-extension/src/services/schedule-repository.ts:195:40)
    at ScheduleManager.checkSchedules (/Users/ravindradave/Documents/Github/focus-flow-extension/src/background/schedule-manager.ts:98:61)
    at ScheduleManager.initialize (/Users/ravindradave/Documents/Github/focus-flow-extension/src/background/schedule-manager.ts:80:18)
    at BackgroundServiceWorker.initialize (/Users/ravindradave/Documents/Github/focus-flow-extension/src/background/index.ts:168:5)
    at /Users/ravindradave/Documents/Github/focus-flow-extension/tests/unit/background/index.test.ts:283:7
    at runTest (file:///Users/ravindradave/Documents/Github/focus-flow-extension/node_modules/@vitest/runner/dist/index.js:781:11)
    at runSuite (file:///Users/ravindradave/Documents/Github/focus-flow-extension/node_modules/@vitest/runner/dist/index.js:909:15) {
  code: 'UNKNOWN',
  originalError: TypeError: Cannot read properties of undefined (reading 'local')
      at StorageService.get (/Users/ravindradave/Documents/Github/focus-flow-extension/src/services/storage-service.ts:105:43)
      at ScheduleRepository.getAllSchedules (/Users/ravindradave/Documents/Github/focus-flow-extension/src/services/schedule-repository.ts:63:34)
      at ScheduleRepository.getActiveSchedules (/Users/ravindradave/Documents/Github/focus-flow-extension/src/services/schedule-repository.ts:78:37)
      at ScheduleRepository.getSchedulesForTime (/Users/ravindradave/Documents/Github/focus-flow-extension/src/services/schedule-repository.ts:195:40)
      at ScheduleManager.checkSchedules (/Users/ravindradave/Documents/Github/focus-flow-extension/src/background/schedule-manager.ts:98:61)
      at ScheduleManager.initialize (/Users/ravindradave/Documents/Github/focus-flow-extension/src/background/schedule-manager.ts:80:18)
      at BackgroundServiceWorker.initialize (/Users/ravindradave/Documents/Github/focus-flow-extension/src/background/index.ts:168:5)
      at /Users/ravindradave/Documents/Github/focus-flow-extension/tests/unit/background/index.test.ts:283:7
      at runTest (file:///Users/ravindradave/Documents/Github/focus-flow-extension/node_modules/@vitest/runner/dist/index.js:781:11)
      at runSuite (file:///Users/ravindradave/Documents/Github/focus-flow-extension/node_modules/@vitest/runner/dist/index.js:909:15)
}
Install handler error: TypeError: Cannot read properties of undefined (reading 'create')
    at /Users/ravindradave/Documents/Github/focus-flow-extension/src/background/index.ts:479:29
    at /Users/ravindradave/Documents/Github/focus-flow-extension/tests/unit/background/index.test.ts:286:7
    at runTest (file:///Users/ravindradave/Documents/Github/focus-flow-extension/node_modules/@vitest/runner/dist/index.js:781:11)
    at runSuite (file:///Users/ravindradave/Documents/Github/focus-flow-extension/node_modules/@vitest/runner/dist/index.js:909:15)
    at runSuite (file:///Users/ravindradave/Documents/Github/focus-flow-extension/node_modules/@vitest/runner/dist/index.js:909:15)
    at runSuite (file:///Users/ravindradave/Documents/Github/focus-flow-extension/node_modules/@vitest/runner/dist/index.js:909:15)
    at runFiles (file:///Users/ravindradave/Documents/Github/focus-flow-extension/node_modules/@vitest/runner/dist/index.js:958:5)
    at startTests (file:///Users/ravindradave/Documents/Github/focus-flow-extension/node_modules/@vitest/runner/dist/index.js:967:3)
    at file:///Users/ravindradave/Documents/Github/focus-flow-extension/node_modules/vitest/dist/chunks/runtime-runBaseTests.oAvMKtQC.js:116:7
    at withEnv (file:///Users/ravindradave/Documents/Github/focus-flow-extension/node_modules/vitest/dist/chunks/runtime-runBaseTests.oAvMKtQC.js:83:5)

stdout | tests/unit/background/index.test.ts > BackgroundServiceWorker > Installation Handling > should handle extension update
🚀 Focus Flow background service worker initialized
⏰ Midnight check scheduled in 132 minutes
[ScheduleManager] Initialized successfully
✅ Background service worker ready

stderr | tests/unit/background/index.test.ts > BackgroundServiceWorker > Installation Handling > should handle extension update
[ScheduleManager] Error checking schedules: StorageError: Failed to read from storage: Cannot read properties of undefined (reading 'local')
    at StorageService.get (/Users/ravindradave/Documents/Github/focus-flow-extension/src/services/storage-service.ts:140:13)
    at ScheduleRepository.getAllSchedules (/Users/ravindradave/Documents/Github/focus-flow-extension/src/services/schedule-repository.ts:63:34)
    at ScheduleRepository.getActiveSchedules (/Users/ravindradave/Documents/Github/focus-flow-extension/src/services/schedule-repository.ts:78:37)
    at ScheduleRepository.getSchedulesForTime (/Users/ravindradave/Documents/Github/focus-flow-extension/src/services/schedule-repository.ts:195:40)
    at ScheduleManager.checkSchedules (/Users/ravindradave/Documents/Github/focus-flow-extension/src/background/schedule-manager.ts:98:61)
    at ScheduleManager.initialize (/Users/ravindradave/Documents/Github/focus-flow-extension/src/background/schedule-manager.ts:80:18)
    at BackgroundServiceWorker.initialize (/Users/ravindradave/Documents/Github/focus-flow-extension/src/background/index.ts:168:5)
    at /Users/ravindradave/Documents/Github/focus-flow-extension/tests/unit/background/index.test.ts:302:7
    at runTest (file:///Users/ravindradave/Documents/Github/focus-flow-extension/node_modules/@vitest/runner/dist/index.js:781:11)
    at runSuite (file:///Users/ravindradave/Documents/Github/focus-flow-extension/node_modules/@vitest/runner/dist/index.js:909:15) {
  code: 'UNKNOWN',
  originalError: TypeError: Cannot read properties of undefined (reading 'local')
      at StorageService.get (/Users/ravindradave/Documents/Github/focus-flow-extension/src/services/storage-service.ts:105:43)
      at ScheduleRepository.getAllSchedules (/Users/ravindradave/Documents/Github/focus-flow-extension/src/services/schedule-repository.ts:63:34)
      at ScheduleRepository.getActiveSchedules (/Users/ravindradave/Documents/Github/focus-flow-extension/src/services/schedule-repository.ts:78:37)
      at ScheduleRepository.getSchedulesForTime (/Users/ravindradave/Documents/Github/focus-flow-extension/src/services/schedule-repository.ts:195:40)
      at ScheduleManager.checkSchedules (/Users/ravindradave/Documents/Github/focus-flow-extension/src/background/schedule-manager.ts:98:61)
      at ScheduleManager.initialize (/Users/ravindradave/Documents/Github/focus-flow-extension/src/background/schedule-manager.ts:80:18)
      at BackgroundServiceWorker.initialize (/Users/ravindradave/Documents/Github/focus-flow-extension/src/background/index.ts:168:5)
      at /Users/ravindradave/Documents/Github/focus-flow-extension/tests/unit/background/index.test.ts:302:7
      at runTest (file:///Users/ravindradave/Documents/Github/focus-flow-extension/node_modules/@vitest/runner/dist/index.js:781:11)
      at runSuite (file:///Users/ravindradave/Documents/Github/focus-flow-extension/node_modules/@vitest/runner/dist/index.js:909:15)
}

stdout | tests/unit/background/index.test.ts > BackgroundServiceWorker > Installation Handling > should catch installation handler errors
🚀 Focus Flow background service worker initialized
⏰ Midnight check scheduled in 132 minutes
[ScheduleManager] Initialized successfully
✅ Background service worker ready
🎉 Extension installed
⏰ Midnight check scheduled in 132 minutes

stderr | tests/unit/background/index.test.ts > BackgroundServiceWorker > Installation Handling > should catch installation handler errors
[ScheduleManager] Error checking schedules: StorageError: Failed to read from storage: Cannot read properties of undefined (reading 'local')
    at StorageService.get (/Users/ravindradave/Documents/Github/focus-flow-extension/src/services/storage-service.ts:140:13)
    at ScheduleRepository.getAllSchedules (/Users/ravindradave/Documents/Github/focus-flow-extension/src/services/schedule-repository.ts:63:34)
    at ScheduleRepository.getActiveSchedules (/Users/ravindradave/Documents/Github/focus-flow-extension/src/services/schedule-repository.ts:78:37)
    at ScheduleRepository.getSchedulesForTime (/Users/ravindradave/Documents/Github/focus-flow-extension/src/services/schedule-repository.ts:195:40)
    at ScheduleManager.checkSchedules (/Users/ravindradave/Documents/Github/focus-flow-extension/src/background/schedule-manager.ts:98:61)
    at ScheduleManager.initialize (/Users/ravindradave/Documents/Github/focus-flow-extension/src/background/schedule-manager.ts:80:18)
    at BackgroundServiceWorker.initialize (/Users/ravindradave/Documents/Github/focus-flow-extension/src/background/index.ts:168:5)
    at /Users/ravindradave/Documents/Github/focus-flow-extension/tests/unit/background/index.test.ts:318:7
    at runTest (file:///Users/ravindradave/Documents/Github/focus-flow-extension/node_modules/@vitest/runner/dist/index.js:781:11)
    at runSuite (file:///Users/ravindradave/Documents/Github/focus-flow-extension/node_modules/@vitest/runner/dist/index.js:909:15) {
  code: 'UNKNOWN',
  originalError: TypeError: Cannot read properties of undefined (reading 'local')
      at StorageService.get (/Users/ravindradave/Documents/Github/focus-flow-extension/src/services/storage-service.ts:105:43)
      at ScheduleRepository.getAllSchedules (/Users/ravindradave/Documents/Github/focus-flow-extension/src/services/schedule-repository.ts:63:34)
      at ScheduleRepository.getActiveSchedules (/Users/ravindradave/Documents/Github/focus-flow-extension/src/services/schedule-repository.ts:78:37)
      at ScheduleRepository.getSchedulesForTime (/Users/ravindradave/Documents/Github/focus-flow-extension/src/services/schedule-repository.ts:195:40)
      at ScheduleManager.checkSchedules (/Users/ravindradave/Documents/Github/focus-flow-extension/src/background/schedule-manager.ts:98:61)
      at ScheduleManager.initialize (/Users/ravindradave/Documents/Github/focus-flow-extension/src/background/schedule-manager.ts:80:18)
      at BackgroundServiceWorker.initialize (/Users/ravindradave/Documents/Github/focus-flow-extension/src/background/index.ts:168:5)
      at /Users/ravindradave/Documents/Github/focus-flow-extension/tests/unit/background/index.test.ts:318:7
      at runTest (file:///Users/ravindradave/Documents/Github/focus-flow-extension/node_modules/@vitest/runner/dist/index.js:781:11)
      at runSuite (file:///Users/ravindradave/Documents/Github/focus-flow-extension/node_modules/@vitest/runner/dist/index.js:909:15)
}

stdout | tests/unit/background/index.test.ts > BackgroundServiceWorker > Midnight Check Scheduling > should calculate correct delay until midnight
🚀 Focus Flow background service worker initialized
⏰ Midnight check scheduled in 132 minutes
[ScheduleManager] Initialized successfully
✅ Background service worker ready

stderr | tests/unit/background/index.test.ts > BackgroundServiceWorker > Midnight Check Scheduling > should calculate correct delay until midnight
[ScheduleManager] Error checking schedules: StorageError: Failed to read from storage: Cannot read properties of undefined (reading 'local')
    at StorageService.get (/Users/ravindradave/Documents/Github/focus-flow-extension/src/services/storage-service.ts:140:13)
    at ScheduleRepository.getAllSchedules (/Users/ravindradave/Documents/Github/focus-flow-extension/src/services/schedule-repository.ts:63:34)
    at ScheduleRepository.getActiveSchedules (/Users/ravindradave/Documents/Github/focus-flow-extension/src/services/schedule-repository.ts:78:37)
    at ScheduleRepository.getSchedulesForTime (/Users/ravindradave/Documents/Github/focus-flow-extension/src/services/schedule-repository.ts:195:40)
    at ScheduleManager.checkSchedules (/Users/ravindradave/Documents/Github/focus-flow-extension/src/background/schedule-manager.ts:98:61)
    at ScheduleManager.initialize (/Users/ravindradave/Documents/Github/focus-flow-extension/src/background/schedule-manager.ts:80:18)
    at BackgroundServiceWorker.initialize (/Users/ravindradave/Documents/Github/focus-flow-extension/src/background/index.ts:168:5)
    at /Users/ravindradave/Documents/Github/focus-flow-extension/tests/unit/background/index.test.ts:337:7
    at runTest (file:///Users/ravindradave/Documents/Github/focus-flow-extension/node_modules/@vitest/runner/dist/index.js:781:11)
    at runSuite (file:///Users/ravindradave/Documents/Github/focus-flow-extension/node_modules/@vitest/runner/dist/index.js:909:15) {
  code: 'UNKNOWN',
  originalError: TypeError: Cannot read properties of undefined (reading 'local')
      at StorageService.get (/Users/ravindradave/Documents/Github/focus-flow-extension/src/services/storage-service.ts:105:43)
      at ScheduleRepository.getAllSchedules (/Users/ravindradave/Documents/Github/focus-flow-extension/src/services/schedule-repository.ts:63:34)
      at ScheduleRepository.getActiveSchedules (/Users/ravindradave/Documents/Github/focus-flow-extension/src/services/schedule-repository.ts:78:37)
      at ScheduleRepository.getSchedulesForTime (/Users/ravindradave/Documents/Github/focus-flow-extension/src/services/schedule-repository.ts:195:40)
      at ScheduleManager.checkSchedules (/Users/ravindradave/Documents/Github/focus-flow-extension/src/background/schedule-manager.ts:98:61)
      at ScheduleManager.initialize (/Users/ravindradave/Documents/Github/focus-flow-extension/src/background/schedule-manager.ts:80:18)
      at BackgroundServiceWorker.initialize (/Users/ravindradave/Documents/Github/focus-flow-extension/src/background/index.ts:168:5)
      at /Users/ravindradave/Documents/Github/focus-flow-extension/tests/unit/background/index.test.ts:337:7
      at runTest (file:///Users/ravindradave/Documents/Github/focus-flow-extension/node_modules/@vitest/runner/dist/index.js:781:11)
      at runSuite (file:///Users/ravindradave/Documents/Github/focus-flow-extension/node_modules/@vitest/runner/dist/index.js:909:15)
}

stdout | tests/unit/background/index.test.ts > BackgroundServiceWorker > Midnight Check Scheduling > should clear existing alarm before creating new one
🚀 Focus Flow background service worker initialized
⏰ Midnight check scheduled in 132 minutes
[ScheduleManager] Initialized successfully
✅ Background service worker ready

stderr | tests/unit/background/index.test.ts > BackgroundServiceWorker > Midnight Check Scheduling > should clear existing alarm before creating new one
[ScheduleManager] Error checking schedules: StorageError: Failed to read from storage: Cannot read properties of undefined (reading 'local')
    at StorageService.get (/Users/ravindradave/Documents/Github/focus-flow-extension/src/services/storage-service.ts:140:13)
    at ScheduleRepository.getAllSchedules (/Users/ravindradave/Documents/Github/focus-flow-extension/src/services/schedule-repository.ts:63:34)
    at ScheduleRepository.getActiveSchedules (/Users/ravindradave/Documents/Github/focus-flow-extension/src/services/schedule-repository.ts:78:37)
    at ScheduleRepository.getSchedulesForTime (/Users/ravindradave/Documents/Github/focus-flow-extension/src/services/schedule-repository.ts:195:40)
    at ScheduleManager.checkSchedules (/Users/ravindradave/Documents/Github/focus-flow-extension/src/background/schedule-manager.ts:98:61)
    at ScheduleManager.initialize (/Users/ravindradave/Documents/Github/focus-flow-extension/src/background/schedule-manager.ts:80:18)
    at BackgroundServiceWorker.initialize (/Users/ravindradave/Documents/Github/focus-flow-extension/src/background/index.ts:168:5)
    at /Users/ravindradave/Documents/Github/focus-flow-extension/tests/unit/background/index.test.ts:349:7
    at runTest (file:///Users/ravindradave/Documents/Github/focus-flow-extension/node_modules/@vitest/runner/dist/index.js:781:11)
    at runSuite (file:///Users/ravindradave/Documents/Github/focus-flow-extension/node_modules/@vitest/runner/dist/index.js:909:15) {
  code: 'UNKNOWN',
  originalError: TypeError: Cannot read properties of undefined (reading 'local')
      at StorageService.get (/Users/ravindradave/Documents/Github/focus-flow-extension/src/services/storage-service.ts:105:43)
      at ScheduleRepository.getAllSchedules (/Users/ravindradave/Documents/Github/focus-flow-extension/src/services/schedule-repository.ts:63:34)
      at ScheduleRepository.getActiveSchedules (/Users/ravindradave/Documents/Github/focus-flow-extension/src/services/schedule-repository.ts:78:37)
      at ScheduleRepository.getSchedulesForTime (/Users/ravindradave/Documents/Github/focus-flow-extension/src/services/schedule-repository.ts:195:40)
      at ScheduleManager.checkSchedules (/Users/ravindradave/Documents/Github/focus-flow-extension/src/background/schedule-manager.ts:98:61)
      at ScheduleManager.initialize (/Users/ravindradave/Documents/Github/focus-flow-extension/src/background/schedule-manager.ts:80:18)
      at BackgroundServiceWorker.initialize (/Users/ravindradave/Documents/Github/focus-flow-extension/src/background/index.ts:168:5)
      at /Users/ravindradave/Documents/Github/focus-flow-extension/tests/unit/background/index.test.ts:349:7
      at runTest (file:///Users/ravindradave/Documents/Github/focus-flow-extension/node_modules/@vitest/runner/dist/index.js:781:11)
      at runSuite (file:///Users/ravindradave/Documents/Github/focus-flow-extension/node_modules/@vitest/runner/dist/index.js:909:15)
}

stdout | tests/unit/background/index.test.ts > BackgroundServiceWorker > Timer State Restoration > should not restore when no current session
🚀 Focus Flow background service worker initialized
⏰ Midnight check scheduled in 132 minutes
[ScheduleManager] Initialized successfully
✅ Background service worker ready

stderr | tests/unit/background/index.test.ts > BackgroundServiceWorker > Timer State Restoration > should not restore when no current session
[ScheduleManager] Error checking schedules: StorageError: Failed to read from storage: Cannot read properties of undefined (reading 'local')
    at StorageService.get (/Users/ravindradave/Documents/Github/focus-flow-extension/src/services/storage-service.ts:140:13)
    at ScheduleRepository.getAllSchedules (/Users/ravindradave/Documents/Github/focus-flow-extension/src/services/schedule-repository.ts:63:34)
    at ScheduleRepository.getActiveSchedules (/Users/ravindradave/Documents/Github/focus-flow-extension/src/services/schedule-repository.ts:78:37)
    at ScheduleRepository.getSchedulesForTime (/Users/ravindradave/Documents/Github/focus-flow-extension/src/services/schedule-repository.ts:195:40)
    at ScheduleManager.checkSchedules (/Users/ravindradave/Documents/Github/focus-flow-extension/src/background/schedule-manager.ts:98:61)
    at ScheduleManager.initialize (/Users/ravindradave/Documents/Github/focus-flow-extension/src/background/schedule-manager.ts:80:18)
    at BackgroundServiceWorker.initialize (/Users/ravindradave/Documents/Github/focus-flow-extension/src/background/index.ts:168:5)
    at /Users/ravindradave/Documents/Github/focus-flow-extension/tests/unit/background/index.test.ts:365:7
    at runTest (file:///Users/ravindradave/Documents/Github/focus-flow-extension/node_modules/@vitest/runner/dist/index.js:781:11)
    at runSuite (file:///Users/ravindradave/Documents/Github/focus-flow-extension/node_modules/@vitest/runner/dist/index.js:909:15) {
  code: 'UNKNOWN',
  originalError: TypeError: Cannot read properties of undefined (reading 'local')
      at StorageService.get (/Users/ravindradave/Documents/Github/focus-flow-extension/src/services/storage-service.ts:105:43)
      at ScheduleRepository.getAllSchedules (/Users/ravindradave/Documents/Github/focus-flow-extension/src/services/schedule-repository.ts:63:34)
      at ScheduleRepository.getActiveSchedules (/Users/ravindradave/Documents/Github/focus-flow-extension/src/services/schedule-repository.ts:78:37)
      at ScheduleRepository.getSchedulesForTime (/Users/ravindradave/Documents/Github/focus-flow-extension/src/services/schedule-repository.ts:195:40)
      at ScheduleManager.checkSchedules (/Users/ravindradave/Documents/Github/focus-flow-extension/src/background/schedule-manager.ts:98:61)
      at ScheduleManager.initialize (/Users/ravindradave/Documents/Github/focus-flow-extension/src/background/schedule-manager.ts:80:18)
      at BackgroundServiceWorker.initialize (/Users/ravindradave/Documents/Github/focus-flow-extension/src/background/index.ts:168:5)
      at /Users/ravindradave/Documents/Github/focus-flow-extension/tests/unit/background/index.test.ts:365:7
      at runTest (file:///Users/ravindradave/Documents/Github/focus-flow-extension/node_modules/@vitest/runner/dist/index.js:781:11)
      at runSuite (file:///Users/ravindradave/Documents/Github/focus-flow-extension/node_modules/@vitest/runner/dist/index.js:909:15)
}

stdout | tests/unit/background/index.test.ts > BackgroundServiceWorker > Timer State Restoration > should not restore paused session
🚀 Focus Flow background service worker initialized
⏰ Midnight check scheduled in 132 minutes
[ScheduleManager] Initialized successfully
✅ Background service worker ready

stderr | tests/unit/background/index.test.ts > BackgroundServiceWorker > Timer State Restoration > should not restore paused session
[ScheduleManager] Error checking schedules: StorageError: Failed to read from storage: Cannot read properties of undefined (reading 'local')
    at StorageService.get (/Users/ravindradave/Documents/Github/focus-flow-extension/src/services/storage-service.ts:140:13)
    at ScheduleRepository.getAllSchedules (/Users/ravindradave/Documents/Github/focus-flow-extension/src/services/schedule-repository.ts:63:34)
    at ScheduleRepository.getActiveSchedules (/Users/ravindradave/Documents/Github/focus-flow-extension/src/services/schedule-repository.ts:78:37)
    at ScheduleRepository.getSchedulesForTime (/Users/ravindradave/Documents/Github/focus-flow-extension/src/services/schedule-repository.ts:195:40)
    at ScheduleManager.checkSchedules (/Users/ravindradave/Documents/Github/focus-flow-extension/src/background/schedule-manager.ts:98:61)
    at ScheduleManager.initialize (/Users/ravindradave/Documents/Github/focus-flow-extension/src/background/schedule-manager.ts:80:18)
    at BackgroundServiceWorker.initialize (/Users/ravindradave/Documents/Github/focus-flow-extension/src/background/index.ts:168:5)
    at /Users/ravindradave/Documents/Github/focus-flow-extension/tests/unit/background/index.test.ts:386:7
    at runTest (file:///Users/ravindradave/Documents/Github/focus-flow-extension/node_modules/@vitest/runner/dist/index.js:781:11)
    at runSuite (file:///Users/ravindradave/Documents/Github/focus-flow-extension/node_modules/@vitest/runner/dist/index.js:909:15) {
  code: 'UNKNOWN',
  originalError: TypeError: Cannot read properties of undefined (reading 'local')
      at StorageService.get (/Users/ravindradave/Documents/Github/focus-flow-extension/src/services/storage-service.ts:105:43)
      at ScheduleRepository.getAllSchedules (/Users/ravindradave/Documents/Github/focus-flow-extension/src/services/schedule-repository.ts:63:34)
      at ScheduleRepository.getActiveSchedules (/Users/ravindradave/Documents/Github/focus-flow-extension/src/services/schedule-repository.ts:78:37)
      at ScheduleRepository.getSchedulesForTime (/Users/ravindradave/Documents/Github/focus-flow-extension/src/services/schedule-repository.ts:195:40)
      at ScheduleManager.checkSchedules (/Users/ravindradave/Documents/Github/focus-flow-extension/src/background/schedule-manager.ts:98:61)
      at ScheduleManager.initialize (/Users/ravindradave/Documents/Github/focus-flow-extension/src/background/schedule-manager.ts:80:18)
      at BackgroundServiceWorker.initialize (/Users/ravindradave/Documents/Github/focus-flow-extension/src/background/index.ts:168:5)
      at /Users/ravindradave/Documents/Github/focus-flow-extension/tests/unit/background/index.test.ts:386:7
      at runTest (file:///Users/ravindradave/Documents/Github/focus-flow-extension/node_modules/@vitest/runner/dist/index.js:781:11)
      at runSuite (file:///Users/ravindradave/Documents/Github/focus-flow-extension/node_modules/@vitest/runner/dist/index.js:909:15)
}

 ❯ tests/unit/background/index.test.ts  (20 tests | 1 failed) 181ms
   ❯ tests/unit/background/index.test.ts > BackgroundServiceWorker > Installation Handling > should handle extension installation
     → expected "spy" to be called with arguments: [ ObjectContaining{…} ]

Received: 



Number of calls: 0

 ✓ tests/unit/utils/crypto.test.ts  (31 tests) 29ms
 ✓ tests/unit/types/messages.test.ts  (28 tests) 20ms
stdout | tests/integration/timer-blocker-integration.test.ts > Timer + Blocker Integration > Work Session Lifecycle > BEHAVIOR: Stopping work session should disable blocking by removing rules
✅ Blocking disabled (break time)
🛑 Timer stopped (abandoned)

 ❯ tests/unit/options/Dashboard.test.tsx  (27 tests | 27 failed) 558ms
   ❯ tests/unit/options/Dashboard.test.tsx > Dashboard Component > Stats Display > should render focus score stat
     → Cannot read properties of undefined (reading 'addListener')
   ❯ tests/unit/options/Dashboard.test.tsx > Dashboard Component > Stats Display > should render today's focus time
     → Cannot read properties of undefined (reading 'addListener')
   ❯ tests/unit/options/Dashboard.test.tsx > Dashboard Component > Stats Display > should render distractions blocked count
     → Cannot read properties of undefined (reading 'addListener')
   ❯ tests/unit/options/Dashboard.test.tsx > Dashboard Component > Stats Display > should display stats in card format with proper styling
     → Cannot read properties of undefined (reading 'addListener')
   ❯ tests/unit/options/Dashboard.test.tsx > Dashboard Component > Quick Toggles Section > should render quick toggles heading
     → Cannot read properties of undefined (reading 'addListener')
   ❯ tests/unit/options/Dashboard.test.tsx > Dashboard Component > Quick Toggles Section > should render nuclear mode toggle
     → Cannot read properties of undefined (reading 'addListener')
   ❯ tests/unit/options/Dashboard.test.tsx > Dashboard Component > Quick Toggles Section > should render strict blocking toggle
     → Cannot read properties of undefined (reading 'addListener')
   ❯ tests/unit/options/Dashboard.test.tsx > Dashboard Component > Toggle State Management > should load nuclear mode state from storage on mount
     → Cannot read properties of undefined (reading 'addListener')
   ❯ tests/unit/options/Dashboard.test.tsx > Dashboard Component > Toggle State Management > should load strict blocking state from storage on mount
     → Cannot read properties of undefined (reading 'addListener')
   ❯ tests/unit/options/Dashboard.test.tsx > Dashboard Component > Toggle State Management > should default to false when no stored value exists
     → Cannot read properties of undefined (reading 'addListener')
   ❯ tests/unit/options/Dashboard.test.tsx > Dashboard Component > Toggle Interactions > should toggle nuclear mode on click
     → Cannot read properties of undefined (reading 'addListener')
   ❯ tests/unit/options/Dashboard.test.tsx > Dashboard Component > Toggle Interactions > should toggle strict blocking on click
     → Cannot read properties of undefined (reading 'addListener')
   ❯ tests/unit/options/Dashboard.test.tsx > Dashboard Component > Toggle Interactions > should toggle off when clicked again
     → Cannot read properties of undefined (reading 'addListener')
   ❯ tests/unit/options/Dashboard.test.tsx > Dashboard Component > Persistence > should save nuclear mode to storage when toggled
     → Cannot read properties of undefined (reading 'addListener')
   ❯ tests/unit/options/Dashboard.test.tsx > Dashboard Component > Persistence > should save strict blocking to storage when toggled
     → Cannot read properties of undefined (reading 'addListener')
   ❯ tests/unit/options/Dashboard.test.tsx > Dashboard Component > Persistence > should save false value when toggling off
     → Cannot read properties of undefined (reading 'addListener')
   ❯ tests/unit/options/Dashboard.test.tsx > Dashboard Component > Optimistic UI > should update UI immediately before storage save completes
     → Cannot read properties of undefined (reading 'addListener')
   ❯ tests/unit/options/Dashboard.test.tsx > Dashboard Component > Optimistic UI > should revert UI if storage save fails
     → Cannot read properties of undefined (reading 'addListener')
   ❯ tests/unit/options/Dashboard.test.tsx > Dashboard Component > Loading State > should disable toggles while loading state
     → Cannot read properties of undefined (reading 'addListener')
   ❯ tests/unit/options/Dashboard.test.tsx > Dashboard Component > Loading State > should enable toggles after loading completes
     → Cannot read properties of undefined (reading 'addListener')
   ❯ tests/unit/options/Dashboard.test.tsx > Dashboard Component > Loading State > should show disabled cursor style when loading
     → Cannot read properties of undefined (reading 'addListener')
   ❯ tests/unit/options/Dashboard.test.tsx > Dashboard Component > Accessibility > should have proper aria-pressed attribute
     → Cannot read properties of undefined (reading 'addListener')
   ❯ tests/unit/options/Dashboard.test.tsx > Dashboard Component > Accessibility > should have descriptive aria-label
     → Cannot read properties of undefined (reading 'addListener')
   ❯ tests/unit/options/Dashboard.test.tsx > Dashboard Component > Accessibility > should have visible focus rings
     → Cannot read properties of undefined (reading 'addListener')
   ❯ tests/unit/options/Dashboard.test.tsx > Dashboard Component > Accessibility > should be keyboard accessible
     → Cannot read properties of undefined (reading 'addListener')
   ❯ tests/unit/options/Dashboard.test.tsx > Dashboard Component > Activity Chart > should render activity chart section
     → Cannot read properties of undefined (reading 'addListener')
   ❯ tests/unit/options/Dashboard.test.tsx > Dashboard Component > Activity Chart > should display analytics dashboard component
     → Cannot read properties of undefined (reading 'addListener')
stderr | tests/unit/options/Dashboard.test.tsx > Dashboard Component > Stats Display > should render focus score stat
Failed to fetch analytics: TypeError: Cannot read properties of undefined (reading 'sendMessage')
    at /Users/ravindradave/Documents/Github/focus-flow-extension/src/hooks/useAnalytics.ts:50:24
    at /Users/ravindradave/Documents/Github/focus-flow-extension/src/hooks/useAnalytics.ts:85:5
    at commitHookEffectListMount (/Users/ravindradave/Documents/Github/focus-flow-extension/node_modules/react-dom/cjs/react-dom.development.js:23189:26)
    at commitPassiveMountOnFiber (/Users/ravindradave/Documents/Github/focus-flow-extension/node_modules/react-dom/cjs/react-dom.development.js:24970:11)
    at commitPassiveMountEffects_complete (/Users/ravindradave/Documents/Github/focus-flow-extension/node_modules/react-dom/cjs/react-dom.development.js:24930:9)
    at commitPassiveMountEffects_begin (/Users/ravindradave/Documents/Github/focus-flow-extension/node_modules/react-dom/cjs/react-dom.development.js:24917:7)
    at commitPassiveMountEffects (/Users/ravindradave/Documents/Github/focus-flow-extension/node_modules/react-dom/cjs/react-dom.development.js:24905:3)
    at flushPassiveEffectsImpl (/Users/ravindradave/Documents/Github/focus-flow-extension/node_modules/react-dom/cjs/react-dom.development.js:27078:3)
    at flushPassiveEffects (/Users/ravindradave/Documents/Github/focus-flow-extension/node_modules/react-dom/cjs/react-dom.development.js:27023:14)
    at /Users/ravindradave/Documents/Github/focus-flow-extension/node_modules/react-dom/cjs/react-dom.development.js:26808:9
Failed to fetch chart data: TypeError: Cannot read properties of undefined (reading 'sendMessage')
    at fetchChartData (/Users/ravindradave/Documents/Github/focus-flow-extension/src/options/components/AnalyticsDashboard.tsx:57:26)
    at /Users/ravindradave/Documents/Github/focus-flow-extension/src/options/components/AnalyticsDashboard.tsx:92:5
    at commitHookEffectListMount (/Users/ravindradave/Documents/Github/focus-flow-extension/node_modules/react-dom/cjs/react-dom.development.js:23189:26)
    at commitPassiveMountOnFiber (/Users/ravindradave/Documents/Github/focus-flow-extension/node_modules/react-dom/cjs/react-dom.development.js:24970:11)
    at commitPassiveMountEffects_complete (/Users/ravindradave/Documents/Github/focus-flow-extension/node_modules/react-dom/cjs/react-dom.development.js:24930:9)
    at commitPassiveMountEffects_begin (/Users/ravindradave/Documents/Github/focus-flow-extension/node_modules/react-dom/cjs/react-dom.development.js:24917:7)
    at commitPassiveMountEffects (/Users/ravindradave/Documents/Github/focus-flow-extension/node_modules/react-dom/cjs/react-dom.development.js:24905:3)
    at flushPassiveEffectsImpl (/Users/ravindradave/Documents/Github/focus-flow-extension/node_modules/react-dom/cjs/react-dom.development.js:27078:3)
    at flushPassiveEffects (/Users/ravindradave/Documents/Github/focus-flow-extension/node_modules/react-dom/cjs/react-dom.development.js:27023:14)
    at /Users/ravindradave/Documents/Github/focus-flow-extension/node_modules/react-dom/cjs/react-dom.development.js:26808:9
Error: Uncaught [TypeError: Cannot read properties of undefined (reading 'addListener')]
    at reportException (/Users/ravindradave/Documents/Github/focus-flow-extension/node_modules/jsdom/lib/jsdom/living/helpers/runtime-script-errors.js:66:24)
    at innerInvokeEventListeners (/Users/ravindradave/Documents/Github/focus-flow-extension/node_modules/jsdom/lib/jsdom/living/events/EventTarget-impl.js:353:9)
    at invokeEventListeners (/Users/ravindradave/Documents/Github/focus-flow-extension/node_modules/jsdom/lib/jsdom/living/events/EventTarget-impl.js:286:3)
    at HTMLUnknownElementImpl._dispatch (/Users/ravindradave/Documents/Github/focus-flow-extension/node_modules/jsdom/lib/jsdom/living/events/EventTarget-impl.js:233:9)
    at HTMLUnknownElementImpl.dispatchEvent (/Users/ravindradave/Documents/Github/focus-flow-extension/node_modules/jsdom/lib/jsdom/living/events/EventTarget-impl.js:104:17)
    at HTMLUnknownElement.dispatchEvent (/Users/ravindradave/Documents/Github/focus-flow-extension/node_modules/jsdom/lib/jsdom/living/generated/EventTarget.js:241:34)
    at Object.invokeGuardedCallbackDev (/Users/ravindradave/Documents/Github/focus-flow-extension/node_modules/react-dom/cjs/react-dom.development.js:4213:16)
    at invokeGuardedCallback (/Users/ravindradave/Documents/Github/focus-flow-extension/node_modules/react-dom/cjs/react-dom.development.js:4277:31)
    at reportUncaughtErrorInDEV (/Users/ravindradave/Documents/Github/focus-flow-extension/node_modules/react-dom/cjs/react-dom.development.js:22877:5)
    at captureCommitPhaseError (/Users/ravindradave/Documents/Github/focus-flow-extension/node_modules/react-dom/cjs/react-dom.development.js:27165:5) TypeError: Cannot read properties of undefined (reading 'addListener')
    at /Users/ravindradave/Documents/Github/focus-flow-extension/src/hooks/useTheme.ts:113:30
    at commitHookEffectListMount (/Users/ravindradave/Documents/Github/focus-flow-extension/node_modules/react-dom/cjs/react-dom.development.js:23189:26)
    at commitPassiveMountOnFiber (/Users/ravindradave/Documents/Github/focus-flow-extension/node_modules/react-dom/cjs/react-dom.development.js:24970:11)
    at commitPassiveMountEffects_complete (/Users/ravindradave/Documents/Github/focus-flow-extension/node_modules/react-dom/cjs/react-dom.development.js:24930:9)
    at commitPassiveMountEffects_begin (/Users/ravindradave/Documents/Github/focus-flow-extension/node_modules/react-dom/cjs/react-dom.development.js:24917:7)
    at commitPassiveMountEffects (/Users/ravindradave/Documents/Github/focus-flow-extension/node_modules/react-dom/cjs/react-dom.development.js:24905:3)
    at flushPassiveEffectsImpl (/Users/ravindradave/Documents/Github/focus-flow-extension/node_modules/react-dom/cjs/react-dom.development.js:27078:3)
    at flushPassiveEffects (/Users/ravindradave/Documents/Github/focus-flow-extension/node_modules/react-dom/cjs/react-dom.development.js:27023:14)
    at /Users/ravindradave/Documents/Github/focus-flow-extension/node_modules/react-dom/cjs/react-dom.development.js:26808:9
    at flushActQueue (/Users/ravindradave/Documents/Github/focus-flow-extension/node_modules/react/cjs/react.development.js:2667:24)
The above error occurred in the <App> component:

    at App (/Users/ravindradave/Documents/Github/focus-flow-extension/src/options/App.tsx:14:59)

Consider adding an error boundary to your tree to customize error handling behavior.
Visit https://reactjs.org/link/error-boundaries to learn more about error boundaries.

stderr | tests/unit/options/Dashboard.test.tsx > Dashboard Component > Stats Display > should render today's focus time
Failed to fetch analytics: TypeError: Cannot read properties of undefined (reading 'sendMessage')
    at /Users/ravindradave/Documents/Github/focus-flow-extension/src/hooks/useAnalytics.ts:50:24
    at /Users/ravindradave/Documents/Github/focus-flow-extension/src/hooks/useAnalytics.ts:85:5
    at commitHookEffectListMount (/Users/ravindradave/Documents/Github/focus-flow-extension/node_modules/react-dom/cjs/react-dom.development.js:23189:26)
    at commitPassiveMountOnFiber (/Users/ravindradave/Documents/Github/focus-flow-extension/node_modules/react-dom/cjs/react-dom.development.js:24970:11)
    at commitPassiveMountEffects_complete (/Users/ravindradave/Documents/Github/focus-flow-extension/node_modules/react-dom/cjs/react-dom.development.js:24930:9)
    at commitPassiveMountEffects_begin (/Users/ravindradave/Documents/Github/focus-flow-extension/node_modules/react-dom/cjs/react-dom.development.js:24917:7)
    at commitPassiveMountEffects (/Users/ravindradave/Documents/Github/focus-flow-extension/node_modules/react-dom/cjs/react-dom.development.js:24905:3)
    at flushPassiveEffectsImpl (/Users/ravindradave/Documents/Github/focus-flow-extension/node_modules/react-dom/cjs/react-dom.development.js:27078:3)
    at flushPassiveEffects (/Users/ravindradave/Documents/Github/focus-flow-extension/node_modules/react-dom/cjs/react-dom.development.js:27023:14)
    at /Users/ravindradave/Documents/Github/focus-flow-extension/node_modules/react-dom/cjs/react-dom.development.js:26808:9
Failed to fetch chart data: TypeError: Cannot read properties of undefined (reading 'sendMessage')
    at fetchChartData (/Users/ravindradave/Documents/Github/focus-flow-extension/src/options/components/AnalyticsDashboard.tsx:57:26)
    at /Users/ravindradave/Documents/Github/focus-flow-extension/src/options/components/AnalyticsDashboard.tsx:92:5
    at commitHookEffectListMount (/Users/ravindradave/Documents/Github/focus-flow-extension/node_modules/react-dom/cjs/react-dom.development.js:23189:26)
    at commitPassiveMountOnFiber (/Users/ravindradave/Documents/Github/focus-flow-extension/node_modules/react-dom/cjs/react-dom.development.js:24970:11)
    at commitPassiveMountEffects_complete (/Users/ravindradave/Documents/Github/focus-flow-extension/node_modules/react-dom/cjs/react-dom.development.js:24930:9)
    at commitPassiveMountEffects_begin (/Users/ravindradave/Documents/Github/focus-flow-extension/node_modules/react-dom/cjs/react-dom.development.js:24917:7)
    at commitPassiveMountEffects (/Users/ravindradave/Documents/Github/focus-flow-extension/node_modules/react-dom/cjs/react-dom.development.js:24905:3)
    at flushPassiveEffectsImpl (/Users/ravindradave/Documents/Github/focus-flow-extension/node_modules/react-dom/cjs/react-dom.development.js:27078:3)
    at flushPassiveEffects (/Users/ravindradave/Documents/Github/focus-flow-extension/node_modules/react-dom/cjs/react-dom.development.js:27023:14)
    at /Users/ravindradave/Documents/Github/focus-flow-extension/node_modules/react-dom/cjs/react-dom.development.js:26808:9
Error: Uncaught [TypeError: Cannot read properties of undefined (reading 'addListener')]
    at reportException (/Users/ravindradave/Documents/Github/focus-flow-extension/node_modules/jsdom/lib/jsdom/living/helpers/runtime-script-errors.js:66:24)
    at innerInvokeEventListeners (/Users/ravindradave/Documents/Github/focus-flow-extension/node_modules/jsdom/lib/jsdom/living/events/EventTarget-impl.js:353:9)
    at invokeEventListeners (/Users/ravindradave/Documents/Github/focus-flow-extension/node_modules/jsdom/lib/jsdom/living/events/EventTarget-impl.js:286:3)
    at HTMLUnknownElementImpl._dispatch (/Users/ravindradave/Documents/Github/focus-flow-extension/node_modules/jsdom/lib/jsdom/living/events/EventTarget-impl.js:233:9)
    at HTMLUnknownElementImpl.dispatchEvent (/Users/ravindradave/Documents/Github/focus-flow-extension/node_modules/jsdom/lib/jsdom/living/events/EventTarget-impl.js:104:17)
    at HTMLUnknownElement.dispatchEvent (/Users/ravindradave/Documents/Github/focus-flow-extension/node_modules/jsdom/lib/jsdom/living/generated/EventTarget.js:241:34)
    at Object.invokeGuardedCallbackDev (/Users/ravindradave/Documents/Github/focus-flow-extension/node_modules/react-dom/cjs/react-dom.development.js:4213:16)
    at invokeGuardedCallback (/Users/ravindradave/Documents/Github/focus-flow-extension/node_modules/react-dom/cjs/react-dom.development.js:4277:31)
    at reportUncaughtErrorInDEV (/Users/ravindradave/Documents/Github/focus-flow-extension/node_modules/react-dom/cjs/react-dom.development.js:22877:5)
    at captureCommitPhaseError (/Users/ravindradave/Documents/Github/focus-flow-extension/node_modules/react-dom/cjs/react-dom.development.js:27165:5) TypeError: Cannot read properties of undefined (reading 'addListener')
    at /Users/ravindradave/Documents/Github/focus-flow-extension/src/hooks/useTheme.ts:113:30
    at commitHookEffectListMount (/Users/ravindradave/Documents/Github/focus-flow-extension/node_modules/react-dom/cjs/react-dom.development.js:23189:26)
    at commitPassiveMountOnFiber (/Users/ravindradave/Documents/Github/focus-flow-extension/node_modules/react-dom/cjs/react-dom.development.js:24970:11)
    at commitPassiveMountEffects_complete (/Users/ravindradave/Documents/Github/focus-flow-extension/node_modules/react-dom/cjs/react-dom.development.js:24930:9)
    at commitPassiveMountEffects_begin (/Users/ravindradave/Documents/Github/focus-flow-extension/node_modules/react-dom/cjs/react-dom.development.js:24917:7)
    at commitPassiveMountEffects (/Users/ravindradave/Documents/Github/focus-flow-extension/node_modules/react-dom/cjs/react-dom.development.js:24905:3)
    at flushPassiveEffectsImpl (/Users/ravindradave/Documents/Github/focus-flow-extension/node_modules/react-dom/cjs/react-dom.development.js:27078:3)
    at flushPassiveEffects (/Users/ravindradave/Documents/Github/focus-flow-extension/node_modules/react-dom/cjs/react-dom.development.js:27023:14)
    at /Users/ravindradave/Documents/Github/focus-flow-extension/node_modules/react-dom/cjs/react-dom.development.js:26808:9
    at flushActQueue (/Users/ravindradave/Documents/Github/focus-flow-extension/node_modules/react/cjs/react.development.js:2667:24)
The above error occurred in the <App> component:

    at App (/Users/ravindradave/Documents/Github/focus-flow-extension/src/options/App.tsx:14:59)

Consider adding an error boundary to your tree to customize error handling behavior.
Visit https://reactjs.org/link/error-boundaries to learn more about error boundaries.

stderr | tests/unit/options/Dashboard.test.tsx > Dashboard Component > Stats Display > should render distractions blocked count
Failed to fetch analytics: TypeError: Cannot read properties of undefined (reading 'sendMessage')
    at /Users/ravindradave/Documents/Github/focus-flow-extension/src/hooks/useAnalytics.ts:50:24
    at /Users/ravindradave/Documents/Github/focus-flow-extension/src/hooks/useAnalytics.ts:85:5
    at commitHookEffectListMount (/Users/ravindradave/Documents/Github/focus-flow-extension/node_modules/react-dom/cjs/react-dom.development.js:23189:26)
    at commitPassiveMountOnFiber (/Users/ravindradave/Documents/Github/focus-flow-extension/node_modules/react-dom/cjs/react-dom.development.js:24970:11)
    at commitPassiveMountEffects_complete (/Users/ravindradave/Documents/Github/focus-flow-extension/node_modules/react-dom/cjs/react-dom.development.js:24930:9)
    at commitPassiveMountEffects_begin (/Users/ravindradave/Documents/Github/focus-flow-extension/node_modules/react-dom/cjs/react-dom.development.js:24917:7)
    at commitPassiveMountEffects (/Users/ravindradave/Documents/Github/focus-flow-extension/node_modules/react-dom/cjs/react-dom.development.js:24905:3)
    at flushPassiveEffectsImpl (/Users/ravindradave/Documents/Github/focus-flow-extension/node_modules/react-dom/cjs/react-dom.development.js:27078:3)
    at flushPassiveEffects (/Users/ravindradave/Documents/Github/focus-flow-extension/node_modules/react-dom/cjs/react-dom.development.js:27023:14)
    at /Users/ravindradave/Documents/Github/focus-flow-extension/node_modules/react-dom/cjs/react-dom.development.js:26808:9
Failed to fetch chart data: TypeError: Cannot read properties of undefined (reading 'sendMessage')
    at fetchChartData (/Users/ravindradave/Documents/Github/focus-flow-extension/src/options/components/AnalyticsDashboard.tsx:57:26)
    at /Users/ravindradave/Documents/Github/focus-flow-extension/src/options/components/AnalyticsDashboard.tsx:92:5
    at commitHookEffectListMount (/Users/ravindradave/Documents/Github/focus-flow-extension/node_modules/react-dom/cjs/react-dom.development.js:23189:26)
    at commitPassiveMountOnFiber (/Users/ravindradave/Documents/Github/focus-flow-extension/node_modules/react-dom/cjs/react-dom.development.js:24970:11)
    at commitPassiveMountEffects_complete (/Users/ravindradave/Documents/Github/focus-flow-extension/node_modules/react-dom/cjs/react-dom.development.js:24930:9)
    at commitPassiveMountEffects_begin (/Users/ravindradave/Documents/Github/focus-flow-extension/node_modules/react-dom/cjs/react-dom.development.js:24917:7)
    at commitPassiveMountEffects (/Users/ravindradave/Documents/Github/focus-flow-extension/node_modules/react-dom/cjs/react-dom.development.js:24905:3)
    at flushPassiveEffectsImpl (/Users/ravindradave/Documents/Github/focus-flow-extension/node_modules/react-dom/cjs/react-dom.development.js:27078:3)
    at flushPassiveEffects (/Users/ravindradave/Documents/Github/focus-flow-extension/node_modules/react-dom/cjs/react-dom.development.js:27023:14)
    at /Users/ravindradave/Documents/Github/focus-flow-extension/node_modules/react-dom/cjs/react-dom.development.js:26808:9
Error: Uncaught [TypeError: Cannot read properties of undefined (reading 'addListener')]
    at reportException (/Users/ravindradave/Documents/Github/focus-flow-extension/node_modules/jsdom/lib/jsdom/living/helpers/runtime-script-errors.js:66:24)
    at innerInvokeEventListeners (/Users/ravindradave/Documents/Github/focus-flow-extension/node_modules/jsdom/lib/jsdom/living/events/EventTarget-impl.js:353:9)
    at invokeEventListeners (/Users/ravindradave/Documents/Github/focus-flow-extension/node_modules/jsdom/lib/jsdom/living/events/EventTarget-impl.js:286:3)
    at HTMLUnknownElementImpl._dispatch (/Users/ravindradave/Documents/Github/focus-flow-extension/node_modules/jsdom/lib/jsdom/living/events/EventTarget-impl.js:233:9)
    at HTMLUnknownElementImpl.dispatchEvent (/Users/ravindradave/Documents/Github/focus-flow-extension/node_modules/jsdom/lib/jsdom/living/events/EventTarget-impl.js:104:17)
    at HTMLUnknownElement.dispatchEvent (/Users/ravindradave/Documents/Github/focus-flow-extension/node_modules/jsdom/lib/jsdom/living/generated/EventTarget.js:241:34)
    at Object.invokeGuardedCallbackDev (/Users/ravindradave/Documents/Github/focus-flow-extension/node_modules/react-dom/cjs/react-dom.development.js:4213:16)
    at invokeGuardedCallback (/Users/ravindradave/Documents/Github/focus-flow-extension/node_modules/react-dom/cjs/react-dom.development.js:4277:31)
    at reportUncaughtErrorInDEV (/Users/ravindradave/Documents/Github/focus-flow-extension/node_modules/react-dom/cjs/react-dom.development.js:22877:5)
    at captureCommitPhaseError (/Users/ravindradave/Documents/Github/focus-flow-extension/node_modules/react-dom/cjs/react-dom.development.js:27165:5) TypeError: Cannot read properties of undefined (reading 'addListener')
    at /Users/ravindradave/Documents/Github/focus-flow-extension/src/hooks/useTheme.ts:113:30
    at commitHookEffectListMount (/Users/ravindradave/Documents/Github/focus-flow-extension/node_modules/react-dom/cjs/react-dom.development.js:23189:26)
    at commitPassiveMountOnFiber (/Users/ravindradave/Documents/Github/focus-flow-extension/node_modules/react-dom/cjs/react-dom.development.js:24970:11)
    at commitPassiveMountEffects_complete (/Users/ravindradave/Documents/Github/focus-flow-extension/node_modules/react-dom/cjs/react-dom.development.js:24930:9)
    at commitPassiveMountEffects_begin (/Users/ravindradave/Documents/Github/focus-flow-extension/node_modules/react-dom/cjs/react-dom.development.js:24917:7)
    at commitPassiveMountEffects (/Users/ravindradave/Documents/Github/focus-flow-extension/node_modules/react-dom/cjs/react-dom.development.js:24905:3)
    at flushPassiveEffectsImpl (/Users/ravindradave/Documents/Github/focus-flow-extension/node_modules/react-dom/cjs/react-dom.development.js:27078:3)
    at flushPassiveEffects (/Users/ravindradave/Documents/Github/focus-flow-extension/node_modules/react-dom/cjs/react-dom.development.js:27023:14)
    at /Users/ravindradave/Documents/Github/focus-flow-extension/node_modules/react-dom/cjs/react-dom.development.js:26808:9
    at flushActQueue (/Users/ravindradave/Documents/Github/focus-flow-extension/node_modules/react/cjs/react.development.js:2667:24)
The above error occurred in the <App> component:

    at App (/Users/ravindradave/Documents/Github/focus-flow-extension/src/options/App.tsx:14:59)

Consider adding an error boundary to your tree to customize error handling behavior.
Visit https://reactjs.org/link/error-boundaries to learn more about error boundaries.

stderr | tests/unit/options/Dashboard.test.tsx > Dashboard Component > Stats Display > should display stats in card format with proper styling
Failed to fetch analytics: TypeError: Cannot read properties of undefined (reading 'sendMessage')
    at /Users/ravindradave/Documents/Github/focus-flow-extension/src/hooks/useAnalytics.ts:50:24
    at /Users/ravindradave/Documents/Github/focus-flow-extension/src/hooks/useAnalytics.ts:85:5
    at commitHookEffectListMount (/Users/ravindradave/Documents/Github/focus-flow-extension/node_modules/react-dom/cjs/react-dom.development.js:23189:26)
    at commitPassiveMountOnFiber (/Users/ravindradave/Documents/Github/focus-flow-extension/node_modules/react-dom/cjs/react-dom.development.js:24970:11)
    at commitPassiveMountEffects_complete (/Users/ravindradave/Documents/Github/focus-flow-extension/node_modules/react-dom/cjs/react-dom.development.js:24930:9)
    at commitPassiveMountEffects_begin (/Users/ravindradave/Documents/Github/focus-flow-extension/node_modules/react-dom/cjs/react-dom.development.js:24917:7)
    at commitPassiveMountEffects (/Users/ravindradave/Documents/Github/focus-flow-extension/node_modules/react-dom/cjs/react-dom.development.js:24905:3)
    at flushPassiveEffectsImpl (/Users/ravindradave/Documents/Github/focus-flow-extension/node_modules/react-dom/cjs/react-dom.development.js:27078:3)
    at flushPassiveEffects (/Users/ravindradave/Documents/Github/focus-flow-extension/node_modules/react-dom/cjs/react-dom.development.js:27023:14)
    at /Users/ravindradave/Documents/Github/focus-flow-extension/node_modules/react-dom/cjs/react-dom.development.js:26808:9
Failed to fetch chart data: TypeError: Cannot read properties of undefined (reading 'sendMessage')
    at fetchChartData (/Users/ravindradave/Documents/Github/focus-flow-extension/src/options/components/AnalyticsDashboard.tsx:57:26)
    at /Users/ravindradave/Documents/Github/focus-flow-extension/src/options/components/AnalyticsDashboard.tsx:92:5
    at commitHookEffectListMount (/Users/ravindradave/Documents/Github/focus-flow-extension/node_modules/react-dom/cjs/react-dom.development.js:23189:26)
    at commitPassiveMountOnFiber (/Users/ravindradave/Documents/Github/focus-flow-extension/node_modules/react-dom/cjs/react-dom.development.js:24970:11)
    at commitPassiveMountEffects_complete (/Users/ravindradave/Documents/Github/focus-flow-extension/node_modules/react-dom/cjs/react-dom.development.js:24930:9)
    at commitPassiveMountEffects_begin (/Users/ravindradave/Documents/Github/focus-flow-extension/node_modules/react-dom/cjs/react-dom.development.js:24917:7)
    at commitPassiveMountEffects (/Users/ravindradave/Documents/Github/focus-flow-extension/node_modules/react-dom/cjs/react-dom.development.js:24905:3)
    at flushPassiveEffectsImpl (/Users/ravindradave/Documents/Github/focus-flow-extension/node_modules/react-dom/cjs/react-dom.development.js:27078:3)
    at flushPassiveEffects (/Users/ravindradave/Documents/Github/focus-flow-extension/node_modules/react-dom/cjs/react-dom.development.js:27023:14)
    at /Users/ravindradave/Documents/Github/focus-flow-extension/node_modules/react-dom/cjs/react-dom.development.js:26808:9
Error: Uncaught [TypeError: Cannot read properties of undefined (reading 'addListener')]
    at reportException (/Users/ravindradave/Documents/Github/focus-flow-extension/node_modules/jsdom/lib/jsdom/living/helpers/runtime-script-errors.js:66:24)
    at innerInvokeEventListeners (/Users/ravindradave/Documents/Github/focus-flow-extension/node_modules/jsdom/lib/jsdom/living/events/EventTarget-impl.js:353:9)
    at invokeEventListeners (/Users/ravindradave/Documents/Github/focus-flow-extension/node_modules/jsdom/lib/jsdom/living/events/EventTarget-impl.js:286:3)
    at HTMLUnknownElementImpl._dispatch (/Users/ravindradave/Documents/Github/focus-flow-extension/node_modules/jsdom/lib/jsdom/living/events/EventTarget-impl.js:233:9)
    at HTMLUnknownElementImpl.dispatchEvent (/Users/ravindradave/Documents/Github/focus-flow-extension/node_modules/jsdom/lib/jsdom/living/events/EventTarget-impl.js:104:17)
    at HTMLUnknownElement.dispatchEvent (/Users/ravindradave/Documents/Github/focus-flow-extension/node_modules/jsdom/lib/jsdom/living/generated/EventTarget.js:241:34)
    at Object.invokeGuardedCallbackDev (/Users/ravindradave/Documents/Github/focus-flow-extension/node_modules/react-dom/cjs/react-dom.development.js:4213:16)
    at invokeGuardedCallback (/Users/ravindradave/Documents/Github/focus-flow-extension/node_modules/react-dom/cjs/react-dom.development.js:4277:31)
    at reportUncaughtErrorInDEV (/Users/ravindradave/Documents/Github/focus-flow-extension/node_modules/react-dom/cjs/react-dom.development.js:22877:5)
    at captureCommitPhaseError (/Users/ravindradave/Documents/Github/focus-flow-extension/node_modules/react-dom/cjs/react-dom.development.js:27165:5) TypeError: Cannot read properties of undefined (reading 'addListener')
    at /Users/ravindradave/Documents/Github/focus-flow-extension/src/hooks/useTheme.ts:113:30
    at commitHookEffectListMount (/Users/ravindradave/Documents/Github/focus-flow-extension/node_modules/react-dom/cjs/react-dom.development.js:23189:26)
    at commitPassiveMountOnFiber (/Users/ravindradave/Documents/Github/focus-flow-extension/node_modules/react-dom/cjs/react-dom.development.js:24970:11)
    at commitPassiveMountEffects_complete (/Users/ravindradave/Documents/Github/focus-flow-extension/node_modules/react-dom/cjs/react-dom.development.js:24930:9)
    at commitPassiveMountEffects_begin (/Users/ravindradave/Documents/Github/focus-flow-extension/node_modules/react-dom/cjs/react-dom.development.js:24917:7)
    at commitPassiveMountEffects (/Users/ravindradave/Documents/Github/focus-flow-extension/node_modules/react-dom/cjs/react-dom.development.js:24905:3)
    at flushPassiveEffectsImpl (/Users/ravindradave/Documents/Github/focus-flow-extension/node_modules/react-dom/cjs/react-dom.development.js:27078:3)
    at flushPassiveEffects (/Users/ravindradave/Documents/Github/focus-flow-extension/node_modules/react-dom/cjs/react-dom.development.js:27023:14)
    at /Users/ravindradave/Documents/Github/focus-flow-extension/node_modules/react-dom/cjs/react-dom.development.js:26808:9
    at flushActQueue (/Users/ravindradave/Documents/Github/focus-flow-extension/node_modules/react/cjs/react.development.js:2667:24)
The above error occurred in the <App> component:

    at App (/Users/ravindradave/Documents/Github/focus-flow-extension/src/options/App.tsx:14:59)

Consider adding an error boundary to your tree to customize error handling behavior.
Visit https://reactjs.org/link/error-boundaries to learn more about error boundaries.

stderr | tests/unit/options/Dashboard.test.tsx > Dashboard Component > Quick Toggles Section > should render quick toggles heading
Failed to fetch analytics: TypeError: Cannot read properties of undefined (reading 'sendMessage')
    at /Users/ravindradave/Documents/Github/focus-flow-extension/src/hooks/useAnalytics.ts:50:24
    at /Users/ravindradave/Documents/Github/focus-flow-extension/src/hooks/useAnalytics.ts:85:5
    at commitHookEffectListMount (/Users/ravindradave/Documents/Github/focus-flow-extension/node_modules/react-dom/cjs/react-dom.development.js:23189:26)
    at commitPassiveMountOnFiber (/Users/ravindradave/Documents/Github/focus-flow-extension/node_modules/react-dom/cjs/react-dom.development.js:24970:11)
    at commitPassiveMountEffects_complete (/Users/ravindradave/Documents/Github/focus-flow-extension/node_modules/react-dom/cjs/react-dom.development.js:24930:9)
    at commitPassiveMountEffects_begin (/Users/ravindradave/Documents/Github/focus-flow-extension/node_modules/react-dom/cjs/react-dom.development.js:24917:7)
    at commitPassiveMountEffects (/Users/ravindradave/Documents/Github/focus-flow-extension/node_modules/react-dom/cjs/react-dom.development.js:24905:3)
    at flushPassiveEffectsImpl (/Users/ravindradave/Documents/Github/focus-flow-extension/node_modules/react-dom/cjs/react-dom.development.js:27078:3)
    at flushPassiveEffects (/Users/ravindradave/Documents/Github/focus-flow-extension/node_modules/react-dom/cjs/react-dom.development.js:27023:14)
    at /Users/ravindradave/Documents/Github/focus-flow-extension/node_modules/react-dom/cjs/react-dom.development.js:26808:9
Failed to fetch chart data: TypeError: Cannot read properties of undefined (reading 'sendMessage')
    at fetchChartData (/Users/ravindradave/Documents/Github/focus-flow-extension/src/options/components/AnalyticsDashboard.tsx:57:26)
    at /Users/ravindradave/Documents/Github/focus-flow-extension/src/options/components/AnalyticsDashboard.tsx:92:5
    at commitHookEffectListMount (/Users/ravindradave/Documents/Github/focus-flow-extension/node_modules/react-dom/cjs/react-dom.development.js:23189:26)
    at commitPassiveMountOnFiber (/Users/ravindradave/Documents/Github/focus-flow-extension/node_modules/react-dom/cjs/react-dom.development.js:24970:11)
    at commitPassiveMountEffects_complete (/Users/ravindradave/Documents/Github/focus-flow-extension/node_modules/react-dom/cjs/react-dom.development.js:24930:9)
    at commitPassiveMountEffects_begin (/Users/ravindradave/Documents/Github/focus-flow-extension/node_modules/react-dom/cjs/react-dom.development.js:24917:7)
    at commitPassiveMountEffects (/Users/ravindradave/Documents/Github/focus-flow-extension/node_modules/react-dom/cjs/react-dom.development.js:24905:3)
    at flushPassiveEffectsImpl (/Users/ravindradave/Documents/Github/focus-flow-extension/node_modules/react-dom/cjs/react-dom.development.js:27078:3)
    at flushPassiveEffects (/Users/ravindradave/Documents/Github/focus-flow-extension/node_modules/react-dom/cjs/react-dom.development.js:27023:14)
    at /Users/ravindradave/Documents/Github/focus-flow-extension/node_modules/react-dom/cjs/react-dom.development.js:26808:9
Error: Uncaught [TypeError: Cannot read properties of undefined (reading 'addListener')]
    at reportException (/Users/ravindradave/Documents/Github/focus-flow-extension/node_modules/jsdom/lib/jsdom/living/helpers/runtime-script-errors.js:66:24)
    at innerInvokeEventListeners (/Users/ravindradave/Documents/Github/focus-flow-extension/node_modules/jsdom/lib/jsdom/living/events/EventTarget-impl.js:353:9)
    at invokeEventListeners (/Users/ravindradave/Documents/Github/focus-flow-extension/node_modules/jsdom/lib/jsdom/living/events/EventTarget-impl.js:286:3)
    at HTMLUnknownElementImpl._dispatch (/Users/ravindradave/Documents/Github/focus-flow-extension/node_modules/jsdom/lib/jsdom/living/events/EventTarget-impl.js:233:9)
    at HTMLUnknownElementImpl.dispatchEvent (/Users/ravindradave/Documents/Github/focus-flow-extension/node_modules/jsdom/lib/jsdom/living/events/EventTarget-impl.js:104:17)
    at HTMLUnknownElement.dispatchEvent (/Users/ravindradave/Documents/Github/focus-flow-extension/node_modules/jsdom/lib/jsdom/living/generated/EventTarget.js:241:34)
    at Object.invokeGuardedCallbackDev (/Users/ravindradave/Documents/Github/focus-flow-extension/node_modules/react-dom/cjs/react-dom.development.js:4213:16)
    at invokeGuardedCallback (/Users/ravindradave/Documents/Github/focus-flow-extension/node_modules/react-dom/cjs/react-dom.development.js:4277:31)
    at reportUncaughtErrorInDEV (/Users/ravindradave/Documents/Github/focus-flow-extension/node_modules/react-dom/cjs/react-dom.development.js:22877:5)
    at captureCommitPhaseError (/Users/ravindradave/Documents/Github/focus-flow-extension/node_modules/react-dom/cjs/react-dom.development.js:27165:5) TypeError: Cannot read properties of undefined (reading 'addListener')
    at /Users/ravindradave/Documents/Github/focus-flow-extension/src/hooks/useTheme.ts:113:30
    at commitHookEffectListMount (/Users/ravindradave/Documents/Github/focus-flow-extension/node_modules/react-dom/cjs/react-dom.development.js:23189:26)
    at commitPassiveMountOnFiber (/Users/ravindradave/Documents/Github/focus-flow-extension/node_modules/react-dom/cjs/react-dom.development.js:24970:11)
    at commitPassiveMountEffects_complete (/Users/ravindradave/Documents/Github/focus-flow-extension/node_modules/react-dom/cjs/react-dom.development.js:24930:9)
    at commitPassiveMountEffects_begin (/Users/ravindradave/Documents/Github/focus-flow-extension/node_modules/react-dom/cjs/react-dom.development.js:24917:7)
    at commitPassiveMountEffects (/Users/ravindradave/Documents/Github/focus-flow-extension/node_modules/react-dom/cjs/react-dom.development.js:24905:3)
    at flushPassiveEffectsImpl (/Users/ravindradave/Documents/Github/focus-flow-extension/node_modules/react-dom/cjs/react-dom.development.js:27078:3)
    at flushPassiveEffects (/Users/ravindradave/Documents/Github/focus-flow-extension/node_modules/react-dom/cjs/react-dom.development.js:27023:14)
    at /Users/ravindradave/Documents/Github/focus-flow-extension/node_modules/react-dom/cjs/react-dom.development.js:26808:9
    at flushActQueue (/Users/ravindradave/Documents/Github/focus-flow-extension/node_modules/react/cjs/react.development.js:2667:24)
The above error occurred in the <App> component:

    at App (/Users/ravindradave/Documents/Github/focus-flow-extension/src/options/App.tsx:14:59)

Consider adding an error boundary to your tree to customize error handling behavior.
Visit https://reactjs.org/link/error-boundaries to learn more about error boundaries.

stderr | tests/unit/options/Dashboard.test.tsx > Dashboard Component > Quick Toggles Section > should render nuclear mode toggle
Failed to fetch analytics: TypeError: Cannot read properties of undefined (reading 'sendMessage')
    at /Users/ravindradave/Documents/Github/focus-flow-extension/src/hooks/useAnalytics.ts:50:24
    at /Users/ravindradave/Documents/Github/focus-flow-extension/src/hooks/useAnalytics.ts:85:5
    at commitHookEffectListMount (/Users/ravindradave/Documents/Github/focus-flow-extension/node_modules/react-dom/cjs/react-dom.development.js:23189:26)
    at commitPassiveMountOnFiber (/Users/ravindradave/Documents/Github/focus-flow-extension/node_modules/react-dom/cjs/react-dom.development.js:24970:11)
    at commitPassiveMountEffects_complete (/Users/ravindradave/Documents/Github/focus-flow-extension/node_modules/react-dom/cjs/react-dom.development.js:24930:9)
    at commitPassiveMountEffects_begin (/Users/ravindradave/Documents/Github/focus-flow-extension/node_modules/react-dom/cjs/react-dom.development.js:24917:7)
    at commitPassiveMountEffects (/Users/ravindradave/Documents/Github/focus-flow-extension/node_modules/react-dom/cjs/react-dom.development.js:24905:3)
    at flushPassiveEffectsImpl (/Users/ravindradave/Documents/Github/focus-flow-extension/node_modules/react-dom/cjs/react-dom.development.js:27078:3)
    at flushPassiveEffects (/Users/ravindradave/Documents/Github/focus-flow-extension/node_modules/react-dom/cjs/react-dom.development.js:27023:14)
    at /Users/ravindradave/Documents/Github/focus-flow-extension/node_modules/react-dom/cjs/react-dom.development.js:26808:9
Failed to fetch chart data: TypeError: Cannot read properties of undefined (reading 'sendMessage')
    at fetchChartData (/Users/ravindradave/Documents/Github/focus-flow-extension/src/options/components/AnalyticsDashboard.tsx:57:26)
    at /Users/ravindradave/Documents/Github/focus-flow-extension/src/options/components/AnalyticsDashboard.tsx:92:5
    at commitHookEffectListMount (/Users/ravindradave/Documents/Github/focus-flow-extension/node_modules/react-dom/cjs/react-dom.development.js:23189:26)
    at commitPassiveMountOnFiber (/Users/ravindradave/Documents/Github/focus-flow-extension/node_modules/react-dom/cjs/react-dom.development.js:24970:11)
    at commitPassiveMountEffects_complete (/Users/ravindradave/Documents/Github/focus-flow-extension/node_modules/react-dom/cjs/react-dom.development.js:24930:9)
    at commitPassiveMountEffects_begin (/Users/ravindradave/Documents/Github/focus-flow-extension/node_modules/react-dom/cjs/react-dom.development.js:24917:7)
    at commitPassiveMountEffects (/Users/ravindradave/Documents/Github/focus-flow-extension/node_modules/react-dom/cjs/react-dom.development.js:24905:3)
    at flushPassiveEffectsImpl (/Users/ravindradave/Documents/Github/focus-flow-extension/node_modules/react-dom/cjs/react-dom.development.js:27078:3)
    at flushPassiveEffects (/Users/ravindradave/Documents/Github/focus-flow-extension/node_modules/react-dom/cjs/react-dom.development.js:27023:14)
    at /Users/ravindradave/Documents/Github/focus-flow-extension/node_modules/react-dom/cjs/react-dom.development.js:26808:9
Error: Uncaught [TypeError: Cannot read properties of undefined (reading 'addListener')]
    at reportException (/Users/ravindradave/Documents/Github/focus-flow-extension/node_modules/jsdom/lib/jsdom/living/helpers/runtime-script-errors.js:66:24)
    at innerInvokeEventListeners (/Users/ravindradave/Documents/Github/focus-flow-extension/node_modules/jsdom/lib/jsdom/living/events/EventTarget-impl.js:353:9)
    at invokeEventListeners (/Users/ravindradave/Documents/Github/focus-flow-extension/node_modules/jsdom/lib/jsdom/living/events/EventTarget-impl.js:286:3)
    at HTMLUnknownElementImpl._dispatch (/Users/ravindradave/Documents/Github/focus-flow-extension/node_modules/jsdom/lib/jsdom/living/events/EventTarget-impl.js:233:9)
    at HTMLUnknownElementImpl.dispatchEvent (/Users/ravindradave/Documents/Github/focus-flow-extension/node_modules/jsdom/lib/jsdom/living/events/EventTarget-impl.js:104:17)
    at HTMLUnknownElement.dispatchEvent (/Users/ravindradave/Documents/Github/focus-flow-extension/node_modules/jsdom/lib/jsdom/living/generated/EventTarget.js:241:34)
    at Object.invokeGuardedCallbackDev (/Users/ravindradave/Documents/Github/focus-flow-extension/node_modules/react-dom/cjs/react-dom.development.js:4213:16)
    at invokeGuardedCallback (/Users/ravindradave/Documents/Github/focus-flow-extension/node_modules/react-dom/cjs/react-dom.development.js:4277:31)
    at reportUncaughtErrorInDEV (/Users/ravindradave/Documents/Github/focus-flow-extension/node_modules/react-dom/cjs/react-dom.development.js:22877:5)
    at captureCommitPhaseError (/Users/ravindradave/Documents/Github/focus-flow-extension/node_modules/react-dom/cjs/react-dom.development.js:27165:5) TypeError: Cannot read properties of undefined (reading 'addListener')
    at /Users/ravindradave/Documents/Github/focus-flow-extension/src/hooks/useTheme.ts:113:30
    at commitHookEffectListMount (/Users/ravindradave/Documents/Github/focus-flow-extension/node_modules/react-dom/cjs/react-dom.development.js:23189:26)
    at commitPassiveMountOnFiber (/Users/ravindradave/Documents/Github/focus-flow-extension/node_modules/react-dom/cjs/react-dom.development.js:24970:11)
    at commitPassiveMountEffects_complete (/Users/ravindradave/Documents/Github/focus-flow-extension/node_modules/react-dom/cjs/react-dom.development.js:24930:9)
    at commitPassiveMountEffects_begin (/Users/ravindradave/Documents/Github/focus-flow-extension/node_modules/react-dom/cjs/react-dom.development.js:24917:7)
    at commitPassiveMountEffects (/Users/ravindradave/Documents/Github/focus-flow-extension/node_modules/react-dom/cjs/react-dom.development.js:24905:3)
    at flushPassiveEffectsImpl (/Users/ravindradave/Documents/Github/focus-flow-extension/node_modules/react-dom/cjs/react-dom.development.js:27078:3)
    at flushPassiveEffects (/Users/ravindradave/Documents/Github/focus-flow-extension/node_modules/react-dom/cjs/react-dom.development.js:27023:14)
    at /Users/ravindradave/Documents/Github/focus-flow-extension/node_modules/react-dom/cjs/react-dom.development.js:26808:9
    at flushActQueue (/Users/ravindradave/Documents/Github/focus-flow-extension/node_modules/react/cjs/react.development.js:2667:24)
The above error occurred in the <App> component:

    at App (/Users/ravindradave/Documents/Github/focus-flow-extension/src/options/App.tsx:14:59)

Consider adding an error boundary to your tree to customize error handling behavior.
Visit https://reactjs.org/link/error-boundaries to learn more about error boundaries.

stderr | tests/unit/options/Dashboard.test.tsx > Dashboard Component > Quick Toggles Section > should render strict blocking toggle
Failed to fetch analytics: TypeError: Cannot read properties of undefined (reading 'sendMessage')
    at /Users/ravindradave/Documents/Github/focus-flow-extension/src/hooks/useAnalytics.ts:50:24
    at /Users/ravindradave/Documents/Github/focus-flow-extension/src/hooks/useAnalytics.ts:85:5
    at commitHookEffectListMount (/Users/ravindradave/Documents/Github/focus-flow-extension/node_modules/react-dom/cjs/react-dom.development.js:23189:26)
    at commitPassiveMountOnFiber (/Users/ravindradave/Documents/Github/focus-flow-extension/node_modules/react-dom/cjs/react-dom.development.js:24970:11)
    at commitPassiveMountEffects_complete (/Users/ravindradave/Documents/Github/focus-flow-extension/node_modules/react-dom/cjs/react-dom.development.js:24930:9)
    at commitPassiveMountEffects_begin (/Users/ravindradave/Documents/Github/focus-flow-extension/node_modules/react-dom/cjs/react-dom.development.js:24917:7)
    at commitPassiveMountEffects (/Users/ravindradave/Documents/Github/focus-flow-extension/node_modules/react-dom/cjs/react-dom.development.js:24905:3)
    at flushPassiveEffectsImpl (/Users/ravindradave/Documents/Github/focus-flow-extension/node_modules/react-dom/cjs/react-dom.development.js:27078:3)
    at flushPassiveEffects (/Users/ravindradave/Documents/Github/focus-flow-extension/node_modules/react-dom/cjs/react-dom.development.js:27023:14)
    at /Users/ravindradave/Documents/Github/focus-flow-extension/node_modules/react-dom/cjs/react-dom.development.js:26808:9
Failed to fetch chart data: TypeError: Cannot read properties of undefined (reading 'sendMessage')
    at fetchChartData (/Users/ravindradave/Documents/Github/focus-flow-extension/src/options/components/AnalyticsDashboard.tsx:57:26)
    at /Users/ravindradave/Documents/Github/focus-flow-extension/src/options/components/AnalyticsDashboard.tsx:92:5
    at commitHookEffectListMount (/Users/ravindradave/Documents/Github/focus-flow-extension/node_modules/react-dom/cjs/react-dom.development.js:23189:26)
    at commitPassiveMountOnFiber (/Users/ravindradave/Documents/Github/focus-flow-extension/node_modules/react-dom/cjs/react-dom.development.js:24970:11)
    at commitPassiveMountEffects_complete (/Users/ravindradave/Documents/Github/focus-flow-extension/node_modules/react-dom/cjs/react-dom.development.js:24930:9)
    at commitPassiveMountEffects_begin (/Users/ravindradave/Documents/Github/focus-flow-extension/node_modules/react-dom/cjs/react-dom.development.js:24917:7)
    at commitPassiveMountEffects (/Users/ravindradave/Documents/Github/focus-flow-extension/node_modules/react-dom/cjs/react-dom.development.js:24905:3)
    at flushPassiveEffectsImpl (/Users/ravindradave/Documents/Github/focus-flow-extension/node_modules/react-dom/cjs/react-dom.development.js:27078:3)
    at flushPassiveEffects (/Users/ravindradave/Documents/Github/focus-flow-extension/node_modules/react-dom/cjs/react-dom.development.js:27023:14)
    at /Users/ravindradave/Documents/Github/focus-flow-extension/node_modules/react-dom/cjs/react-dom.development.js:26808:9
Error: Uncaught [TypeError: Cannot read properties of undefined (reading 'addListener')]
    at reportException (/Users/ravindradave/Documents/Github/focus-flow-extension/node_modules/jsdom/lib/jsdom/living/helpers/runtime-script-errors.js:66:24)
    at innerInvokeEventListeners (/Users/ravindradave/Documents/Github/focus-flow-extension/node_modules/jsdom/lib/jsdom/living/events/EventTarget-impl.js:353:9)
    at invokeEventListeners (/Users/ravindradave/Documents/Github/focus-flow-extension/node_modules/jsdom/lib/jsdom/living/events/EventTarget-impl.js:286:3)
    at HTMLUnknownElementImpl._dispatch (/Users/ravindradave/Documents/Github/focus-flow-extension/node_modules/jsdom/lib/jsdom/living/events/EventTarget-impl.js:233:9)
    at HTMLUnknownElementImpl.dispatchEvent (/Users/ravindradave/Documents/Github/focus-flow-extension/node_modules/jsdom/lib/jsdom/living/events/EventTarget-impl.js:104:17)
    at HTMLUnknownElement.dispatchEvent (/Users/ravindradave/Documents/Github/focus-flow-extension/node_modules/jsdom/lib/jsdom/living/generated/EventTarget.js:241:34)
    at Object.invokeGuardedCallbackDev (/Users/ravindradave/Documents/Github/focus-flow-extension/node_modules/react-dom/cjs/react-dom.development.js:4213:16)
    at invokeGuardedCallback (/Users/ravindradave/Documents/Github/focus-flow-extension/node_modules/react-dom/cjs/react-dom.development.js:4277:31)
    at reportUncaughtErrorInDEV (/Users/ravindradave/Documents/Github/focus-flow-extension/node_modules/react-dom/cjs/react-dom.development.js:22877:5)
    at captureCommitPhaseError (/Users/ravindradave/Documents/Github/focus-flow-extension/node_modules/react-dom/cjs/react-dom.development.js:27165:5) TypeError: Cannot read properties of undefined (reading 'addListener')
    at /Users/ravindradave/Documents/Github/focus-flow-extension/src/hooks/useTheme.ts:113:30
    at commitHookEffectListMount (/Users/ravindradave/Documents/Github/focus-flow-extension/node_modules/react-dom/cjs/react-dom.development.js:23189:26)
    at commitPassiveMountOnFiber (/Users/ravindradave/Documents/Github/focus-flow-extension/node_modules/react-dom/cjs/react-dom.development.js:24970:11)
    at commitPassiveMountEffects_complete (/Users/ravindradave/Documents/Github/focus-flow-extension/node_modules/react-dom/cjs/react-dom.development.js:24930:9)
    at commitPassiveMountEffects_begin (/Users/ravindradave/Documents/Github/focus-flow-extension/node_modules/react-dom/cjs/react-dom.development.js:24917:7)
    at commitPassiveMountEffects (/Users/ravindradave/Documents/Github/focus-flow-extension/node_modules/react-dom/cjs/react-dom.development.js:24905:3)
    at flushPassiveEffectsImpl (/Users/ravindradave/Documents/Github/focus-flow-extension/node_modules/react-dom/cjs/react-dom.development.js:27078:3)
    at flushPassiveEffects (/Users/ravindradave/Documents/Github/focus-flow-extension/node_modules/react-dom/cjs/react-dom.development.js:27023:14)
    at /Users/ravindradave/Documents/Github/focus-flow-extension/node_modules/react-dom/cjs/react-dom.development.js:26808:9
    at flushActQueue (/Users/ravindradave/Documents/Github/focus-flow-extension/node_modules/react/cjs/react.development.js:2667:24)
The above error occurred in the <App> component:

    at App (/Users/ravindradave/Documents/Github/focus-flow-extension/src/options/App.tsx:14:59)

Consider adding an error boundary to your tree to customize error handling behavior.
Visit https://reactjs.org/link/error-boundaries to learn more about error boundaries.

stderr | tests/unit/options/Dashboard.test.tsx > Dashboard Component > Toggle State Management > should load nuclear mode state from storage on mount
Failed to fetch analytics: TypeError: Cannot read properties of undefined (reading 'sendMessage')
    at /Users/ravindradave/Documents/Github/focus-flow-extension/src/hooks/useAnalytics.ts:50:24
    at /Users/ravindradave/Documents/Github/focus-flow-extension/src/hooks/useAnalytics.ts:85:5
    at commitHookEffectListMount (/Users/ravindradave/Documents/Github/focus-flow-extension/node_modules/react-dom/cjs/react-dom.development.js:23189:26)
    at commitPassiveMountOnFiber (/Users/ravindradave/Documents/Github/focus-flow-extension/node_modules/react-dom/cjs/react-dom.development.js:24970:11)
    at commitPassiveMountEffects_complete (/Users/ravindradave/Documents/Github/focus-flow-extension/node_modules/react-dom/cjs/react-dom.development.js:24930:9)
    at commitPassiveMountEffects_begin (/Users/ravindradave/Documents/Github/focus-flow-extension/node_modules/react-dom/cjs/react-dom.development.js:24917:7)
    at commitPassiveMountEffects (/Users/ravindradave/Documents/Github/focus-flow-extension/node_modules/react-dom/cjs/react-dom.development.js:24905:3)
    at flushPassiveEffectsImpl (/Users/ravindradave/Documents/Github/focus-flow-extension/node_modules/react-dom/cjs/react-dom.development.js:27078:3)
    at flushPassiveEffects (/Users/ravindradave/Documents/Github/focus-flow-extension/node_modules/react-dom/cjs/react-dom.development.js:27023:14)
    at /Users/ravindradave/Documents/Github/focus-flow-extension/node_modules/react-dom/cjs/react-dom.development.js:26808:9
Failed to fetch chart data: TypeError: Cannot read properties of undefined (reading 'sendMessage')
    at fetchChartData (/Users/ravindradave/Documents/Github/focus-flow-extension/src/options/components/AnalyticsDashboard.tsx:57:26)
    at /Users/ravindradave/Documents/Github/focus-flow-extension/src/options/components/AnalyticsDashboard.tsx:92:5
    at commitHookEffectListMount (/Users/ravindradave/Documents/Github/focus-flow-extension/node_modules/react-dom/cjs/react-dom.development.js:23189:26)
    at commitPassiveMountOnFiber (/Users/ravindradave/Documents/Github/focus-flow-extension/node_modules/react-dom/cjs/react-dom.development.js:24970:11)
    at commitPassiveMountEffects_complete (/Users/ravindradave/Documents/Github/focus-flow-extension/node_modules/react-dom/cjs/react-dom.development.js:24930:9)
    at commitPassiveMountEffects_begin (/Users/ravindradave/Documents/Github/focus-flow-extension/node_modules/react-dom/cjs/react-dom.development.js:24917:7)
    at commitPassiveMountEffects (/Users/ravindradave/Documents/Github/focus-flow-extension/node_modules/react-dom/cjs/react-dom.development.js:24905:3)
    at flushPassiveEffectsImpl (/Users/ravindradave/Documents/Github/focus-flow-extension/node_modules/react-dom/cjs/react-dom.development.js:27078:3)
    at flushPassiveEffects (/Users/ravindradave/Documents/Github/focus-flow-extension/node_modules/react-dom/cjs/react-dom.development.js:27023:14)
    at /Users/ravindradave/Documents/Github/focus-flow-extension/node_modules/react-dom/cjs/react-dom.development.js:26808:9
Error: Uncaught [TypeError: Cannot read properties of undefined (reading 'addListener')]
    at reportException (/Users/ravindradave/Documents/Github/focus-flow-extension/node_modules/jsdom/lib/jsdom/living/helpers/runtime-script-errors.js:66:24)
    at innerInvokeEventListeners (/Users/ravindradave/Documents/Github/focus-flow-extension/node_modules/jsdom/lib/jsdom/living/events/EventTarget-impl.js:353:9)
    at invokeEventListeners (/Users/ravindradave/Documents/Github/focus-flow-extension/node_modules/jsdom/lib/jsdom/living/events/EventTarget-impl.js:286:3)
    at HTMLUnknownElementImpl._dispatch (/Users/ravindradave/Documents/Github/focus-flow-extension/node_modules/jsdom/lib/jsdom/living/events/EventTarget-impl.js:233:9)
    at HTMLUnknownElementImpl.dispatchEvent (/Users/ravindradave/Documents/Github/focus-flow-extension/node_modules/jsdom/lib/jsdom/living/events/EventTarget-impl.js:104:17)
    at HTMLUnknownElement.dispatchEvent (/Users/ravindradave/Documents/Github/focus-flow-extension/node_modules/jsdom/lib/jsdom/living/generated/EventTarget.js:241:34)
    at Object.invokeGuardedCallbackDev (/Users/ravindradave/Documents/Github/focus-flow-extension/node_modules/react-dom/cjs/react-dom.development.js:4213:16)
    at invokeGuardedCallback (/Users/ravindradave/Documents/Github/focus-flow-extension/node_modules/react-dom/cjs/react-dom.development.js:4277:31)
    at reportUncaughtErrorInDEV (/Users/ravindradave/Documents/Github/focus-flow-extension/node_modules/react-dom/cjs/react-dom.development.js:22877:5)
    at captureCommitPhaseError (/Users/ravindradave/Documents/Github/focus-flow-extension/node_modules/react-dom/cjs/react-dom.development.js:27165:5) TypeError: Cannot read properties of undefined (reading 'addListener')
    at /Users/ravindradave/Documents/Github/focus-flow-extension/src/hooks/useTheme.ts:113:30
    at commitHookEffectListMount (/Users/ravindradave/Documents/Github/focus-flow-extension/node_modules/react-dom/cjs/react-dom.development.js:23189:26)
    at commitPassiveMountOnFiber (/Users/ravindradave/Documents/Github/focus-flow-extension/node_modules/react-dom/cjs/react-dom.development.js:24970:11)
    at commitPassiveMountEffects_complete (/Users/ravindradave/Documents/Github/focus-flow-extension/node_modules/react-dom/cjs/react-dom.development.js:24930:9)
    at commitPassiveMountEffects_begin (/Users/ravindradave/Documents/Github/focus-flow-extension/node_modules/react-dom/cjs/react-dom.development.js:24917:7)
    at commitPassiveMountEffects (/Users/ravindradave/Documents/Github/focus-flow-extension/node_modules/react-dom/cjs/react-dom.development.js:24905:3)
    at flushPassiveEffectsImpl (/Users/ravindradave/Documents/Github/focus-flow-extension/node_modules/react-dom/cjs/react-dom.development.js:27078:3)
    at flushPassiveEffects (/Users/ravindradave/Documents/Github/focus-flow-extension/node_modules/react-dom/cjs/react-dom.development.js:27023:14)
    at /Users/ravindradave/Documents/Github/focus-flow-extension/node_modules/react-dom/cjs/react-dom.development.js:26808:9
    at flushActQueue (/Users/ravindradave/Documents/Github/focus-flow-extension/node_modules/react/cjs/react.development.js:2667:24)
The above error occurred in the <App> component:

    at App (/Users/ravindradave/Documents/Github/focus-flow-extension/src/options/App.tsx:14:59)

Consider adding an error boundary to your tree to customize error handling behavior.
Visit https://reactjs.org/link/error-boundaries to learn more about error boundaries.

stderr | tests/unit/options/Dashboard.test.tsx > Dashboard Component > Toggle State Management > should load strict blocking state from storage on mount
Failed to fetch analytics: TypeError: Cannot read properties of undefined (reading 'sendMessage')
    at /Users/ravindradave/Documents/Github/focus-flow-extension/src/hooks/useAnalytics.ts:50:24
    at /Users/ravindradave/Documents/Github/focus-flow-extension/src/hooks/useAnalytics.ts:85:5
    at commitHookEffectListMount (/Users/ravindradave/Documents/Github/focus-flow-extension/node_modules/react-dom/cjs/react-dom.development.js:23189:26)
    at commitPassiveMountOnFiber (/Users/ravindradave/Documents/Github/focus-flow-extension/node_modules/react-dom/cjs/react-dom.development.js:24970:11)
    at commitPassiveMountEffects_complete (/Users/ravindradave/Documents/Github/focus-flow-extension/node_modules/react-dom/cjs/react-dom.development.js:24930:9)
    at commitPassiveMountEffects_begin (/Users/ravindradave/Documents/Github/focus-flow-extension/node_modules/react-dom/cjs/react-dom.development.js:24917:7)
    at commitPassiveMountEffects (/Users/ravindradave/Documents/Github/focus-flow-extension/node_modules/react-dom/cjs/react-dom.development.js:24905:3)
    at flushPassiveEffectsImpl (/Users/ravindradave/Documents/Github/focus-flow-extension/node_modules/react-dom/cjs/react-dom.development.js:27078:3)
    at flushPassiveEffects (/Users/ravindradave/Documents/Github/focus-flow-extension/node_modules/react-dom/cjs/react-dom.development.js:27023:14)
    at /Users/ravindradave/Documents/Github/focus-flow-extension/node_modules/react-dom/cjs/react-dom.development.js:26808:9
Failed to fetch chart data: TypeError: Cannot read properties of undefined (reading 'sendMessage')
    at fetchChartData (/Users/ravindradave/Documents/Github/focus-flow-extension/src/options/components/AnalyticsDashboard.tsx:57:26)
    at /Users/ravindradave/Documents/Github/focus-flow-extension/src/options/components/AnalyticsDashboard.tsx:92:5
    at commitHookEffectListMount (/Users/ravindradave/Documents/Github/focus-flow-extension/node_modules/react-dom/cjs/react-dom.development.js:23189:26)
    at commitPassiveMountOnFiber (/Users/ravindradave/Documents/Github/focus-flow-extension/node_modules/react-dom/cjs/react-dom.development.js:24970:11)
    at commitPassiveMountEffects_complete (/Users/ravindradave/Documents/Github/focus-flow-extension/node_modules/react-dom/cjs/react-dom.development.js:24930:9)
    at commitPassiveMountEffects_begin (/Users/ravindradave/Documents/Github/focus-flow-extension/node_modules/react-dom/cjs/react-dom.development.js:24917:7)
    at commitPassiveMountEffects (/Users/ravindradave/Documents/Github/focus-flow-extension/node_modules/react-dom/cjs/react-dom.development.js:24905:3)
    at flushPassiveEffectsImpl (/Users/ravindradave/Documents/Github/focus-flow-extension/node_modules/react-dom/cjs/react-dom.development.js:27078:3)
    at flushPassiveEffects (/Users/ravindradave/Documents/Github/focus-flow-extension/node_modules/react-dom/cjs/react-dom.development.js:27023:14)
    at /Users/ravindradave/Documents/Github/focus-flow-extension/node_modules/react-dom/cjs/react-dom.development.js:26808:9
Error: Uncaught [TypeError: Cannot read properties of undefined (reading 'addListener')]
    at reportException (/Users/ravindradave/Documents/Github/focus-flow-extension/node_modules/jsdom/lib/jsdom/living/helpers/runtime-script-errors.js:66:24)
    at innerInvokeEventListeners (/Users/ravindradave/Documents/Github/focus-flow-extension/node_modules/jsdom/lib/jsdom/living/events/EventTarget-impl.js:353:9)
    at invokeEventListeners (/Users/ravindradave/Documents/Github/focus-flow-extension/node_modules/jsdom/lib/jsdom/living/events/EventTarget-impl.js:286:3)
    at HTMLUnknownElementImpl._dispatch (/Users/ravindradave/Documents/Github/focus-flow-extension/node_modules/jsdom/lib/jsdom/living/events/EventTarget-impl.js:233:9)
    at HTMLUnknownElementImpl.dispatchEvent (/Users/ravindradave/Documents/Github/focus-flow-extension/node_modules/jsdom/lib/jsdom/living/events/EventTarget-impl.js:104:17)
    at HTMLUnknownElement.dispatchEvent (/Users/ravindradave/Documents/Github/focus-flow-extension/node_modules/jsdom/lib/jsdom/living/generated/EventTarget.js:241:34)
    at Object.invokeGuardedCallbackDev (/Users/ravindradave/Documents/Github/focus-flow-extension/node_modules/react-dom/cjs/react-dom.development.js:4213:16)
    at invokeGuardedCallback (/Users/ravindradave/Documents/Github/focus-flow-extension/node_modules/react-dom/cjs/react-dom.development.js:4277:31)
    at reportUncaughtErrorInDEV (/Users/ravindradave/Documents/Github/focus-flow-extension/node_modules/react-dom/cjs/react-dom.development.js:22877:5)
    at captureCommitPhaseError (/Users/ravindradave/Documents/Github/focus-flow-extension/node_modules/react-dom/cjs/react-dom.development.js:27165:5) TypeError: Cannot read properties of undefined (reading 'addListener')
    at /Users/ravindradave/Documents/Github/focus-flow-extension/src/hooks/useTheme.ts:113:30
    at commitHookEffectListMount (/Users/ravindradave/Documents/Github/focus-flow-extension/node_modules/react-dom/cjs/react-dom.development.js:23189:26)
    at commitPassiveMountOnFiber (/Users/ravindradave/Documents/Github/focus-flow-extension/node_modules/react-dom/cjs/react-dom.development.js:24970:11)
    at commitPassiveMountEffects_complete (/Users/ravindradave/Documents/Github/focus-flow-extension/node_modules/react-dom/cjs/react-dom.development.js:24930:9)
    at commitPassiveMountEffects_begin (/Users/ravindradave/Documents/Github/focus-flow-extension/node_modules/react-dom/cjs/react-dom.development.js:24917:7)
    at commitPassiveMountEffects (/Users/ravindradave/Documents/Github/focus-flow-extension/node_modules/react-dom/cjs/react-dom.development.js:24905:3)
    at flushPassiveEffectsImpl (/Users/ravindradave/Documents/Github/focus-flow-extension/node_modules/react-dom/cjs/react-dom.development.js:27078:3)
    at flushPassiveEffects (/Users/ravindradave/Documents/Github/focus-flow-extension/node_modules/react-dom/cjs/react-dom.development.js:27023:14)
    at /Users/ravindradave/Documents/Github/focus-flow-extension/node_modules/react-dom/cjs/react-dom.development.js:26808:9
    at flushActQueue (/Users/ravindradave/Documents/Github/focus-flow-extension/node_modules/react/cjs/react.development.js:2667:24)
The above error occurred in the <App> component:

    at App (/Users/ravindradave/Documents/Github/focus-flow-extension/src/options/App.tsx:14:59)

Consider adding an error boundary to your tree to customize error handling behavior.
Visit https://reactjs.org/link/error-boundaries to learn more about error boundaries.

stderr | tests/unit/options/Dashboard.test.tsx > Dashboard Component > Toggle State Management > should default to false when no stored value exists
Failed to fetch analytics: TypeError: Cannot read properties of undefined (reading 'sendMessage')
    at /Users/ravindradave/Documents/Github/focus-flow-extension/src/hooks/useAnalytics.ts:50:24
    at /Users/ravindradave/Documents/Github/focus-flow-extension/src/hooks/useAnalytics.ts:85:5
    at commitHookEffectListMount (/Users/ravindradave/Documents/Github/focus-flow-extension/node_modules/react-dom/cjs/react-dom.development.js:23189:26)
    at commitPassiveMountOnFiber (/Users/ravindradave/Documents/Github/focus-flow-extension/node_modules/react-dom/cjs/react-dom.development.js:24970:11)
    at commitPassiveMountEffects_complete (/Users/ravindradave/Documents/Github/focus-flow-extension/node_modules/react-dom/cjs/react-dom.development.js:24930:9)
    at commitPassiveMountEffects_begin (/Users/ravindradave/Documents/Github/focus-flow-extension/node_modules/react-dom/cjs/react-dom.development.js:24917:7)
    at commitPassiveMountEffects (/Users/ravindradave/Documents/Github/focus-flow-extension/node_modules/react-dom/cjs/react-dom.development.js:24905:3)
    at flushPassiveEffectsImpl (/Users/ravindradave/Documents/Github/focus-flow-extension/node_modules/react-dom/cjs/react-dom.development.js:27078:3)
    at flushPassiveEffects (/Users/ravindradave/Documents/Github/focus-flow-extension/node_modules/react-dom/cjs/react-dom.development.js:27023:14)
    at /Users/ravindradave/Documents/Github/focus-flow-extension/node_modules/react-dom/cjs/react-dom.development.js:26808:9
Failed to fetch chart data: TypeError: Cannot read properties of undefined (reading 'sendMessage')
    at fetchChartData (/Users/ravindradave/Documents/Github/focus-flow-extension/src/options/components/AnalyticsDashboard.tsx:57:26)
    at /Users/ravindradave/Documents/Github/focus-flow-extension/src/options/components/AnalyticsDashboard.tsx:92:5
    at commitHookEffectListMount (/Users/ravindradave/Documents/Github/focus-flow-extension/node_modules/react-dom/cjs/react-dom.development.js:23189:26)
    at commitPassiveMountOnFiber (/Users/ravindradave/Documents/Github/focus-flow-extension/node_modules/react-dom/cjs/react-dom.development.js:24970:11)
    at commitPassiveMountEffects_complete (/Users/ravindradave/Documents/Github/focus-flow-extension/node_modules/react-dom/cjs/react-dom.development.js:24930:9)
    at commitPassiveMountEffects_begin (/Users/ravindradave/Documents/Github/focus-flow-extension/node_modules/react-dom/cjs/react-dom.development.js:24917:7)
    at commitPassiveMountEffects (/Users/ravindradave/Documents/Github/focus-flow-extension/node_modules/react-dom/cjs/react-dom.development.js:24905:3)
    at flushPassiveEffectsImpl (/Users/ravindradave/Documents/Github/focus-flow-extension/node_modules/react-dom/cjs/react-dom.development.js:27078:3)
    at flushPassiveEffects (/Users/ravindradave/Documents/Github/focus-flow-extension/node_modules/react-dom/cjs/react-dom.development.js:27023:14)
    at /Users/ravindradave/Documents/Github/focus-flow-extension/node_modules/react-dom/cjs/react-dom.development.js:26808:9
Error: Uncaught [TypeError: Cannot read properties of undefined (reading 'addListener')]
    at reportException (/Users/ravindradave/Documents/Github/focus-flow-extension/node_modules/jsdom/lib/jsdom/living/helpers/runtime-script-errors.js:66:24)
    at innerInvokeEventListeners (/Users/ravindradave/Documents/Github/focus-flow-extension/node_modules/jsdom/lib/jsdom/living/events/EventTarget-impl.js:353:9)
    at invokeEventListeners (/Users/ravindradave/Documents/Github/focus-flow-extension/node_modules/jsdom/lib/jsdom/living/events/EventTarget-impl.js:286:3)
    at HTMLUnknownElementImpl._dispatch (/Users/ravindradave/Documents/Github/focus-flow-extension/node_modules/jsdom/lib/jsdom/living/events/EventTarget-impl.js:233:9)
    at HTMLUnknownElementImpl.dispatchEvent (/Users/ravindradave/Documents/Github/focus-flow-extension/node_modules/jsdom/lib/jsdom/living/events/EventTarget-impl.js:104:17)
    at HTMLUnknownElement.dispatchEvent (/Users/ravindradave/Documents/Github/focus-flow-extension/node_modules/jsdom/lib/jsdom/living/generated/EventTarget.js:241:34)
    at Object.invokeGuardedCallbackDev (/Users/ravindradave/Documents/Github/focus-flow-extension/node_modules/react-dom/cjs/react-dom.development.js:4213:16)
    at invokeGuardedCallback (/Users/ravindradave/Documents/Github/focus-flow-extension/node_modules/react-dom/cjs/react-dom.development.js:4277:31)
    at reportUncaughtErrorInDEV (/Users/ravindradave/Documents/Github/focus-flow-extension/node_modules/react-dom/cjs/react-dom.development.js:22877:5)
    at captureCommitPhaseError (/Users/ravindradave/Documents/Github/focus-flow-extension/node_modules/react-dom/cjs/react-dom.development.js:27165:5) TypeError: Cannot read properties of undefined (reading 'addListener')
    at /Users/ravindradave/Documents/Github/focus-flow-extension/src/hooks/useTheme.ts:113:30
    at commitHookEffectListMount (/Users/ravindradave/Documents/Github/focus-flow-extension/node_modules/react-dom/cjs/react-dom.development.js:23189:26)
    at commitPassiveMountOnFiber (/Users/ravindradave/Documents/Github/focus-flow-extension/node_modules/react-dom/cjs/react-dom.development.js:24970:11)
    at commitPassiveMountEffects_complete (/Users/ravindradave/Documents/Github/focus-flow-extension/node_modules/react-dom/cjs/react-dom.development.js:24930:9)
    at commitPassiveMountEffects_begin (/Users/ravindradave/Documents/Github/focus-flow-extension/node_modules/react-dom/cjs/react-dom.development.js:24917:7)
    at commitPassiveMountEffects (/Users/ravindradave/Documents/Github/focus-flow-extension/node_modules/react-dom/cjs/react-dom.development.js:24905:3)
    at flushPassiveEffectsImpl (/Users/ravindradave/Documents/Github/focus-flow-extension/node_modules/react-dom/cjs/react-dom.development.js:27078:3)
    at flushPassiveEffects (/Users/ravindradave/Documents/Github/focus-flow-extension/node_modules/react-dom/cjs/react-dom.development.js:27023:14)
    at /Users/ravindradave/Documents/Github/focus-flow-extension/node_modules/react-dom/cjs/react-dom.development.js:26808:9
    at flushActQueue (/Users/ravindradave/Documents/Github/focus-flow-extension/node_modules/react/cjs/react.development.js:2667:24)
The above error occurred in the <App> component:

    at App (/Users/ravindradave/Documents/Github/focus-flow-extension/src/options/App.tsx:14:59)

Consider adding an error boundary to your tree to customize error handling behavior.
Visit https://reactjs.org/link/error-boundaries to learn more about error boundaries.

stderr | tests/unit/options/Dashboard.test.tsx > Dashboard Component > Toggle Interactions > should toggle nuclear mode on click
Failed to fetch analytics: TypeError: Cannot read properties of undefined (reading 'sendMessage')
    at /Users/ravindradave/Documents/Github/focus-flow-extension/src/hooks/useAnalytics.ts:50:24
    at /Users/ravindradave/Documents/Github/focus-flow-extension/src/hooks/useAnalytics.ts:85:5
    at commitHookEffectListMount (/Users/ravindradave/Documents/Github/focus-flow-extension/node_modules/react-dom/cjs/react-dom.development.js:23189:26)
    at commitPassiveMountOnFiber (/Users/ravindradave/Documents/Github/focus-flow-extension/node_modules/react-dom/cjs/react-dom.development.js:24970:11)
    at commitPassiveMountEffects_complete (/Users/ravindradave/Documents/Github/focus-flow-extension/node_modules/react-dom/cjs/react-dom.development.js:24930:9)
    at commitPassiveMountEffects_begin (/Users/ravindradave/Documents/Github/focus-flow-extension/node_modules/react-dom/cjs/react-dom.development.js:24917:7)
    at commitPassiveMountEffects (/Users/ravindradave/Documents/Github/focus-flow-extension/node_modules/react-dom/cjs/react-dom.development.js:24905:3)
    at flushPassiveEffectsImpl (/Users/ravindradave/Documents/Github/focus-flow-extension/node_modules/react-dom/cjs/react-dom.development.js:27078:3)
    at flushPassiveEffects (/Users/ravindradave/Documents/Github/focus-flow-extension/node_modules/react-dom/cjs/react-dom.development.js:27023:14)
    at /Users/ravindradave/Documents/Github/focus-flow-extension/node_modules/react-dom/cjs/react-dom.development.js:26808:9
Failed to fetch chart data: TypeError: Cannot read properties of undefined (reading 'sendMessage')
    at fetchChartData (/Users/ravindradave/Documents/Github/focus-flow-extension/src/options/components/AnalyticsDashboard.tsx:57:26)
    at /Users/ravindradave/Documents/Github/focus-flow-extension/src/options/components/AnalyticsDashboard.tsx:92:5
    at commitHookEffectListMount (/Users/ravindradave/Documents/Github/focus-flow-extension/node_modules/react-dom/cjs/react-dom.development.js:23189:26)
    at commitPassiveMountOnFiber (/Users/ravindradave/Documents/Github/focus-flow-extension/node_modules/react-dom/cjs/react-dom.development.js:24970:11)
    at commitPassiveMountEffects_complete (/Users/ravindradave/Documents/Github/focus-flow-extension/node_modules/react-dom/cjs/react-dom.development.js:24930:9)
    at commitPassiveMountEffects_begin (/Users/ravindradave/Documents/Github/focus-flow-extension/node_modules/react-dom/cjs/react-dom.development.js:24917:7)
    at commitPassiveMountEffects (/Users/ravindradave/Documents/Github/focus-flow-extension/node_modules/react-dom/cjs/react-dom.development.js:24905:3)
    at flushPassiveEffectsImpl (/Users/ravindradave/Documents/Github/focus-flow-extension/node_modules/react-dom/cjs/react-dom.development.js:27078:3)
    at flushPassiveEffects (/Users/ravindradave/Documents/Github/focus-flow-extension/node_modules/react-dom/cjs/react-dom.development.js:27023:14)
    at /Users/ravindradave/Documents/Github/focus-flow-extension/node_modules/react-dom/cjs/react-dom.development.js:26808:9
Error: Uncaught [TypeError: Cannot read properties of undefined (reading 'addListener')]
    at reportException (/Users/ravindradave/Documents/Github/focus-flow-extension/node_modules/jsdom/lib/jsdom/living/helpers/runtime-script-errors.js:66:24)
    at innerInvokeEventListeners (/Users/ravindradave/Documents/Github/focus-flow-extension/node_modules/jsdom/lib/jsdom/living/events/EventTarget-impl.js:353:9)
    at invokeEventListeners (/Users/ravindradave/Documents/Github/focus-flow-extension/node_modules/jsdom/lib/jsdom/living/events/EventTarget-impl.js:286:3)
    at HTMLUnknownElementImpl._dispatch (/Users/ravindradave/Documents/Github/focus-flow-extension/node_modules/jsdom/lib/jsdom/living/events/EventTarget-impl.js:233:9)
    at HTMLUnknownElementImpl.dispatchEvent (/Users/ravindradave/Documents/Github/focus-flow-extension/node_modules/jsdom/lib/jsdom/living/events/EventTarget-impl.js:104:17)
    at HTMLUnknownElement.dispatchEvent (/Users/ravindradave/Documents/Github/focus-flow-extension/node_modules/jsdom/lib/jsdom/living/generated/EventTarget.js:241:34)
    at Object.invokeGuardedCallbackDev (/Users/ravindradave/Documents/Github/focus-flow-extension/node_modules/react-dom/cjs/react-dom.development.js:4213:16)
    at invokeGuardedCallback (/Users/ravindradave/Documents/Github/focus-flow-extension/node_modules/react-dom/cjs/react-dom.development.js:4277:31)
    at reportUncaughtErrorInDEV (/Users/ravindradave/Documents/Github/focus-flow-extension/node_modules/react-dom/cjs/react-dom.development.js:22877:5)
    at captureCommitPhaseError (/Users/ravindradave/Documents/Github/focus-flow-extension/node_modules/react-dom/cjs/react-dom.development.js:27165:5) TypeError: Cannot read properties of undefined (reading 'addListener')
    at /Users/ravindradave/Documents/Github/focus-flow-extension/src/hooks/useTheme.ts:113:30
    at commitHookEffectListMount (/Users/ravindradave/Documents/Github/focus-flow-extension/node_modules/react-dom/cjs/react-dom.development.js:23189:26)
    at commitPassiveMountOnFiber (/Users/ravindradave/Documents/Github/focus-flow-extension/node_modules/react-dom/cjs/react-dom.development.js:24970:11)
    at commitPassiveMountEffects_complete (/Users/ravindradave/Documents/Github/focus-flow-extension/node_modules/react-dom/cjs/react-dom.development.js:24930:9)
    at commitPassiveMountEffects_begin (/Users/ravindradave/Documents/Github/focus-flow-extension/node_modules/react-dom/cjs/react-dom.development.js:24917:7)
    at commitPassiveMountEffects (/Users/ravindradave/Documents/Github/focus-flow-extension/node_modules/react-dom/cjs/react-dom.development.js:24905:3)
    at flushPassiveEffectsImpl (/Users/ravindradave/Documents/Github/focus-flow-extension/node_modules/react-dom/cjs/react-dom.development.js:27078:3)
    at flushPassiveEffects (/Users/ravindradave/Documents/Github/focus-flow-extension/node_modules/react-dom/cjs/react-dom.development.js:27023:14)
    at /Users/ravindradave/Documents/Github/focus-flow-extension/node_modules/react-dom/cjs/react-dom.development.js:26808:9
    at flushActQueue (/Users/ravindradave/Documents/Github/focus-flow-extension/node_modules/react/cjs/react.development.js:2667:24)
The above error occurred in the <App> component:

    at App (/Users/ravindradave/Documents/Github/focus-flow-extension/src/options/App.tsx:14:59)

Consider adding an error boundary to your tree to customize error handling behavior.
Visit https://reactjs.org/link/error-boundaries to learn more about error boundaries.

stderr | tests/unit/options/Dashboard.test.tsx > Dashboard Component > Toggle Interactions > should toggle strict blocking on click
Failed to fetch analytics: TypeError: Cannot read properties of undefined (reading 'sendMessage')
    at /Users/ravindradave/Documents/Github/focus-flow-extension/src/hooks/useAnalytics.ts:50:24
    at /Users/ravindradave/Documents/Github/focus-flow-extension/src/hooks/useAnalytics.ts:85:5
    at commitHookEffectListMount (/Users/ravindradave/Documents/Github/focus-flow-extension/node_modules/react-dom/cjs/react-dom.development.js:23189:26)
    at commitPassiveMountOnFiber (/Users/ravindradave/Documents/Github/focus-flow-extension/node_modules/react-dom/cjs/react-dom.development.js:24970:11)
    at commitPassiveMountEffects_complete (/Users/ravindradave/Documents/Github/focus-flow-extension/node_modules/react-dom/cjs/react-dom.development.js:24930:9)
    at commitPassiveMountEffects_begin (/Users/ravindradave/Documents/Github/focus-flow-extension/node_modules/react-dom/cjs/react-dom.development.js:24917:7)
    at commitPassiveMountEffects (/Users/ravindradave/Documents/Github/focus-flow-extension/node_modules/react-dom/cjs/react-dom.development.js:24905:3)
    at flushPassiveEffectsImpl (/Users/ravindradave/Documents/Github/focus-flow-extension/node_modules/react-dom/cjs/react-dom.development.js:27078:3)
    at flushPassiveEffects (/Users/ravindradave/Documents/Github/focus-flow-extension/node_modules/react-dom/cjs/react-dom.development.js:27023:14)
    at /Users/ravindradave/Documents/Github/focus-flow-extension/node_modules/react-dom/cjs/react-dom.development.js:26808:9
Failed to fetch chart data: TypeError: Cannot read properties of undefined (reading 'sendMessage')
    at fetchChartData (/Users/ravindradave/Documents/Github/focus-flow-extension/src/options/components/AnalyticsDashboard.tsx:57:26)
    at /Users/ravindradave/Documents/Github/focus-flow-extension/src/options/components/AnalyticsDashboard.tsx:92:5
    at commitHookEffectListMount (/Users/ravindradave/Documents/Github/focus-flow-extension/node_modules/react-dom/cjs/react-dom.development.js:23189:26)
    at commitPassiveMountOnFiber (/Users/ravindradave/Documents/Github/focus-flow-extension/node_modules/react-dom/cjs/react-dom.development.js:24970:11)
    at commitPassiveMountEffects_complete (/Users/ravindradave/Documents/Github/focus-flow-extension/node_modules/react-dom/cjs/react-dom.development.js:24930:9)
    at commitPassiveMountEffects_begin (/Users/ravindradave/Documents/Github/focus-flow-extension/node_modules/react-dom/cjs/react-dom.development.js:24917:7)
    at commitPassiveMountEffects (/Users/ravindradave/Documents/Github/focus-flow-extension/node_modules/react-dom/cjs/react-dom.development.js:24905:3)
    at flushPassiveEffectsImpl (/Users/ravindradave/Documents/Github/focus-flow-extension/node_modules/react-dom/cjs/react-dom.development.js:27078:3)
    at flushPassiveEffects (/Users/ravindradave/Documents/Github/focus-flow-extension/node_modules/react-dom/cjs/react-dom.development.js:27023:14)
    at /Users/ravindradave/Documents/Github/focus-flow-extension/node_modules/react-dom/cjs/react-dom.development.js:26808:9
Error: Uncaught [TypeError: Cannot read properties of undefined (reading 'addListener')]
    at reportException (/Users/ravindradave/Documents/Github/focus-flow-extension/node_modules/jsdom/lib/jsdom/living/helpers/runtime-script-errors.js:66:24)
    at innerInvokeEventListeners (/Users/ravindradave/Documents/Github/focus-flow-extension/node_modules/jsdom/lib/jsdom/living/events/EventTarget-impl.js:353:9)
    at invokeEventListeners (/Users/ravindradave/Documents/Github/focus-flow-extension/node_modules/jsdom/lib/jsdom/living/events/EventTarget-impl.js:286:3)
    at HTMLUnknownElementImpl._dispatch (/Users/ravindradave/Documents/Github/focus-flow-extension/node_modules/jsdom/lib/jsdom/living/events/EventTarget-impl.js:233:9)
    at HTMLUnknownElementImpl.dispatchEvent (/Users/ravindradave/Documents/Github/focus-flow-extension/node_modules/jsdom/lib/jsdom/living/events/EventTarget-impl.js:104:17)
    at HTMLUnknownElement.dispatchEvent (/Users/ravindradave/Documents/Github/focus-flow-extension/node_modules/jsdom/lib/jsdom/living/generated/EventTarget.js:241:34)
    at Object.invokeGuardedCallbackDev (/Users/ravindradave/Documents/Github/focus-flow-extension/node_modules/react-dom/cjs/react-dom.development.js:4213:16)
    at invokeGuardedCallback (/Users/ravindradave/Documents/Github/focus-flow-extension/node_modules/react-dom/cjs/react-dom.development.js:4277:31)
    at reportUncaughtErrorInDEV (/Users/ravindradave/Documents/Github/focus-flow-extension/node_modules/react-dom/cjs/react-dom.development.js:22877:5)
    at captureCommitPhaseError (/Users/ravindradave/Documents/Github/focus-flow-extension/node_modules/react-dom/cjs/react-dom.development.js:27165:5) TypeError: Cannot read properties of undefined (reading 'addListener')
    at /Users/ravindradave/Documents/Github/focus-flow-extension/src/hooks/useTheme.ts:113:30
    at commitHookEffectListMount (/Users/ravindradave/Documents/Github/focus-flow-extension/node_modules/react-dom/cjs/react-dom.development.js:23189:26)
    at commitPassiveMountOnFiber (/Users/ravindradave/Documents/Github/focus-flow-extension/node_modules/react-dom/cjs/react-dom.development.js:24970:11)
    at commitPassiveMountEffects_complete (/Users/ravindradave/Documents/Github/focus-flow-extension/node_modules/react-dom/cjs/react-dom.development.js:24930:9)
    at commitPassiveMountEffects_begin (/Users/ravindradave/Documents/Github/focus-flow-extension/node_modules/react-dom/cjs/react-dom.development.js:24917:7)
    at commitPassiveMountEffects (/Users/ravindradave/Documents/Github/focus-flow-extension/node_modules/react-dom/cjs/react-dom.development.js:24905:3)
    at flushPassiveEffectsImpl (/Users/ravindradave/Documents/Github/focus-flow-extension/node_modules/react-dom/cjs/react-dom.development.js:27078:3)
    at flushPassiveEffects (/Users/ravindradave/Documents/Github/focus-flow-extension/node_modules/react-dom/cjs/react-dom.development.js:27023:14)
    at /Users/ravindradave/Documents/Github/focus-flow-extension/node_modules/react-dom/cjs/react-dom.development.js:26808:9
    at flushActQueue (/Users/ravindradave/Documents/Github/focus-flow-extension/node_modules/react/cjs/react.development.js:2667:24)
The above error occurred in the <App> component:

    at App (/Users/ravindradave/Documents/Github/focus-flow-extension/src/options/App.tsx:14:59)

Consider adding an error boundary to your tree to customize error handling behavior.
Visit https://reactjs.org/link/error-boundaries to learn more about error boundaries.

stderr | tests/unit/options/Dashboard.test.tsx > Dashboard Component > Toggle Interactions > should toggle off when clicked again
Failed to fetch analytics: TypeError: Cannot read properties of undefined (reading 'sendMessage')
    at /Users/ravindradave/Documents/Github/focus-flow-extension/src/hooks/useAnalytics.ts:50:24
    at /Users/ravindradave/Documents/Github/focus-flow-extension/src/hooks/useAnalytics.ts:85:5
    at commitHookEffectListMount (/Users/ravindradave/Documents/Github/focus-flow-extension/node_modules/react-dom/cjs/react-dom.development.js:23189:26)
    at commitPassiveMountOnFiber (/Users/ravindradave/Documents/Github/focus-flow-extension/node_modules/react-dom/cjs/react-dom.development.js:24970:11)
    at commitPassiveMountEffects_complete (/Users/ravindradave/Documents/Github/focus-flow-extension/node_modules/react-dom/cjs/react-dom.development.js:24930:9)
    at commitPassiveMountEffects_begin (/Users/ravindradave/Documents/Github/focus-flow-extension/node_modules/react-dom/cjs/react-dom.development.js:24917:7)
    at commitPassiveMountEffects (/Users/ravindradave/Documents/Github/focus-flow-extension/node_modules/react-dom/cjs/react-dom.development.js:24905:3)
    at flushPassiveEffectsImpl (/Users/ravindradave/Documents/Github/focus-flow-extension/node_modules/react-dom/cjs/react-dom.development.js:27078:3)
    at flushPassiveEffects (/Users/ravindradave/Documents/Github/focus-flow-extension/node_modules/react-dom/cjs/react-dom.development.js:27023:14)
    at /Users/ravindradave/Documents/Github/focus-flow-extension/node_modules/react-dom/cjs/react-dom.development.js:26808:9
Failed to fetch chart data: TypeError: Cannot read properties of undefined (reading 'sendMessage')
    at fetchChartData (/Users/ravindradave/Documents/Github/focus-flow-extension/src/options/components/AnalyticsDashboard.tsx:57:26)
    at /Users/ravindradave/Documents/Github/focus-flow-extension/src/options/components/AnalyticsDashboard.tsx:92:5
    at commitHookEffectListMount (/Users/ravindradave/Documents/Github/focus-flow-extension/node_modules/react-dom/cjs/react-dom.development.js:23189:26)
    at commitPassiveMountOnFiber (/Users/ravindradave/Documents/Github/focus-flow-extension/node_modules/react-dom/cjs/react-dom.development.js:24970:11)
    at commitPassiveMountEffects_complete (/Users/ravindradave/Documents/Github/focus-flow-extension/node_modules/react-dom/cjs/react-dom.development.js:24930:9)
    at commitPassiveMountEffects_begin (/Users/ravindradave/Documents/Github/focus-flow-extension/node_modules/react-dom/cjs/react-dom.development.js:24917:7)
    at commitPassiveMountEffects (/Users/ravindradave/Documents/Github/focus-flow-extension/node_modules/react-dom/cjs/react-dom.development.js:24905:3)
    at flushPassiveEffectsImpl (/Users/ravindradave/Documents/Github/focus-flow-extension/node_modules/react-dom/cjs/react-dom.development.js:27078:3)
    at flushPassiveEffects (/Users/ravindradave/Documents/Github/focus-flow-extension/node_modules/react-dom/cjs/react-dom.development.js:27023:14)
    at /Users/ravindradave/Documents/Github/focus-flow-extension/node_modules/react-dom/cjs/react-dom.development.js:26808:9
Error: Uncaught [TypeError: Cannot read properties of undefined (reading 'addListener')]
    at reportException (/Users/ravindradave/Documents/Github/focus-flow-extension/node_modules/jsdom/lib/jsdom/living/helpers/runtime-script-errors.js:66:24)
    at innerInvokeEventListeners (/Users/ravindradave/Documents/Github/focus-flow-extension/node_modules/jsdom/lib/jsdom/living/events/EventTarget-impl.js:353:9)
    at invokeEventListeners (/Users/ravindradave/Documents/Github/focus-flow-extension/node_modules/jsdom/lib/jsdom/living/events/EventTarget-impl.js:286:3)
    at HTMLUnknownElementImpl._dispatch (/Users/ravindradave/Documents/Github/focus-flow-extension/node_modules/jsdom/lib/jsdom/living/events/EventTarget-impl.js:233:9)
    at HTMLUnknownElementImpl.dispatchEvent (/Users/ravindradave/Documents/Github/focus-flow-extension/node_modules/jsdom/lib/jsdom/living/events/EventTarget-impl.js:104:17)
    at HTMLUnknownElement.dispatchEvent (/Users/ravindradave/Documents/Github/focus-flow-extension/node_modules/jsdom/lib/jsdom/living/generated/EventTarget.js:241:34)
    at Object.invokeGuardedCallbackDev (/Users/ravindradave/Documents/Github/focus-flow-extension/node_modules/react-dom/cjs/react-dom.development.js:4213:16)
    at invokeGuardedCallback (/Users/ravindradave/Documents/Github/focus-flow-extension/node_modules/react-dom/cjs/react-dom.development.js:4277:31)
    at reportUncaughtErrorInDEV (/Users/ravindradave/Documents/Github/focus-flow-extension/node_modules/react-dom/cjs/react-dom.development.js:22877:5)
    at captureCommitPhaseError (/Users/ravindradave/Documents/Github/focus-flow-extension/node_modules/react-dom/cjs/react-dom.development.js:27165:5) TypeError: Cannot read properties of undefined (reading 'addListener')
    at /Users/ravindradave/Documents/Github/focus-flow-extension/src/hooks/useTheme.ts:113:30
    at commitHookEffectListMount (/Users/ravindradave/Documents/Github/focus-flow-extension/node_modules/react-dom/cjs/react-dom.development.js:23189:26)
    at commitPassiveMountOnFiber (/Users/ravindradave/Documents/Github/focus-flow-extension/node_modules/react-dom/cjs/react-dom.development.js:24970:11)
    at commitPassiveMountEffects_complete (/Users/ravindradave/Documents/Github/focus-flow-extension/node_modules/react-dom/cjs/react-dom.development.js:24930:9)
    at commitPassiveMountEffects_begin (/Users/ravindradave/Documents/Github/focus-flow-extension/node_modules/react-dom/cjs/react-dom.development.js:24917:7)
    at commitPassiveMountEffects (/Users/ravindradave/Documents/Github/focus-flow-extension/node_modules/react-dom/cjs/react-dom.development.js:24905:3)
    at flushPassiveEffectsImpl (/Users/ravindradave/Documents/Github/focus-flow-extension/node_modules/react-dom/cjs/react-dom.development.js:27078:3)
    at flushPassiveEffects (/Users/ravindradave/Documents/Github/focus-flow-extension/node_modules/react-dom/cjs/react-dom.development.js:27023:14)
    at /Users/ravindradave/Documents/Github/focus-flow-extension/node_modules/react-dom/cjs/react-dom.development.js:26808:9
    at flushActQueue (/Users/ravindradave/Documents/Github/focus-flow-extension/node_modules/react/cjs/react.development.js:2667:24)
The above error occurred in the <App> component:

    at App (/Users/ravindradave/Documents/Github/focus-flow-extension/src/options/App.tsx:14:59)

Consider adding an error boundary to your tree to customize error handling behavior.
Visit https://reactjs.org/link/error-boundaries to learn more about error boundaries.

stderr | tests/unit/options/Dashboard.test.tsx > Dashboard Component > Persistence > should save nuclear mode to storage when toggled
Failed to fetch analytics: TypeError: Cannot read properties of undefined (reading 'sendMessage')
    at /Users/ravindradave/Documents/Github/focus-flow-extension/src/hooks/useAnalytics.ts:50:24
    at /Users/ravindradave/Documents/Github/focus-flow-extension/src/hooks/useAnalytics.ts:85:5
    at commitHookEffectListMount (/Users/ravindradave/Documents/Github/focus-flow-extension/node_modules/react-dom/cjs/react-dom.development.js:23189:26)
    at commitPassiveMountOnFiber (/Users/ravindradave/Documents/Github/focus-flow-extension/node_modules/react-dom/cjs/react-dom.development.js:24970:11)
    at commitPassiveMountEffects_complete (/Users/ravindradave/Documents/Github/focus-flow-extension/node_modules/react-dom/cjs/react-dom.development.js:24930:9)
    at commitPassiveMountEffects_begin (/Users/ravindradave/Documents/Github/focus-flow-extension/node_modules/react-dom/cjs/react-dom.development.js:24917:7)
    at commitPassiveMountEffects (/Users/ravindradave/Documents/Github/focus-flow-extension/node_modules/react-dom/cjs/react-dom.development.js:24905:3)
    at flushPassiveEffectsImpl (/Users/ravindradave/Documents/Github/focus-flow-extension/node_modules/react-dom/cjs/react-dom.development.js:27078:3)
    at flushPassiveEffects (/Users/ravindradave/Documents/Github/focus-flow-extension/node_modules/react-dom/cjs/react-dom.development.js:27023:14)
    at /Users/ravindradave/Documents/Github/focus-flow-extension/node_modules/react-dom/cjs/react-dom.development.js:26808:9
Failed to fetch chart data: TypeError: Cannot read properties of undefined (reading 'sendMessage')
    at fetchChartData (/Users/ravindradave/Documents/Github/focus-flow-extension/src/options/components/AnalyticsDashboard.tsx:57:26)
    at /Users/ravindradave/Documents/Github/focus-flow-extension/src/options/components/AnalyticsDashboard.tsx:92:5
    at commitHookEffectListMount (/Users/ravindradave/Documents/Github/focus-flow-extension/node_modules/react-dom/cjs/react-dom.development.js:23189:26)
    at commitPassiveMountOnFiber (/Users/ravindradave/Documents/Github/focus-flow-extension/node_modules/react-dom/cjs/react-dom.development.js:24970:11)
    at commitPassiveMountEffects_complete (/Users/ravindradave/Documents/Github/focus-flow-extension/node_modules/react-dom/cjs/react-dom.development.js:24930:9)
    at commitPassiveMountEffects_begin (/Users/ravindradave/Documents/Github/focus-flow-extension/node_modules/react-dom/cjs/react-dom.development.js:24917:7)
    at commitPassiveMountEffects (/Users/ravindradave/Documents/Github/focus-flow-extension/node_modules/react-dom/cjs/react-dom.development.js:24905:3)
    at flushPassiveEffectsImpl (/Users/ravindradave/Documents/Github/focus-flow-extension/node_modules/react-dom/cjs/react-dom.development.js:27078:3)
    at flushPassiveEffects (/Users/ravindradave/Documents/Github/focus-flow-extension/node_modules/react-dom/cjs/react-dom.development.js:27023:14)
    at /Users/ravindradave/Documents/Github/focus-flow-extension/node_modules/react-dom/cjs/react-dom.development.js:26808:9
Error: Uncaught [TypeError: Cannot read properties of undefined (reading 'addListener')]
    at reportException (/Users/ravindradave/Documents/Github/focus-flow-extension/node_modules/jsdom/lib/jsdom/living/helpers/runtime-script-errors.js:66:24)
    at innerInvokeEventListeners (/Users/ravindradave/Documents/Github/focus-flow-extension/node_modules/jsdom/lib/jsdom/living/events/EventTarget-impl.js:353:9)
    at invokeEventListeners (/Users/ravindradave/Documents/Github/focus-flow-extension/node_modules/jsdom/lib/jsdom/living/events/EventTarget-impl.js:286:3)
    at HTMLUnknownElementImpl._dispatch (/Users/ravindradave/Documents/Github/focus-flow-extension/node_modules/jsdom/lib/jsdom/living/events/EventTarget-impl.js:233:9)
    at HTMLUnknownElementImpl.dispatchEvent (/Users/ravindradave/Documents/Github/focus-flow-extension/node_modules/jsdom/lib/jsdom/living/events/EventTarget-impl.js:104:17)
    at HTMLUnknownElement.dispatchEvent (/Users/ravindradave/Documents/Github/focus-flow-extension/node_modules/jsdom/lib/jsdom/living/generated/EventTarget.js:241:34)
    at Object.invokeGuardedCallbackDev (/Users/ravindradave/Documents/Github/focus-flow-extension/node_modules/react-dom/cjs/react-dom.development.js:4213:16)
    at invokeGuardedCallback (/Users/ravindradave/Documents/Github/focus-flow-extension/node_modules/react-dom/cjs/react-dom.development.js:4277:31)
    at reportUncaughtErrorInDEV (/Users/ravindradave/Documents/Github/focus-flow-extension/node_modules/react-dom/cjs/react-dom.development.js:22877:5)
    at captureCommitPhaseError (/Users/ravindradave/Documents/Github/focus-flow-extension/node_modules/react-dom/cjs/react-dom.development.js:27165:5) TypeError: Cannot read properties of undefined (reading 'addListener')
    at /Users/ravindradave/Documents/Github/focus-flow-extension/src/hooks/useTheme.ts:113:30
    at commitHookEffectListMount (/Users/ravindradave/Documents/Github/focus-flow-extension/node_modules/react-dom/cjs/react-dom.development.js:23189:26)
    at commitPassiveMountOnFiber (/Users/ravindradave/Documents/Github/focus-flow-extension/node_modules/react-dom/cjs/react-dom.development.js:24970:11)
    at commitPassiveMountEffects_complete (/Users/ravindradave/Documents/Github/focus-flow-extension/node_modules/react-dom/cjs/react-dom.development.js:24930:9)
    at commitPassiveMountEffects_begin (/Users/ravindradave/Documents/Github/focus-flow-extension/node_modules/react-dom/cjs/react-dom.development.js:24917:7)
    at commitPassiveMountEffects (/Users/ravindradave/Documents/Github/focus-flow-extension/node_modules/react-dom/cjs/react-dom.development.js:24905:3)
    at flushPassiveEffectsImpl (/Users/ravindradave/Documents/Github/focus-flow-extension/node_modules/react-dom/cjs/react-dom.development.js:27078:3)
    at flushPassiveEffects (/Users/ravindradave/Documents/Github/focus-flow-extension/node_modules/react-dom/cjs/react-dom.development.js:27023:14)
    at /Users/ravindradave/Documents/Github/focus-flow-extension/node_modules/react-dom/cjs/react-dom.development.js:26808:9
    at flushActQueue (/Users/ravindradave/Documents/Github/focus-flow-extension/node_modules/react/cjs/react.development.js:2667:24)
The above error occurred in the <App> component:

    at App (/Users/ravindradave/Documents/Github/focus-flow-extension/src/options/App.tsx:14:59)

Consider adding an error boundary to your tree to customize error handling behavior.
Visit https://reactjs.org/link/error-boundaries to learn more about error boundaries.

stderr | tests/unit/options/Dashboard.test.tsx > Dashboard Component > Persistence > should save strict blocking to storage when toggled
Failed to fetch analytics: TypeError: Cannot read properties of undefined (reading 'sendMessage')
    at /Users/ravindradave/Documents/Github/focus-flow-extension/src/hooks/useAnalytics.ts:50:24
    at /Users/ravindradave/Documents/Github/focus-flow-extension/src/hooks/useAnalytics.ts:85:5
    at commitHookEffectListMount (/Users/ravindradave/Documents/Github/focus-flow-extension/node_modules/react-dom/cjs/react-dom.development.js:23189:26)
    at commitPassiveMountOnFiber (/Users/ravindradave/Documents/Github/focus-flow-extension/node_modules/react-dom/cjs/react-dom.development.js:24970:11)
    at commitPassiveMountEffects_complete (/Users/ravindradave/Documents/Github/focus-flow-extension/node_modules/react-dom/cjs/react-dom.development.js:24930:9)
    at commitPassiveMountEffects_begin (/Users/ravindradave/Documents/Github/focus-flow-extension/node_modules/react-dom/cjs/react-dom.development.js:24917:7)
    at commitPassiveMountEffects (/Users/ravindradave/Documents/Github/focus-flow-extension/node_modules/react-dom/cjs/react-dom.development.js:24905:3)
    at flushPassiveEffectsImpl (/Users/ravindradave/Documents/Github/focus-flow-extension/node_modules/react-dom/cjs/react-dom.development.js:27078:3)
    at flushPassiveEffects (/Users/ravindradave/Documents/Github/focus-flow-extension/node_modules/react-dom/cjs/react-dom.development.js:27023:14)
    at /Users/ravindradave/Documents/Github/focus-flow-extension/node_modules/react-dom/cjs/react-dom.development.js:26808:9
Failed to fetch chart data: TypeError: Cannot read properties of undefined (reading 'sendMessage')
    at fetchChartData (/Users/ravindradave/Documents/Github/focus-flow-extension/src/options/components/AnalyticsDashboard.tsx:57:26)
    at /Users/ravindradave/Documents/Github/focus-flow-extension/src/options/components/AnalyticsDashboard.tsx:92:5
    at commitHookEffectListMount (/Users/ravindradave/Documents/Github/focus-flow-extension/node_modules/react-dom/cjs/react-dom.development.js:23189:26)
    at commitPassiveMountOnFiber (/Users/ravindradave/Documents/Github/focus-flow-extension/node_modules/react-dom/cjs/react-dom.development.js:24970:11)
    at commitPassiveMountEffects_complete (/Users/ravindradave/Documents/Github/focus-flow-extension/node_modules/react-dom/cjs/react-dom.development.js:24930:9)
    at commitPassiveMountEffects_begin (/Users/ravindradave/Documents/Github/focus-flow-extension/node_modules/react-dom/cjs/react-dom.development.js:24917:7)
    at commitPassiveMountEffects (/Users/ravindradave/Documents/Github/focus-flow-extension/node_modules/react-dom/cjs/react-dom.development.js:24905:3)
    at flushPassiveEffectsImpl (/Users/ravindradave/Documents/Github/focus-flow-extension/node_modules/react-dom/cjs/react-dom.development.js:27078:3)
    at flushPassiveEffects (/Users/ravindradave/Documents/Github/focus-flow-extension/node_modules/react-dom/cjs/react-dom.development.js:27023:14)
    at /Users/ravindradave/Documents/Github/focus-flow-extension/node_modules/react-dom/cjs/react-dom.development.js:26808:9
Error: Uncaught [TypeError: Cannot read properties of undefined (reading 'addListener')]
    at reportException (/Users/ravindradave/Documents/Github/focus-flow-extension/node_modules/jsdom/lib/jsdom/living/helpers/runtime-script-errors.js:66:24)
    at innerInvokeEventListeners (/Users/ravindradave/Documents/Github/focus-flow-extension/node_modules/jsdom/lib/jsdom/living/events/EventTarget-impl.js:353:9)
    at invokeEventListeners (/Users/ravindradave/Documents/Github/focus-flow-extension/node_modules/jsdom/lib/jsdom/living/events/EventTarget-impl.js:286:3)
    at HTMLUnknownElementImpl._dispatch (/Users/ravindradave/Documents/Github/focus-flow-extension/node_modules/jsdom/lib/jsdom/living/events/EventTarget-impl.js:233:9)
    at HTMLUnknownElementImpl.dispatchEvent (/Users/ravindradave/Documents/Github/focus-flow-extension/node_modules/jsdom/lib/jsdom/living/events/EventTarget-impl.js:104:17)
    at HTMLUnknownElement.dispatchEvent (/Users/ravindradave/Documents/Github/focus-flow-extension/node_modules/jsdom/lib/jsdom/living/generated/EventTarget.js:241:34)
    at Object.invokeGuardedCallbackDev (/Users/ravindradave/Documents/Github/focus-flow-extension/node_modules/react-dom/cjs/react-dom.development.js:4213:16)
    at invokeGuardedCallback (/Users/ravindradave/Documents/Github/focus-flow-extension/node_modules/react-dom/cjs/react-dom.development.js:4277:31)
    at reportUncaughtErrorInDEV (/Users/ravindradave/Documents/Github/focus-flow-extension/node_modules/react-dom/cjs/react-dom.development.js:22877:5)
    at captureCommitPhaseError (/Users/ravindradave/Documents/Github/focus-flow-extension/node_modules/react-dom/cjs/react-dom.development.js:27165:5) TypeError: Cannot read properties of undefined (reading 'addListener')
    at /Users/ravindradave/Documents/Github/focus-flow-extension/src/hooks/useTheme.ts:113:30
    at commitHookEffectListMount (/Users/ravindradave/Documents/Github/focus-flow-extension/node_modules/react-dom/cjs/react-dom.development.js:23189:26)
    at commitPassiveMountOnFiber (/Users/ravindradave/Documents/Github/focus-flow-extension/node_modules/react-dom/cjs/react-dom.development.js:24970:11)
    at commitPassiveMountEffects_complete (/Users/ravindradave/Documents/Github/focus-flow-extension/node_modules/react-dom/cjs/react-dom.development.js:24930:9)
    at commitPassiveMountEffects_begin (/Users/ravindradave/Documents/Github/focus-flow-extension/node_modules/react-dom/cjs/react-dom.development.js:24917:7)
    at commitPassiveMountEffects (/Users/ravindradave/Documents/Github/focus-flow-extension/node_modules/react-dom/cjs/react-dom.development.js:24905:3)
    at flushPassiveEffectsImpl (/Users/ravindradave/Documents/Github/focus-flow-extension/node_modules/react-dom/cjs/react-dom.development.js:27078:3)
    at flushPassiveEffects (/Users/ravindradave/Documents/Github/focus-flow-extension/node_modules/react-dom/cjs/react-dom.development.js:27023:14)
    at /Users/ravindradave/Documents/Github/focus-flow-extension/node_modules/react-dom/cjs/react-dom.development.js:26808:9
    at flushActQueue (/Users/ravindradave/Documents/Github/focus-flow-extension/node_modules/react/cjs/react.development.js:2667:24)
The above error occurred in the <App> component:

    at App (/Users/ravindradave/Documents/Github/focus-flow-extension/src/options/App.tsx:14:59)

Consider adding an error boundary to your tree to customize error handling behavior.
Visit https://reactjs.org/link/error-boundaries to learn more about error boundaries.

stderr | tests/unit/options/Dashboard.test.tsx > Dashboard Component > Persistence > should save false value when toggling off
Failed to fetch analytics: TypeError: Cannot read properties of undefined (reading 'sendMessage')
    at /Users/ravindradave/Documents/Github/focus-flow-extension/src/hooks/useAnalytics.ts:50:24
    at /Users/ravindradave/Documents/Github/focus-flow-extension/src/hooks/useAnalytics.ts:85:5
    at commitHookEffectListMount (/Users/ravindradave/Documents/Github/focus-flow-extension/node_modules/react-dom/cjs/react-dom.development.js:23189:26)
    at commitPassiveMountOnFiber (/Users/ravindradave/Documents/Github/focus-flow-extension/node_modules/react-dom/cjs/react-dom.development.js:24970:11)
    at commitPassiveMountEffects_complete (/Users/ravindradave/Documents/Github/focus-flow-extension/node_modules/react-dom/cjs/react-dom.development.js:24930:9)
    at commitPassiveMountEffects_begin (/Users/ravindradave/Documents/Github/focus-flow-extension/node_modules/react-dom/cjs/react-dom.development.js:24917:7)
    at commitPassiveMountEffects (/Users/ravindradave/Documents/Github/focus-flow-extension/node_modules/react-dom/cjs/react-dom.development.js:24905:3)
    at flushPassiveEffectsImpl (/Users/ravindradave/Documents/Github/focus-flow-extension/node_modules/react-dom/cjs/react-dom.development.js:27078:3)
    at flushPassiveEffects (/Users/ravindradave/Documents/Github/focus-flow-extension/node_modules/react-dom/cjs/react-dom.development.js:27023:14)
    at /Users/ravindradave/Documents/Github/focus-flow-extension/node_modules/react-dom/cjs/react-dom.development.js:26808:9
Failed to fetch chart data: TypeError: Cannot read properties of undefined (reading 'sendMessage')
    at fetchChartData (/Users/ravindradave/Documents/Github/focus-flow-extension/src/options/components/AnalyticsDashboard.tsx:57:26)
    at /Users/ravindradave/Documents/Github/focus-flow-extension/src/options/components/AnalyticsDashboard.tsx:92:5
    at commitHookEffectListMount (/Users/ravindradave/Documents/Github/focus-flow-extension/node_modules/react-dom/cjs/react-dom.development.js:23189:26)
    at commitPassiveMountOnFiber (/Users/ravindradave/Documents/Github/focus-flow-extension/node_modules/react-dom/cjs/react-dom.development.js:24970:11)
    at commitPassiveMountEffects_complete (/Users/ravindradave/Documents/Github/focus-flow-extension/node_modules/react-dom/cjs/react-dom.development.js:24930:9)
    at commitPassiveMountEffects_begin (/Users/ravindradave/Documents/Github/focus-flow-extension/node_modules/react-dom/cjs/react-dom.development.js:24917:7)
    at commitPassiveMountEffects (/Users/ravindradave/Documents/Github/focus-flow-extension/node_modules/react-dom/cjs/react-dom.development.js:24905:3)
    at flushPassiveEffectsImpl (/Users/ravindradave/Documents/Github/focus-flow-extension/node_modules/react-dom/cjs/react-dom.development.js:27078:3)
    at flushPassiveEffects (/Users/ravindradave/Documents/Github/focus-flow-extension/node_modules/react-dom/cjs/react-dom.development.js:27023:14)
    at /Users/ravindradave/Documents/Github/focus-flow-extension/node_modules/react-dom/cjs/react-dom.development.js:26808:9
Error: Uncaught [TypeError: Cannot read properties of undefined (reading 'addListener')]
    at reportException (/Users/ravindradave/Documents/Github/focus-flow-extension/node_modules/jsdom/lib/jsdom/living/helpers/runtime-script-errors.js:66:24)
    at innerInvokeEventListeners (/Users/ravindradave/Documents/Github/focus-flow-extension/node_modules/jsdom/lib/jsdom/living/events/EventTarget-impl.js:353:9)
    at invokeEventListeners (/Users/ravindradave/Documents/Github/focus-flow-extension/node_modules/jsdom/lib/jsdom/living/events/EventTarget-impl.js:286:3)
    at HTMLUnknownElementImpl._dispatch (/Users/ravindradave/Documents/Github/focus-flow-extension/node_modules/jsdom/lib/jsdom/living/events/EventTarget-impl.js:233:9)
    at HTMLUnknownElementImpl.dispatchEvent (/Users/ravindradave/Documents/Github/focus-flow-extension/node_modules/jsdom/lib/jsdom/living/events/EventTarget-impl.js:104:17)
    at HTMLUnknownElement.dispatchEvent (/Users/ravindradave/Documents/Github/focus-flow-extension/node_modules/jsdom/lib/jsdom/living/generated/EventTarget.js:241:34)
    at Object.invokeGuardedCallbackDev (/Users/ravindradave/Documents/Github/focus-flow-extension/node_modules/react-dom/cjs/react-dom.development.js:4213:16)
    at invokeGuardedCallback (/Users/ravindradave/Documents/Github/focus-flow-extension/node_modules/react-dom/cjs/react-dom.development.js:4277:31)
    at reportUncaughtErrorInDEV (/Users/ravindradave/Documents/Github/focus-flow-extension/node_modules/react-dom/cjs/react-dom.development.js:22877:5)
    at captureCommitPhaseError (/Users/ravindradave/Documents/Github/focus-flow-extension/node_modules/react-dom/cjs/react-dom.development.js:27165:5) TypeError: Cannot read properties of undefined (reading 'addListener')
    at /Users/ravindradave/Documents/Github/focus-flow-extension/src/hooks/useTheme.ts:113:30
    at commitHookEffectListMount (/Users/ravindradave/Documents/Github/focus-flow-extension/node_modules/react-dom/cjs/react-dom.development.js:23189:26)
    at commitPassiveMountOnFiber (/Users/ravindradave/Documents/Github/focus-flow-extension/node_modules/react-dom/cjs/react-dom.development.js:24970:11)
    at commitPassiveMountEffects_complete (/Users/ravindradave/Documents/Github/focus-flow-extension/node_modules/react-dom/cjs/react-dom.development.js:24930:9)
    at commitPassiveMountEffects_begin (/Users/ravindradave/Documents/Github/focus-flow-extension/node_modules/react-dom/cjs/react-dom.development.js:24917:7)
    at commitPassiveMountEffects (/Users/ravindradave/Documents/Github/focus-flow-extension/node_modules/react-dom/cjs/react-dom.development.js:24905:3)
    at flushPassiveEffectsImpl (/Users/ravindradave/Documents/Github/focus-flow-extension/node_modules/react-dom/cjs/react-dom.development.js:27078:3)
    at flushPassiveEffects (/Users/ravindradave/Documents/Github/focus-flow-extension/node_modules/react-dom/cjs/react-dom.development.js:27023:14)
    at /Users/ravindradave/Documents/Github/focus-flow-extension/node_modules/react-dom/cjs/react-dom.development.js:26808:9
    at flushActQueue (/Users/ravindradave/Documents/Github/focus-flow-extension/node_modules/react/cjs/react.development.js:2667:24)
The above error occurred in the <App> component:

    at App (/Users/ravindradave/Documents/Github/focus-flow-extension/src/options/App.tsx:14:59)

Consider adding an error boundary to your tree to customize error handling behavior.
Visit https://reactjs.org/link/error-boundaries to learn more about error boundaries.

stderr | tests/unit/options/Dashboard.test.tsx > Dashboard Component > Optimistic UI > should update UI immediately before storage save completes
Failed to fetch analytics: TypeError: Cannot read properties of undefined (reading 'sendMessage')
    at /Users/ravindradave/Documents/Github/focus-flow-extension/src/hooks/useAnalytics.ts:50:24
    at /Users/ravindradave/Documents/Github/focus-flow-extension/src/hooks/useAnalytics.ts:85:5
    at commitHookEffectListMount (/Users/ravindradave/Documents/Github/focus-flow-extension/node_modules/react-dom/cjs/react-dom.development.js:23189:26)
    at commitPassiveMountOnFiber (/Users/ravindradave/Documents/Github/focus-flow-extension/node_modules/react-dom/cjs/react-dom.development.js:24970:11)
    at commitPassiveMountEffects_complete (/Users/ravindradave/Documents/Github/focus-flow-extension/node_modules/react-dom/cjs/react-dom.development.js:24930:9)
    at commitPassiveMountEffects_begin (/Users/ravindradave/Documents/Github/focus-flow-extension/node_modules/react-dom/cjs/react-dom.development.js:24917:7)
    at commitPassiveMountEffects (/Users/ravindradave/Documents/Github/focus-flow-extension/node_modules/react-dom/cjs/react-dom.development.js:24905:3)
    at flushPassiveEffectsImpl (/Users/ravindradave/Documents/Github/focus-flow-extension/node_modules/react-dom/cjs/react-dom.development.js:27078:3)
    at flushPassiveEffects (/Users/ravindradave/Documents/Github/focus-flow-extension/node_modules/react-dom/cjs/react-dom.development.js:27023:14)
    at /Users/ravindradave/Documents/Github/focus-flow-extension/node_modules/react-dom/cjs/react-dom.development.js:26808:9
Failed to fetch chart data: TypeError: Cannot read properties of undefined (reading 'sendMessage')
    at fetchChartData (/Users/ravindradave/Documents/Github/focus-flow-extension/src/options/components/AnalyticsDashboard.tsx:57:26)
    at /Users/ravindradave/Documents/Github/focus-flow-extension/src/options/components/AnalyticsDashboard.tsx:92:5
    at commitHookEffectListMount (/Users/ravindradave/Documents/Github/focus-flow-extension/node_modules/react-dom/cjs/react-dom.development.js:23189:26)
    at commitPassiveMountOnFiber (/Users/ravindradave/Documents/Github/focus-flow-extension/node_modules/react-dom/cjs/react-dom.development.js:24970:11)
    at commitPassiveMountEffects_complete (/Users/ravindradave/Documents/Github/focus-flow-extension/node_modules/react-dom/cjs/react-dom.development.js:24930:9)
    at commitPassiveMountEffects_begin (/Users/ravindradave/Documents/Github/focus-flow-extension/node_modules/react-dom/cjs/react-dom.development.js:24917:7)
    at commitPassiveMountEffects (/Users/ravindradave/Documents/Github/focus-flow-extension/node_modules/react-dom/cjs/react-dom.development.js:24905:3)
    at flushPassiveEffectsImpl (/Users/ravindradave/Documents/Github/focus-flow-extension/node_modules/react-dom/cjs/react-dom.development.js:27078:3)
    at flushPassiveEffects (/Users/ravindradave/Documents/Github/focus-flow-extension/node_modules/react-dom/cjs/react-dom.development.js:27023:14)
    at /Users/ravindradave/Documents/Github/focus-flow-extension/node_modules/react-dom/cjs/react-dom.development.js:26808:9
Error: Uncaught [TypeError: Cannot read properties of undefined (reading 'addListener')]
    at reportException (/Users/ravindradave/Documents/Github/focus-flow-extension/node_modules/jsdom/lib/jsdom/living/helpers/runtime-script-errors.js:66:24)
    at innerInvokeEventListeners (/Users/ravindradave/Documents/Github/focus-flow-extension/node_modules/jsdom/lib/jsdom/living/events/EventTarget-impl.js:353:9)
    at invokeEventListeners (/Users/ravindradave/Documents/Github/focus-flow-extension/node_modules/jsdom/lib/jsdom/living/events/EventTarget-impl.js:286:3)
    at HTMLUnknownElementImpl._dispatch (/Users/ravindradave/Documents/Github/focus-flow-extension/node_modules/jsdom/lib/jsdom/living/events/EventTarget-impl.js:233:9)
    at HTMLUnknownElementImpl.dispatchEvent (/Users/ravindradave/Documents/Github/focus-flow-extension/node_modules/jsdom/lib/jsdom/living/events/EventTarget-impl.js:104:17)
    at HTMLUnknownElement.dispatchEvent (/Users/ravindradave/Documents/Github/focus-flow-extension/node_modules/jsdom/lib/jsdom/living/generated/EventTarget.js:241:34)
    at Object.invokeGuardedCallbackDev (/Users/ravindradave/Documents/Github/focus-flow-extension/node_modules/react-dom/cjs/react-dom.development.js:4213:16)
    at invokeGuardedCallback (/Users/ravindradave/Documents/Github/focus-flow-extension/node_modules/react-dom/cjs/react-dom.development.js:4277:31)
    at reportUncaughtErrorInDEV (/Users/ravindradave/Documents/Github/focus-flow-extension/node_modules/react-dom/cjs/react-dom.development.js:22877:5)
    at captureCommitPhaseError (/Users/ravindradave/Documents/Github/focus-flow-extension/node_modules/react-dom/cjs/react-dom.development.js:27165:5) TypeError: Cannot read properties of undefined (reading 'addListener')
    at /Users/ravindradave/Documents/Github/focus-flow-extension/src/hooks/useTheme.ts:113:30
    at commitHookEffectListMount (/Users/ravindradave/Documents/Github/focus-flow-extension/node_modules/react-dom/cjs/react-dom.development.js:23189:26)
    at commitPassiveMountOnFiber (/Users/ravindradave/Documents/Github/focus-flow-extension/node_modules/react-dom/cjs/react-dom.development.js:24970:11)
    at commitPassiveMountEffects_complete (/Users/ravindradave/Documents/Github/focus-flow-extension/node_modules/react-dom/cjs/react-dom.development.js:24930:9)
    at commitPassiveMountEffects_begin (/Users/ravindradave/Documents/Github/focus-flow-extension/node_modules/react-dom/cjs/react-dom.development.js:24917:7)
    at commitPassiveMountEffects (/Users/ravindradave/Documents/Github/focus-flow-extension/node_modules/react-dom/cjs/react-dom.development.js:24905:3)
    at flushPassiveEffectsImpl (/Users/ravindradave/Documents/Github/focus-flow-extension/node_modules/react-dom/cjs/react-dom.development.js:27078:3)
    at flushPassiveEffects (/Users/ravindradave/Documents/Github/focus-flow-extension/node_modules/react-dom/cjs/react-dom.development.js:27023:14)
    at /Users/ravindradave/Documents/Github/focus-flow-extension/node_modules/react-dom/cjs/react-dom.development.js:26808:9
    at flushActQueue (/Users/ravindradave/Documents/Github/focus-flow-extension/node_modules/react/cjs/react.development.js:2667:24)
The above error occurred in the <App> component:

    at App (/Users/ravindradave/Documents/Github/focus-flow-extension/src/options/App.tsx:14:59)

Consider adding an error boundary to your tree to customize error handling behavior.
Visit https://reactjs.org/link/error-boundaries to learn more about error boundaries.

stdout | tests/integration/timer-blocker-integration.test.ts > Timer + Blocker Integration > Work Session Lifecycle > BEHAVIOR: Pausing work session should keep blocking active
✅ Synced 2 block rules
🚫 Blocking enabled
⏱️  Timer started: work (25m)
⏸️  Timer paused

 ✓ tests/unit/components/templates/PopupLayout.test.tsx  (29 tests) 708ms
stdout | tests/integration/timer-blocker-integration.test.ts > Timer + Blocker Integration > Work Session Lifecycle > BEHAVIOR: Resuming paused work session should maintain blocking
✅ Synced 2 block rules
🚫 Blocking enabled
⏱️  Timer started: work (25m)
⏸️  Timer paused
▶️  Timer resumed

stderr | tests/unit/components/atoms/Input.test.tsx > Input > Edge Cases > should handle controlled input
Warning: An update to TestComponent inside a test was not wrapped in act(...).

When testing, code that causes React state updates should be wrapped into act(...):

act(() => {
  /* fire events that update state */
});
/* assert on the output */

This ensures that you're testing the behavior the user would see in the browser. Learn more at https://reactjs.org/link/wrap-tests-with-act
    at TestComponent (/Users/ravindradave/Documents/Github/focus-flow-extension/tests/unit/components/atoms/Input.test.tsx:424:65)

stderr | tests/unit/components/atoms/Input.test.tsx > Input > Edge Cases > should handle controlled input
Warning: An update to TestComponent inside a test was not wrapped in act(...).

When testing, code that causes React state updates should be wrapped into act(...):

act(() => {
  /* fire events that update state */
});
/* assert on the output */

This ensures that you're testing the behavior the user would see in the browser. Learn more at https://reactjs.org/link/wrap-tests-with-act
    at TestComponent (/Users/ravindradave/Documents/Github/focus-flow-extension/tests/unit/components/atoms/Input.test.tsx:424:65)

stderr | tests/unit/components/atoms/Input.test.tsx > Input > Edge Cases > should handle controlled input
Warning: An update to TestComponent inside a test was not wrapped in act(...).

When testing, code that causes React state updates should be wrapped into act(...):

act(() => {
  /* fire events that update state */
});
/* assert on the output */

This ensures that you're testing the behavior the user would see in the browser. Learn more at https://reactjs.org/link/wrap-tests-with-act
    at TestComponent (/Users/ravindradave/Documents/Github/focus-flow-extension/tests/unit/components/atoms/Input.test.tsx:424:65)

stderr | tests/unit/components/atoms/Input.test.tsx > Input > Edge Cases > should handle controlled input
Warning: An update to TestComponent inside a test was not wrapped in act(...).

When testing, code that causes React state updates should be wrapped into act(...):

act(() => {
  /* fire events that update state */
});
/* assert on the output */

This ensures that you're testing the behavior the user would see in the browser. Learn more at https://reactjs.org/link/wrap-tests-with-act
    at TestComponent (/Users/ravindradave/Documents/Github/focus-flow-extension/tests/unit/components/atoms/Input.test.tsx:424:65)

stderr | tests/unit/components/atoms/Input.test.tsx > Input > Edge Cases > should handle controlled input
Warning: An update to TestComponent inside a test was not wrapped in act(...).

When testing, code that causes React state updates should be wrapped into act(...):

act(() => {
  /* fire events that update state */
});
/* assert on the output */

This ensures that you're testing the behavior the user would see in the browser. Learn more at https://reactjs.org/link/wrap-tests-with-act
    at TestComponent (/Users/ravindradave/Documents/Github/focus-flow-extension/tests/unit/components/atoms/Input.test.tsx:424:65)

stderr | tests/unit/components/atoms/Input.test.tsx > Input > Edge Cases > should handle controlled input
Warning: An update to TestComponent inside a test was not wrapped in act(...).

When testing, code that causes React state updates should be wrapped into act(...):

act(() => {
  /* fire events that update state */
});
/* assert on the output */

This ensures that you're testing the behavior the user would see in the browser. Learn more at https://reactjs.org/link/wrap-tests-with-act
    at TestComponent (/Users/ravindradave/Documents/Github/focus-flow-extension/tests/unit/components/atoms/Input.test.tsx:424:65)

stderr | tests/unit/components/atoms/Input.test.tsx > Input > Edge Cases > should handle controlled input
Warning: An update to TestComponent inside a test was not wrapped in act(...).

When testing, code that causes React state updates should be wrapped into act(...):

act(() => {
  /* fire events that update state */
});
/* assert on the output */

This ensures that you're testing the behavior the user would see in the browser. Learn more at https://reactjs.org/link/wrap-tests-with-act
    at TestComponent (/Users/ravindradave/Documents/Github/focus-flow-extension/tests/unit/components/atoms/Input.test.tsx:424:65)

stderr | tests/unit/components/atoms/Input.test.tsx > Input > Edge Cases > should handle controlled input
Warning: An update to TestComponent inside a test was not wrapped in act(...).

When testing, code that causes React state updates should be wrapped into act(...):

act(() => {
  /* fire events that update state */
});
/* assert on the output */

This ensures that you're testing the behavior the user would see in the browser. Learn more at https://reactjs.org/link/wrap-tests-with-act
    at TestComponent (/Users/ravindradave/Documents/Github/focus-flow-extension/tests/unit/components/atoms/Input.test.tsx:424:65)

stderr | tests/unit/components/atoms/Input.test.tsx > Input > Edge Cases > should handle controlled input
Warning: An update to TestComponent inside a test was not wrapped in act(...).

When testing, code that causes React state updates should be wrapped into act(...):

act(() => {
  /* fire events that update state */
});
/* assert on the output */

This ensures that you're testing the behavior the user would see in the browser. Learn more at https://reactjs.org/link/wrap-tests-with-act
    at TestComponent (/Users/ravindradave/Documents/Github/focus-flow-extension/tests/unit/components/atoms/Input.test.tsx:424:65)

stderr | tests/unit/components/atoms/Input.test.tsx > Input > Edge Cases > should handle controlled input
Warning: An update to TestComponent inside a test was not wrapped in act(...).

When testing, code that causes React state updates should be wrapped into act(...):

act(() => {
  /* fire events that update state */
});
/* assert on the output */

This ensures that you're testing the behavior the user would see in the browser. Learn more at https://reactjs.org/link/wrap-tests-with-act
    at TestComponent (/Users/ravindradave/Documents/Github/focus-flow-extension/tests/unit/components/atoms/Input.test.tsx:424:65)

 ✓ tests/unit/components/atoms/Input.test.tsx  (39 tests) 836ms
stdout | tests/integration/timer-blocker-integration.test.ts > Timer + Blocker Integration > Break Session Lifecycle > BEHAVIOR: Starting short break should disable blocking by removing rules
✅ Blocking disabled (break time)
⏱️  Timer started: short-break (5m)

stdout | tests/integration/timer-blocker-integration.test.ts > Timer + Blocker Integration > Break Session Lifecycle > BEHAVIOR: Starting long break should disable blocking
✅ Blocking disabled (break time)
⏱️  Timer started: long-break (15m)

stdout | tests/integration/timer-blocker-integration.test.ts > Timer + Blocker Integration > Break Session Lifecycle > BEHAVIOR: Stopping break session should keep blocking disabled
✅ Blocking disabled (break time)
⏱️  Timer started: short-break (5m)

stderr | tests/unit/services/storage-service.test.ts > StorageService > get() > should throw StorageError for corrupted data
Storage validation failed for key "test": Expected number, received string
Storage validation failed for key "test": Expected number, received string

stdout | tests/unit/background/timer-engine.test.ts > TimerEngine > start > should start a work session
⏱️  Timer started: work (25m)

stdout | tests/unit/background/timer-engine.test.ts > TimerEngine > start > should start a break session
⏱️  Timer started: short-break (5m)

stdout | tests/unit/background/timer-engine.test.ts > TimerEngine > start > should throw error if timer already running
⏱️  Timer started: work (25m)

stdout | tests/unit/background/timer-engine.test.ts > TimerEngine > start > should create alarm with correct interval
⏱️  Timer started: work (25m)

stdout | tests/unit/background/timer-engine.test.ts > TimerEngine > pause / resume > should pause active timer
⏱️  Timer started: work (25m)
⏸️  Timer paused

stdout | tests/unit/background/timer-engine.test.ts > TimerEngine > pause / resume > should resume paused timer
⏱️  Timer started: work (25m)
⏸️  Timer paused
▶️  Timer resumed

stdout | tests/unit/background/timer-engine.test.ts > TimerEngine > stop > should stop timer and mark session as abandoned
⏱️  Timer started: work (25m)
🛑 Timer stopped (abandoned)

stdout | tests/unit/background/timer-engine.test.ts > TimerEngine > tick > should decrement remaining seconds
⏱️  Timer started: work (25m)

stdout | tests/unit/background/timer-engine.test.ts > TimerEngine > tick > should do nothing when paused
⏱️  Timer started: work (25m)
⏸️  Timer paused

stdout | tests/unit/background/timer-engine.test.ts > TimerEngine > getStatus > should return status for active timer
⏱️  Timer started: work (25m)

stdout | tests/unit/background/timer-engine.test.ts > TimerEngine > Badge Updates > should update badge when starting timer
⏱️  Timer started: work (25m)

stdout | tests/unit/background/timer-engine.test.ts > TimerEngine > Badge Updates > should clear badge when idle
⏱️  Timer started: work (1m)
🛑 Timer stopped (abandoned)

stdout | tests/unit/background/timer-engine.test.ts > TimerEngine > Badge Updates > should use green color for breaks
⏱️  Timer started: short-break (5m)

stdout | tests/unit/background/timer-engine.test.ts > TimerEngine > Badge Updates > should use gray color when paused
⏱️  Timer started: work (25m)
⏸️  Timer paused

 ✓ tests/unit/background/timer-engine.test.ts  (20 tests) 44ms
 ✓ tests/unit/services/storage-service.test.ts  (21 tests) 540ms
 ✓ tests/unit/components/atoms/Button.test.tsx  (32 tests) 750ms
stdout | tests/integration/timer-blocker-integration.test.ts > Timer + Blocker Integration > Break Session Lifecycle > BEHAVIOR: Stopping break session should keep blocking disabled
✅ Blocking disabled (break time)
🛑 Timer stopped (abandoned)

 ✓ tests/unit/components/atoms/Badge.test.tsx  (30 tests) 263ms
stdout | tests/integration/timer-blocker-integration.test.ts > Timer + Blocker Integration > Work-Break Transitions > BEHAVIOR: Transitioning from work to break should disable blocking
✅ Synced 2 block rules
🚫 Blocking enabled
⏱️  Timer started: work (25m)

 ✓ tests/unit/popup/components/TimerDisplay.test.tsx  (20 tests) 272ms
stderr | tests/unit/hooks/useTheme.test.ts > useTheme > Error handling > should fallback to default theme if storage fails
Failed to load theme preference: Error: Storage error
    at /Users/ravindradave/Documents/Github/focus-flow-extension/tests/unit/hooks/useTheme.test.ts:164:64
    at file:///Users/ravindradave/Documents/Github/focus-flow-extension/node_modules/@vitest/runner/dist/index.js:135:14
    at file:///Users/ravindradave/Documents/Github/focus-flow-extension/node_modules/@vitest/runner/dist/index.js:60:26
    at runTest (file:///Users/ravindradave/Documents/Github/focus-flow-extension/node_modules/@vitest/runner/dist/index.js:781:17)
    at runSuite (file:///Users/ravindradave/Documents/Github/focus-flow-extension/node_modules/@vitest/runner/dist/index.js:909:15)
    at runSuite (file:///Users/ravindradave/Documents/Github/focus-flow-extension/node_modules/@vitest/runner/dist/index.js:909:15)
    at runSuite (file:///Users/ravindradave/Documents/Github/focus-flow-extension/node_modules/@vitest/runner/dist/index.js:909:15)
    at runFiles (file:///Users/ravindradave/Documents/Github/focus-flow-extension/node_modules/@vitest/runner/dist/index.js:958:5)
    at startTests (file:///Users/ravindradave/Documents/Github/focus-flow-extension/node_modules/@vitest/runner/dist/index.js:967:3)
    at file:///Users/ravindradave/Documents/Github/focus-flow-extension/node_modules/vitest/dist/chunks/runtime-runBaseTests.oAvMKtQC.js:116:7

stderr | tests/unit/hooks/useTheme.test.ts > useTheme > Error handling > should throw error if setTheme fails
Failed to save theme preference: Error: Save failed
    at /Users/ravindradave/Documents/Github/focus-flow-extension/tests/unit/hooks/useTheme.test.ts:183:64
    at runTest (file:///Users/ravindradave/Documents/Github/focus-flow-extension/node_modules/@vitest/runner/dist/index.js:781:11)
    at runSuite (file:///Users/ravindradave/Documents/Github/focus-flow-extension/node_modules/@vitest/runner/dist/index.js:909:15)
    at runSuite (file:///Users/ravindradave/Documents/Github/focus-flow-extension/node_modules/@vitest/runner/dist/index.js:909:15)
    at runSuite (file:///Users/ravindradave/Documents/Github/focus-flow-extension/node_modules/@vitest/runner/dist/index.js:909:15)
    at runFiles (file:///Users/ravindradave/Documents/Github/focus-flow-extension/node_modules/@vitest/runner/dist/index.js:958:5)
    at startTests (file:///Users/ravindradave/Documents/Github/focus-flow-extension/node_modules/@vitest/runner/dist/index.js:967:3)
    at file:///Users/ravindradave/Documents/Github/focus-flow-extension/node_modules/vitest/dist/chunks/runtime-runBaseTests.oAvMKtQC.js:116:7
    at withEnv (file:///Users/ravindradave/Documents/Github/focus-flow-extension/node_modules/vitest/dist/chunks/runtime-runBaseTests.oAvMKtQC.js:83:5)
    at run (file:///Users/ravindradave/Documents/Github/focus-flow-extension/node_modules/vitest/dist/chunks/runtime-runBaseTests.oAvMKtQC.js:105:3)

 ✓ tests/unit/hooks/useTheme.test.ts  (7 tests) 442ms
 ✓ tests/unit/components/atoms/Spinner.test.tsx  (18 tests) 189ms
stdout | tests/integration/timer-blocker-integration.test.ts > Timer + Blocker Integration > Work-Break Transitions > BEHAVIOR: Transitioning from work to break should disable blocking
✅ Blocking disabled (break time)
🛑 Timer stopped (abandoned)
✅ Blocking disabled (break time)
⏱️  Timer started: short-break (5m)

stdout | tests/integration/timer-blocker-integration.test.ts > Timer + Blocker Integration > Work-Break Transitions > BEHAVIOR: Transitioning from break to work should enable blocking
✅ Blocking disabled (break time)
⏱️  Timer started: short-break (5m)

stdout | tests/integration/timer-blocker-integration.test.ts > Timer + Blocker Integration > Work-Break Transitions > BEHAVIOR: Transitioning from break to work should enable blocking
✅ Blocking disabled (break time)
🛑 Timer stopped (abandoned)
✅ Synced 2 block rules
🚫 Blocking enabled
⏱️  Timer started: work (25m)

stdout | tests/integration/timer-blocker-integration.test.ts > Timer + Blocker Integration > Work-Break Transitions > BEHAVIOR: Multiple work-break cycles should correctly toggle blocking
✅ Synced 2 block rules
🚫 Blocking enabled
⏱️  Timer started: work (25m)

stdout | tests/integration/timer-blocker-integration.test.ts > Timer + Blocker Integration > Work-Break Transitions > BEHAVIOR: Multiple work-break cycles should correctly toggle blocking
✅ Blocking disabled (break time)
🛑 Timer stopped (abandoned)
✅ Blocking disabled (break time)
⏱️  Timer started: short-break (5m)

stdout | tests/integration/timer-blocker-integration.test.ts > Timer + Blocker Integration > Work-Break Transitions > BEHAVIOR: Multiple work-break cycles should correctly toggle blocking
✅ Blocking disabled (break time)
🛑 Timer stopped (abandoned)
✅ Synced 2 block rules
🚫 Blocking enabled
⏱️  Timer started: work (25m)

stdout | tests/integration/timer-blocker-integration.test.ts > Timer + Blocker Integration > Work-Break Transitions > BEHAVIOR: Multiple work-break cycles should correctly toggle blocking
✅ Blocking disabled (break time)
🛑 Timer stopped (abandoned)
✅ Blocking disabled (break time)
⏱️  Timer started: short-break (5m)

stdout | tests/integration/timer-blocker-integration.test.ts > Timer + Blocker Integration > Work-Break Transitions > BEHAVIOR: Multiple work-break cycles should correctly toggle blocking
✅ Blocking disabled (break time)
🛑 Timer stopped (abandoned)

stdout | tests/integration/timer-blocker-integration.test.ts > Timer + Blocker Integration > Edge Cases > BEHAVIOR: Starting work after stopping should enable blocking again
✅ Synced 2 block rules
🚫 Blocking enabled
⏱️  Timer started: work (25m)

stdout | tests/integration/timer-blocker-integration.test.ts > Timer + Blocker Integration > Edge Cases > BEHAVIOR: Starting work after stopping should enable blocking again
✅ Blocking disabled (break time)
🛑 Timer stopped (abandoned)
✅ Synced 2 block rules
🚫 Blocking enabled
⏱️  Timer started: work (25m)

stdout | tests/integration/timer-blocker-integration.test.ts > Timer + Blocker Integration > Edge Cases > BEHAVIOR: Rules should be synced correctly even if manually disabled
✅ Synced 2 block rules
🚫 Blocking enabled
⏱️  Timer started: work (25m)
✅ Blocking disabled (break time)

stdout | tests/integration/timer-blocker-integration.test.ts > Timer + Blocker Integration > Edge Cases > BEHAVIOR: Rules should be synced correctly even if manually disabled
✅ Blocking disabled (break time)
🛑 Timer stopped (abandoned)
✅ Synced 2 block rules
🚫 Blocking enabled
⏱️  Timer started: work (25m)

stdout | tests/integration/timer-blocker-integration.test.ts > Timer + Blocker Integration > Real-world Bug Scenarios > BUG FIX: Stopping session must actually remove blocking rules from Chrome
✅ Synced 2 block rules
🚫 Blocking enabled
⏱️  Timer started: work (25m)

stdout | tests/integration/timer-blocker-integration.test.ts > Timer + Blocker Integration > Real-world Bug Scenarios > BUG FIX: Stopping session must actually remove blocking rules from Chrome
✅ Blocking disabled (break time)
🛑 Timer stopped (abandoned)

stdout | tests/integration/timer-blocker-integration.test.ts > Timer + Blocker Integration > Real-world Bug Scenarios > BUG FIX: Break starting must remove rules, not just set flag
✅ Synced 2 block rules
🚫 Blocking enabled
⏱️  Timer started: work (25m)

stdout | tests/integration/timer-blocker-integration.test.ts > Timer + Blocker Integration > Real-world Bug Scenarios > BUG FIX: Break starting must remove rules, not just set flag
✅ Blocking disabled (break time)
🛑 Timer stopped (abandoned)
✅ Blocking disabled (break time)
⏱️  Timer started: short-break (5m)

 ✓ tests/integration/timer-blocker-integration.test.ts  (15 tests) 31865ms

⎯⎯⎯⎯⎯⎯ Failed Tests 60 ⎯⎯⎯⎯⎯⎯⎯

 FAIL  tests/unit/background/index.test.ts > BackgroundServiceWorker > Installation Handling > should handle extension installation
AssertionError: expected "spy" to be called with arguments: [ ObjectContaining{…} ]

Received: 



Number of calls: 0

 ❯ tests/unit/background/index.test.ts:289:47
    287| 
    288|       // Welcome notification should be created
    289|       expect(mockChrome.notifications.create).toHaveBeenCalledWith(
       |                                               ^
    290|         expect.objectContaining({
    291|           type: 'basic',

⎯⎯⎯⎯⎯⎯⎯⎯⎯⎯⎯⎯⎯⎯⎯⎯⎯⎯⎯⎯⎯⎯⎯[1/60]⎯

 FAIL  tests/unit/options/App.test.tsx > Options App > Tab Navigation > should render all 6 tabs in sidebar
 FAIL  tests/unit/options/App.test.tsx > Options App > Tab Navigation > should show Dashboard tab by default
 FAIL  tests/unit/options/App.test.tsx > Options App > Tab Navigation > should switch to Timer Settings tab when clicked
 FAIL  tests/unit/options/App.test.tsx > Options App > Tab Navigation > should switch to Blocking Rules tab when clicked
 FAIL  tests/unit/options/App.test.tsx > Options App > Tab Navigation > should switch to Integrations tab when clicked
 FAIL  tests/unit/options/App.test.tsx > Options App > Tab Navigation > should switch to Gamification tab when clicked
 FAIL  tests/unit/options/App.test.tsx > Options App > Tab Navigation > should switch to Data & Config tab when clicked
 FAIL  tests/unit/options/App.test.tsx > Options App > Tab Navigation > should highlight active tab with accent color
 FAIL  tests/unit/options/App.test.tsx > Options App > Mobile Responsive Sidebar > should have hamburger menu button on mobile
 FAIL  tests/unit/options/App.test.tsx > Options App > Mobile Responsive Sidebar > should open sidebar when hamburger is clicked
 FAIL  tests/unit/options/App.test.tsx > Options App > Mobile Responsive Sidebar > should close sidebar when backdrop is clicked
 FAIL  tests/unit/options/App.test.tsx > Options App > Mobile Responsive Sidebar > should close sidebar when tab is selected on mobile
 FAIL  tests/unit/options/App.test.tsx > Options App > Dashboard Toggles > should load nuclear mode toggle state from storage
 FAIL  tests/unit/options/App.test.tsx > Options App > Dashboard Toggles > should load strict blocking toggle state from storage
 FAIL  tests/unit/options/App.test.tsx > Options App > Dashboard Toggles > should save nuclear mode toggle to storage when clicked
 FAIL  tests/unit/options/App.test.tsx > Options App > Dashboard Toggles > should save strict blocking toggle to storage when clicked
 FAIL  tests/unit/options/App.test.tsx > Options App > Dashboard Toggles > should update toggle UI optimistically
 FAIL  tests/unit/options/App.test.tsx > Options App > Dashboard Toggles > should disable toggles while loading
 FAIL  tests/unit/options/App.test.tsx > Options App > Theme Selector > should render all 3 theme options
 FAIL  tests/unit/options/App.test.tsx > Options App > Theme Selector > should highlight current theme
 FAIL  tests/unit/options/App.test.tsx > Options App > Theme Selector > should change theme when theme card is clicked
 FAIL  tests/unit/options/App.test.tsx > Options App > Sound Settings > should load sound settings from storage
 FAIL  tests/unit/options/App.test.tsx > Options App > Sound Settings > should save sound enabled toggle to storage
 FAIL  tests/unit/options/App.test.tsx > Options App > Sound Settings > should save volume changes to storage
 FAIL  tests/unit/options/App.test.tsx > Options App > Sound Settings > should disable volume slider when sound is off
 FAIL  tests/unit/options/App.test.tsx > Options App > Send Feedback Link > should render Send Feedback button in footer
 FAIL  tests/unit/options/App.test.tsx > Options App > Send Feedback Link > should open GitHub issues when clicked
 FAIL  tests/unit/options/App.test.tsx > Options App > Accessibility > should have proper heading hierarchy
 FAIL  tests/unit/options/App.test.tsx > Options App > Accessibility > should support keyboard navigation for tabs
 FAIL  tests/unit/options/App.test.tsx > Options App > Accessibility > should have aria-selected for active tab
 FAIL  tests/unit/options/App.test.tsx > Options App > Accessibility > should have aria-pressed for toggle buttons
 FAIL  tests/unit/options/App.test.tsx > Options App > Accessibility > should have proper focus rings on interactive elements
 FAIL  tests/unit/options/Dashboard.test.tsx > Dashboard Component > Stats Display > should render focus score stat
 FAIL  tests/unit/options/Dashboard.test.tsx > Dashboard Component > Stats Display > should render today's focus time
 FAIL  tests/unit/options/Dashboard.test.tsx > Dashboard Component > Stats Display > should render distractions blocked count
 FAIL  tests/unit/options/Dashboard.test.tsx > Dashboard Component > Stats Display > should display stats in card format with proper styling
 FAIL  tests/unit/options/Dashboard.test.tsx > Dashboard Component > Quick Toggles Section > should render quick toggles heading
 FAIL  tests/unit/options/Dashboard.test.tsx > Dashboard Component > Quick Toggles Section > should render nuclear mode toggle
 FAIL  tests/unit/options/Dashboard.test.tsx > Dashboard Component > Quick Toggles Section > should render strict blocking toggle
 FAIL  tests/unit/options/Dashboard.test.tsx > Dashboard Component > Toggle State Management > should load nuclear mode state from storage on mount
 FAIL  tests/unit/options/Dashboard.test.tsx > Dashboard Component > Toggle State Management > should load strict blocking state from storage on mount
 FAIL  tests/unit/options/Dashboard.test.tsx > Dashboard Component > Toggle State Management > should default to false when no stored value exists
 FAIL  tests/unit/options/Dashboard.test.tsx > Dashboard Component > Toggle Interactions > should toggle nuclear mode on click
 FAIL  tests/unit/options/Dashboard.test.tsx > Dashboard Component > Toggle Interactions > should toggle strict blocking on click
 FAIL  tests/unit/options/Dashboard.test.tsx > Dashboard Component > Toggle Interactions > should toggle off when clicked again
 FAIL  tests/unit/options/Dashboard.test.tsx > Dashboard Component > Persistence > should save nuclear mode to storage when toggled
 FAIL  tests/unit/options/Dashboard.test.tsx > Dashboard Component > Persistence > should save strict blocking to storage when toggled
 FAIL  tests/unit/options/Dashboard.test.tsx > Dashboard Component > Persistence > should save false value when toggling off
 FAIL  tests/unit/options/Dashboard.test.tsx > Dashboard Component > Optimistic UI > should update UI immediately before storage save completes
 FAIL  tests/unit/options/Dashboard.test.tsx > Dashboard Component > Optimistic UI > should revert UI if storage save fails
 FAIL  tests/unit/options/Dashboard.test.tsx > Dashboard Component > Loading State > should disable toggles while loading state
 FAIL  tests/unit/options/Dashboard.test.tsx > Dashboard Component > Loading State > should enable toggles after loading completes
 FAIL  tests/unit/options/Dashboard.test.tsx > Dashboard Component > Loading State > should show disabled cursor style when loading
 FAIL  tests/unit/options/Dashboard.test.tsx > Dashboard Component > Accessibility > should have proper aria-pressed attribute
 FAIL  tests/unit/options/Dashboard.test.tsx > Dashboard Component > Accessibility > should have descriptive aria-label
 FAIL  tests/unit/options/Dashboard.test.tsx > Dashboard Component > Accessibility > should have visible focus rings
 FAIL  tests/unit/options/Dashboard.test.tsx > Dashboard Component > Accessibility > should be keyboard accessible
 FAIL  tests/unit/options/Dashboard.test.tsx > Dashboard Component > Activity Chart > should render activity chart section
 FAIL  tests/unit/options/Dashboard.test.tsx > Dashboard Component > Activity Chart > should display analytics dashboard component
TypeError: Cannot read properties of undefined (reading 'addListener')
 ❯ src/hooks/useTheme.ts:113:30
    111|     }
    112| 
    113|     chrome.storage.onChanged.addListener(handleStorageChange);
       |                              ^
    114|     return () => chrome.storage.onChanged.removeListener(handleStorage…
    115|   }, [theme]);
 ❯ commitHookEffectListMount node_modules/react-dom/cjs/react-dom.development.js:23189:26
 ❯ commitPassiveMountOnFiber node_modules/react-dom/cjs/react-dom.development.js:24970:11
 ❯ commitPassiveMountEffects_complete node_modules/react-dom/cjs/react-dom.development.js:24930:9
 ❯ commitPassiveMountEffects_begin node_modules/react-dom/cjs/react-dom.development.js:24917:7
 ❯ commitPassiveMountEffects node_modules/react-dom/cjs/react-dom.development.js:24905:3
 ❯ flushPassiveEffectsImpl node_modules/react-dom/cjs/react-dom.development.js:27078:3
 ❯ flushPassiveEffects node_modules/react-dom/cjs/react-dom.development.js:27023:14
 ❯ node_modules/react-dom/cjs/react-dom.development.js:26808:9
 ❯ flushActQueue node_modules/react/cjs/react.development.js:2667:24

⎯⎯⎯⎯⎯⎯⎯⎯⎯⎯⎯⎯⎯⎯⎯⎯⎯⎯⎯⎯⎯⎯⎯[2/60]⎯

 Test Files  3 failed | 22 passed (25)
      Tests  60 failed | 544 passed (604)
   Start at  21:48:19
   Duration  36.86s (transform 2.61s, setup 26.08s, collect 8.05s, tests 43.67s, environment 40.68s, prepare 5.22s)

